<?xml version="1.0"?>
<link_info>
   <banner>MSP430 Linker PC v4.4.3</banner>
   <copyright>Copyright (c) 2003-2015 Texas Instruments Incorporated</copyright>
   <link_time>0x56fc2dee</link_time>
   <link_errors>0x0</link_errors>
   <output_file>ESD_Project.out</output_file>
   <entry_point>
      <name>_c_int00_noargs_noexit</name>
      <address>0xf384</address>
   </entry_point>
   <input_file_list>
      <input_file id="fl-2">
         <path>.\Libraries\</path>
         <kind>object</kind>
         <file>CTS_HAL.obj</file>
         <name>CTS_HAL.obj</name>
      </input_file>
      <input_file id="fl-3">
         <path>.\Libraries\</path>
         <kind>object</kind>
         <file>CTS_Layer.obj</file>
         <name>CTS_Layer.obj</name>
      </input_file>
      <input_file id="fl-4">
         <path>.\Libraries\</path>
         <kind>object</kind>
         <file>structure.obj</file>
         <name>structure.obj</name>
      </input_file>
      <input_file id="fl-5">
         <path>.\Libraries\</path>
         <kind>object</kind>
         <file>uart.obj</file>
         <name>uart.obj</name>
      </input_file>
      <input_file id="fl-6">
         <path>.\Application\</path>
         <kind>object</kind>
         <file>Smart_Lighting_System_main.obj</file>
         <name>Smart_Lighting_System_main.obj</name>
      </input_file>
      <input_file id="fl-35">
         <path>C:\ti\ccsv6\tools\compiler\ti-cgt-msp430_4.4.3\lib\</path>
         <kind>archive</kind>
         <file>rts430_eabi.lib</file>
         <name>asr16.obj</name>
      </input_file>
      <input_file id="fl-36">
         <path>C:\ti\ccsv6\tools\compiler\ti-cgt-msp430_4.4.3\lib\</path>
         <kind>archive</kind>
         <file>rts430_eabi.lib</file>
         <name>boot.obj</name>
      </input_file>
      <input_file id="fl-37">
         <path>C:\ti\ccsv6\tools\compiler\ti-cgt-msp430_4.4.3\lib\</path>
         <kind>archive</kind>
         <file>rts430_eabi.lib</file>
         <name>boot_special.obj</name>
      </input_file>
      <input_file id="fl-38">
         <path>C:\ti\ccsv6\tools\compiler\ti-cgt-msp430_4.4.3\lib\</path>
         <kind>archive</kind>
         <file>rts430_eabi.lib</file>
         <name>copy_decompress_none.obj</name>
      </input_file>
      <input_file id="fl-39">
         <path>C:\ti\ccsv6\tools\compiler\ti-cgt-msp430_4.4.3\lib\</path>
         <kind>archive</kind>
         <file>rts430_eabi.lib</file>
         <name>copy_decompress_rle.obj</name>
      </input_file>
      <input_file id="fl-3a">
         <path>C:\ti\ccsv6\tools\compiler\ti-cgt-msp430_4.4.3\lib\</path>
         <kind>archive</kind>
         <file>rts430_eabi.lib</file>
         <name>copy_zero_init.obj</name>
      </input_file>
      <input_file id="fl-3b">
         <path>C:\ti\ccsv6\tools\compiler\ti-cgt-msp430_4.4.3\lib\</path>
         <kind>archive</kind>
         <file>rts430_eabi.lib</file>
         <name>div16s.obj</name>
      </input_file>
      <input_file id="fl-3c">
         <path>C:\ti\ccsv6\tools\compiler\ti-cgt-msp430_4.4.3\lib\</path>
         <kind>archive</kind>
         <file>rts430_eabi.lib</file>
         <name>div16u.obj</name>
      </input_file>
      <input_file id="fl-3d">
         <path>C:\ti\ccsv6\tools\compiler\ti-cgt-msp430_4.4.3\lib\</path>
         <kind>archive</kind>
         <file>rts430_eabi.lib</file>
         <name>epilog.obj</name>
      </input_file>
      <input_file id="fl-3e">
         <path>C:\ti\ccsv6\tools\compiler\ti-cgt-msp430_4.4.3\lib\</path>
         <kind>archive</kind>
         <file>rts430_eabi.lib</file>
         <name>exit.obj</name>
      </input_file>
      <input_file id="fl-3f">
         <path>C:\ti\ccsv6\tools\compiler\ti-cgt-msp430_4.4.3\lib\</path>
         <kind>archive</kind>
         <file>rts430_eabi.lib</file>
         <name>int02.obj</name>
      </input_file>
      <input_file id="fl-40">
         <path>C:\ti\ccsv6\tools\compiler\ti-cgt-msp430_4.4.3\lib\</path>
         <kind>archive</kind>
         <file>rts430_eabi.lib</file>
         <name>int04.obj</name>
      </input_file>
      <input_file id="fl-41">
         <path>C:\ti\ccsv6\tools\compiler\ti-cgt-msp430_4.4.3\lib\</path>
         <kind>archive</kind>
         <file>rts430_eabi.lib</file>
         <name>int05.obj</name>
      </input_file>
      <input_file id="fl-42">
         <path>C:\ti\ccsv6\tools\compiler\ti-cgt-msp430_4.4.3\lib\</path>
         <kind>archive</kind>
         <file>rts430_eabi.lib</file>
         <name>int11.obj</name>
      </input_file>
      <input_file id="fl-43">
         <path>C:\ti\ccsv6\tools\compiler\ti-cgt-msp430_4.4.3\lib\</path>
         <kind>archive</kind>
         <file>rts430_eabi.lib</file>
         <name>int14.obj</name>
      </input_file>
      <input_file id="fl-44">
         <path>C:\ti\ccsv6\tools\compiler\ti-cgt-msp430_4.4.3\lib\</path>
         <kind>archive</kind>
         <file>rts430_eabi.lib</file>
         <name>isr_trap.obj</name>
      </input_file>
      <input_file id="fl-45">
         <path>C:\ti\ccsv6\tools\compiler\ti-cgt-msp430_4.4.3\lib\</path>
         <kind>archive</kind>
         <file>rts430_eabi.lib</file>
         <name>lsl16.obj</name>
      </input_file>
      <input_file id="fl-46">
         <path>C:\ti\ccsv6\tools\compiler\ti-cgt-msp430_4.4.3\lib\</path>
         <kind>archive</kind>
         <file>rts430_eabi.lib</file>
         <name>lsr16.obj</name>
      </input_file>
      <input_file id="fl-47">
         <path>C:\ti\ccsv6\tools\compiler\ti-cgt-msp430_4.4.3\lib\</path>
         <kind>archive</kind>
         <file>rts430_eabi.lib</file>
         <name>memcpy.obj</name>
      </input_file>
      <input_file id="fl-48">
         <path>C:\ti\ccsv6\tools\compiler\ti-cgt-msp430_4.4.3\lib\</path>
         <kind>archive</kind>
         <file>rts430_eabi.lib</file>
         <name>memset.obj</name>
      </input_file>
      <input_file id="fl-49">
         <path>C:\ti\ccsv6\tools\compiler\ti-cgt-msp430_4.4.3\lib\</path>
         <kind>archive</kind>
         <file>rts430_eabi.lib</file>
         <name>mpu_init.obj</name>
      </input_file>
      <input_file id="fl-4a">
         <path>C:\ti\ccsv6\tools\compiler\ti-cgt-msp430_4.4.3\lib\</path>
         <kind>archive</kind>
         <file>rts430_eabi.lib</file>
         <name>mult16.obj</name>
      </input_file>
      <input_file id="fl-4b">
         <path>C:\ti\ccsv6\tools\compiler\ti-cgt-msp430_4.4.3\lib\</path>
         <kind>archive</kind>
         <file>rts430_eabi.lib</file>
         <name>pre_init.obj</name>
      </input_file>
      <input_file id="fl-4c">
         <path>C:\ti\ccsv6\tools\compiler\ti-cgt-msp430_4.4.3\lib\</path>
         <kind>archive</kind>
         <file>rts430_eabi.lib</file>
         <name>sprintf.obj</name>
      </input_file>
      <input_file id="fl-4d">
         <path>C:\ti\ccsv6\tools\compiler\ti-cgt-msp430_4.4.3\lib\</path>
         <kind>archive</kind>
         <file>rts430_eabi.lib</file>
         <name>_lock.obj</name>
      </input_file>
      <input_file id="fl-4e">
         <path>C:\ti\ccsv6\tools\compiler\ti-cgt-msp430_4.4.3\lib\</path>
         <kind>archive</kind>
         <file>rts430_eabi.lib</file>
         <name>_printfi_min.obj</name>
      </input_file>
      <input_file id="fl-4f">
         <path>C:\ti\ccsv6\tools\compiler\ti-cgt-msp430_4.4.3\lib\</path>
         <kind>archive</kind>
         <file>rts430_eabi.lib</file>
         <name>args_main.obj</name>
      </input_file>
      <input_file id="fl-50">
         <path>C:\ti\ccsv6\tools\compiler\ti-cgt-msp430_4.4.3\lib\</path>
         <kind>archive</kind>
         <file>rts430_eabi.lib</file>
         <name>autoinit.obj</name>
      </input_file>
      <input_file id="fl-51">
         <path>C:\ti\ccsv6\tools\compiler\ti-cgt-msp430_4.4.3\lib\</path>
         <kind>archive</kind>
         <file>rts430_eabi.lib</file>
         <name>memccpy.obj</name>
      </input_file>
      <input_file id="fl-52">
         <path>C:\ti\ccsv6\tools\compiler\ti-cgt-msp430_4.4.3\lib\</path>
         <kind>archive</kind>
         <file>rts430_eabi.lib</file>
         <name>strlen.obj</name>
      </input_file>
   </input_file_list>
   <object_component_list>
      <object_component id="oc-19e">
         <name>.common:baseCnt</name>
         <uninitialized>true</uninitialized>
         <run_address>0x200</run_address>
         <size>0xc</size>
      </object_component>
      <object_component id="oc-1a8">
         <name>.common:measCnt</name>
         <uninitialized>true</uninitialized>
         <run_address>0x20c</run_address>
         <size>0x8</size>
      </object_component>
      <object_component id="oc-120">
         <name>.common:txData</name>
         <uninitialized>true</uninitialized>
         <run_address>0x21a</run_address>
         <size>0x2</size>
      </object_component>
      <object_component id="oc-2ce">
         <name>.common:i</name>
         <uninitialized>true</uninitialized>
         <run_address>0x216</run_address>
         <size>0x2</size>
      </object_component>
      <object_component id="oc-2cd">
         <name>.common:j</name>
         <uninitialized>true</uninitialized>
         <run_address>0x218</run_address>
         <size>0x2</size>
      </object_component>
      <object_component id="oc-1eb">
         <name>.common:deltaCnts</name>
         <uninitialized>true</uninitialized>
         <run_address>0x214</run_address>
         <size>0x2</size>
      </object_component>
      <object_component id="oc-84">
         <name>.stack</name>
         <uninitialized>true</uninitialized>
         <run_address>0x2b0</run_address>
         <size>0x2</size>
         <input_file_ref idref="fl-36"/>
      </object_component>
      <object_component id="oc-33c">
         <name>.stack</name>
         <uninitialized>true</uninitialized>
         <run_address>0x2b0</run_address>
         <size>0x0</size>
      </object_component>
      <object_component id="oc-1ec">
         <name>.text:TI_CAPT_Custom</name>
         <load_address>0xe000</load_address>
         <run_address>0xe000</run_address>
         <size>0x3a6</size>
         <input_file_ref idref="fl-3"/>
      </object_component>
      <object_component id="oc-150">
         <name>.text:CapTouchActiveMode</name>
         <load_address>0xe3a6</load_address>
         <run_address>0xe3a6</run_address>
         <size>0x224</size>
         <input_file_ref idref="fl-6"/>
      </object_component>
      <object_component id="oc-1bc">
         <name>.text:TI_CAPT_Wheel</name>
         <load_address>0xe5ca</load_address>
         <run_address>0xe5ca</run_address>
         <size>0x1c2</size>
         <input_file_ref idref="fl-3"/>
      </object_component>
      <object_component id="oc-210">
         <name>.text:TI_CTS_RO_PINOSC_TA0_WDTp_HAL</name>
         <load_address>0xe78c</load_address>
         <run_address>0xe78c</run_address>
         <size>0x12a</size>
         <input_file_ref idref="fl-2"/>
      </object_component>
      <object_component id="oc-2ae">
         <name>.text:_setfield</name>
         <load_address>0xe8b6</load_address>
         <run_address>0xe8b6</run_address>
         <size>0x116</size>
         <input_file_ref idref="fl-4e"/>
      </object_component>
      <object_component id="oc-23a">
         <name>.text:Dominant_Element</name>
         <load_address>0xe9cc</load_address>
         <run_address>0xe9cc</run_address>
         <size>0xce</size>
         <input_file_ref idref="fl-3"/>
      </object_component>
      <object_component id="oc-289">
         <name>.text:__TI_printfi_minimal</name>
         <load_address>0xea9a</load_address>
         <run_address>0xea9a</run_address>
         <size>0xca</size>
         <input_file_ref idref="fl-4e"/>
      </object_component>
      <object_component id="oc-156">
         <name>.text:CapTouchIdleMode</name>
         <load_address>0xeb64</load_address>
         <run_address>0xeb64</run_address>
         <size>0xb6</size>
         <input_file_ref idref="fl-6"/>
      </object_component>
      <object_component id="oc-e6">
         <name>.text:main</name>
         <load_address>0xec1a</load_address>
         <run_address>0xec1a</run_address>
         <size>0x88</size>
         <input_file_ref idref="fl-6"/>
      </object_component>
      <object_component id="oc-1df">
         <name>.text:GetGesture</name>
         <load_address>0xeca2</load_address>
         <run_address>0xeca2</run_address>
         <size>0x72</size>
         <input_file_ref idref="fl-6"/>
      </object_component>
      <object_component id="oc-95">
         <name>.text:__TI_decompress_rle_core</name>
         <load_address>0xed14</load_address>
         <run_address>0xed14</run_address>
         <size>0x64</size>
         <input_file_ref idref="fl-39"/>
      </object_component>
      <object_component id="oc-14a">
         <name>.text:TI_CAPT_Update_Baseline</name>
         <load_address>0xed78</load_address>
         <run_address>0xed78</run_address>
         <size>0x62</size>
         <input_file_ref idref="fl-3"/>
      </object_component>
      <object_component id="oc-13b">
         <name>.text:InitLaunchPadCore</name>
         <load_address>0xedda</load_address>
         <run_address>0xedda</run_address>
         <size>0x5a</size>
         <input_file_ref idref="fl-6"/>
      </object_component>
      <object_component id="oc-cc">
         <name>.text:_auto_init</name>
         <load_address>0xee34</load_address>
         <run_address>0xee34</run_address>
         <size>0x58</size>
         <input_file_ref idref="fl-50"/>
      </object_component>
      <object_component id="oc-2eb">
         <name>.text:_ltostr</name>
         <load_address>0xee8c</load_address>
         <run_address>0xee8c</run_address>
         <size>0x56</size>
         <input_file_ref idref="fl-4e"/>
      </object_component>
      <object_component id="oc-2d3">
         <name>.text:_pproc_diouxp</name>
         <load_address>0xeee2</load_address>
         <run_address>0xeee2</run_address>
         <size>0x4e</size>
         <input_file_ref idref="fl-4e"/>
      </object_component>
      <object_component id="oc-264">
         <name>.text</name>
         <load_address>0xef30</load_address>
         <run_address>0xef30</run_address>
         <size>0x4c</size>
         <input_file_ref idref="fl-46"/>
      </object_component>
      <object_component id="oc-b3">
         <name>.text:Timer_A0_ISR</name>
         <load_address>0xef7c</load_address>
         <run_address>0xef7c</run_address>
         <size>0x4a</size>
         <input_file_ref idref="fl-5"/>
      </object_component>
      <object_component id="oc-2b4">
         <name>.text:_pproc_str</name>
         <load_address>0xefc6</load_address>
         <run_address>0xefc6</run_address>
         <size>0x48</size>
         <input_file_ref idref="fl-4e"/>
      </object_component>
      <object_component id="oc-1f2">
         <name>.text:lcd_init</name>
         <load_address>0xf00e</load_address>
         <run_address>0xf00e</run_address>
         <size>0x44</size>
         <input_file_ref idref="fl-6"/>
      </object_component>
      <object_component id="oc-1b6">
         <name>.text:SendData</name>
         <load_address>0xf052</load_address>
         <run_address>0xf052</run_address>
         <size>0x42</size>
         <input_file_ref idref="fl-6"/>
      </object_component>
      <object_component id="oc-1c8">
         <name>.text:send_command</name>
         <load_address>0xf094</load_address>
         <run_address>0xf094</run_address>
         <size>0x42</size>
         <input_file_ref idref="fl-6"/>
      </object_component>
      <object_component id="oc-259">
         <name>.text:send_data</name>
         <load_address>0xf0d6</load_address>
         <run_address>0xf0d6</run_address>
         <size>0x42</size>
         <input_file_ref idref="fl-6"/>
      </object_component>
      <object_component id="oc-15c">
         <name>.text:MeasureCapBaseLine</name>
         <load_address>0xf118</load_address>
         <run_address>0xf118</run_address>
         <size>0x38</size>
         <input_file_ref idref="fl-6"/>
      </object_component>
      <object_component id="oc-217">
         <name>.text:TimerA_UART_init</name>
         <load_address>0xf150</load_address>
         <run_address>0xf150</run_address>
         <size>0x38</size>
         <input_file_ref idref="fl-5"/>
      </object_component>
      <object_component id="oc-230">
         <name>.text:sprintf</name>
         <load_address>0xf188</load_address>
         <run_address>0xf188</run_address>
         <size>0x38</size>
         <input_file_ref idref="fl-4c"/>
      </object_component>
      <object_component id="oc-2e5">
         <name>.text:_getarg_diouxp</name>
         <load_address>0xf1c0</load_address>
         <run_address>0xf1c0</run_address>
         <size>0x2e</size>
         <input_file_ref idref="fl-4e"/>
      </object_component>
      <object_component id="oc-297">
         <name>.text:delay</name>
         <load_address>0xf1ee</load_address>
         <run_address>0xf1ee</run_address>
         <size>0x2e</size>
         <input_file_ref idref="fl-6"/>
      </object_component>
      <object_component id="oc-273">
         <name>.text:TimerA_UART_tx</name>
         <load_address>0xf21c</load_address>
         <run_address>0xf21c</run_address>
         <size>0x2c</size>
         <input_file_ref idref="fl-5"/>
      </object_component>
      <object_component id="oc-24d">
         <name>.text</name>
         <load_address>0xf248</load_address>
         <run_address>0xf248</run_address>
         <size>0x2c</size>
         <input_file_ref idref="fl-35"/>
      </object_component>
      <object_component id="oc-1da">
         <name>.text</name>
         <load_address>0xf274</load_address>
         <run_address>0xf274</run_address>
         <size>0x2c</size>
         <input_file_ref idref="fl-3b"/>
      </object_component>
      <object_component id="oc-269">
         <name>.text</name>
         <load_address>0xf2a0</load_address>
         <run_address>0xf2a0</run_address>
         <size>0x2c</size>
         <input_file_ref idref="fl-45"/>
      </object_component>
      <object_component id="oc-1d4">
         <name>.text:send_number</name>
         <load_address>0xf2cc</load_address>
         <run_address>0xf2cc</run_address>
         <size>0x24</size>
         <input_file_ref idref="fl-6"/>
      </object_component>
      <object_component id="oc-a7">
         <name>.text:Port_2</name>
         <load_address>0xf2f0</load_address>
         <run_address>0xf2f0</run_address>
         <size>0x20</size>
         <input_file_ref idref="fl-6"/>
      </object_component>
      <object_component id="oc-ad">
         <name>.text:TA2_ISR</name>
         <load_address>0xf310</load_address>
         <run_address>0xf310</run_address>
         <size>0x20</size>
         <input_file_ref idref="fl-6"/>
      </object_component>
      <object_component id="oc-162">
         <name>.text:fadeLight</name>
         <load_address>0xf330</load_address>
         <run_address>0xf330</run_address>
         <size>0x1e</size>
         <input_file_ref idref="fl-6"/>
      </object_component>
      <object_component id="oc-223">
         <name>.text:TimerA_UART_shutdown</name>
         <load_address>0xf34e</load_address>
         <run_address>0xf34e</run_address>
         <size>0x1c</size>
         <input_file_ref idref="fl-5"/>
      </object_component>
      <object_component id="oc-1c2">
         <name>.text:TI_CAPT_Button</name>
         <load_address>0xf36a</load_address>
         <run_address>0xf36a</run_address>
         <size>0x1a</size>
         <input_file_ref idref="fl-3"/>
      </object_component>
      <object_component id="oc-60">
         <name>.text:_c_int00_noargs_noexit</name>
         <load_address>0xf384</load_address>
         <run_address>0xf384</run_address>
         <size>0x1a</size>
         <input_file_ref idref="fl-37"/>
      </object_component>
      <object_component id="oc-27d">
         <name>.text:_outs</name>
         <load_address>0xf39e</load_address>
         <run_address>0xf39e</run_address>
         <size>0x1a</size>
         <input_file_ref idref="fl-4c"/>
      </object_component>
      <object_component id="oc-2d9">
         <name>.text:memccpy</name>
         <load_address>0xf3b8</load_address>
         <run_address>0xf3b8</run_address>
         <size>0x1a</size>
         <input_file_ref idref="fl-51"/>
      </object_component>
      <object_component id="oc-2fa">
         <name>.text:_div</name>
         <load_address>0xf3d2</load_address>
         <run_address>0xf3d2</run_address>
         <size>0x18</size>
         <input_file_ref idref="fl-4e"/>
      </object_component>
      <object_component id="oc-1b0">
         <name>.text:myprint</name>
         <load_address>0xf3ea</load_address>
         <run_address>0xf3ea</run_address>
         <size>0x16</size>
         <input_file_ref idref="fl-6"/>
      </object_component>
      <object_component id="oc-240">
         <name>.text</name>
         <load_address>0xf400</load_address>
         <run_address>0xf400</run_address>
         <size>0x16</size>
         <input_file_ref idref="fl-3c"/>
      </object_component>
      <object_component id="oc-252">
         <name>.text:data_write</name>
         <load_address>0xf416</load_address>
         <run_address>0xf416</run_address>
         <size>0x14</size>
         <input_file_ref idref="fl-6"/>
      </object_component>
      <object_component id="oc-42">
         <name>.text:decompress:ZI:__TI_zero_init</name>
         <load_address>0xf42a</load_address>
         <run_address>0xf42a</run_address>
         <size>0x14</size>
         <input_file_ref idref="fl-3a"/>
      </object_component>
      <object_component id="oc-22a">
         <name>.text:memset</name>
         <load_address>0xf43e</load_address>
         <run_address>0xf43e</run_address>
         <size>0x14</size>
         <input_file_ref idref="fl-48"/>
      </object_component>
      <object_component id="oc-1e5">
         <name>.text</name>
         <load_address>0xf452</load_address>
         <run_address>0xf452</run_address>
         <size>0x14</size>
         <input_file_ref idref="fl-4a"/>
      </object_component>
      <object_component id="oc-1ce">
         <name>.text:send_string</name>
         <load_address>0xf466</load_address>
         <run_address>0xf466</run_address>
         <size>0x14</size>
         <input_file_ref idref="fl-6"/>
      </object_component>
      <object_component id="oc-21d">
         <name>.text:TimerA_UART_print</name>
         <load_address>0xf47a</load_address>
         <run_address>0xf47a</run_address>
         <size>0x12</size>
         <input_file_ref idref="fl-5"/>
      </object_component>
      <object_component id="oc-283">
         <name>.text:_outc</name>
         <load_address>0xf48c</load_address>
         <run_address>0xf48c</run_address>
         <size>0x12</size>
         <input_file_ref idref="fl-4c"/>
      </object_component>
      <object_component id="oc-2d">
         <name>.text:decompress:none:__TI_decompress_none</name>
         <load_address>0xf49e</load_address>
         <run_address>0xf49e</run_address>
         <size>0x12</size>
         <input_file_ref idref="fl-38"/>
      </object_component>
      <object_component id="oc-88">
         <name>.text:memcpy</name>
         <load_address>0xf4b0</load_address>
         <run_address>0xf4b0</run_address>
         <size>0x12</size>
         <input_file_ref idref="fl-47"/>
      </object_component>
      <object_component id="oc-144">
         <name>.text:TI_CAPT_Init_Baseline</name>
         <load_address>0xf4c2</load_address>
         <run_address>0xf4c2</run_address>
         <size>0x10</size>
         <input_file_ref idref="fl-3"/>
      </object_component>
      <object_component id="oc-10f">
         <name>.text</name>
         <load_address>0xf4d2</load_address>
         <run_address>0xf4d2</run_address>
         <size>0x10</size>
         <input_file_ref idref="fl-3d"/>
      </object_component>
      <object_component id="oc-1a1">
         <name>.text:TI_CAPT_Raw</name>
         <load_address>0xf4e2</load_address>
         <run_address>0xf4e2</run_address>
         <size>0xe</size>
         <input_file_ref idref="fl-3"/>
      </object_component>
      <object_component id="oc-247">
         <name>.text:check_busy</name>
         <load_address>0xf4f0</load_address>
         <run_address>0xf4f0</run_address>
         <size>0xe</size>
         <input_file_ref idref="fl-6"/>
      </object_component>
      <object_component id="oc-2a8">
         <name>.text:strlen</name>
         <load_address>0xf4fe</load_address>
         <run_address>0xf4fe</run_address>
         <size>0xe</size>
         <input_file_ref idref="fl-52"/>
      </object_component>
      <object_component id="oc-b9">
         <name>.text:watchdog_timer</name>
         <load_address>0xf50c</load_address>
         <run_address>0xf50c</run_address>
         <size>0x8</size>
         <input_file_ref idref="fl-2"/>
      </object_component>
      <object_component id="oc-a2">
         <name>.text:_isr:__TI_ISR_TRAP</name>
         <load_address>0xf514</load_address>
         <run_address>0xf514</run_address>
         <size>0x6</size>
         <input_file_ref idref="fl-44"/>
      </object_component>
      <object_component id="oc-33">
         <name>.text:decompress:rle24:__TI_decompress_rle24</name>
         <load_address>0xf51a</load_address>
         <run_address>0xf51a</run_address>
         <size>0x6</size>
         <input_file_ref idref="fl-39"/>
      </object_component>
      <object_component id="oc-c6">
         <name>.text:_system_pre_init</name>
         <load_address>0xf520</load_address>
         <run_address>0xf520</run_address>
         <size>0x4</size>
         <input_file_ref idref="fl-4b"/>
      </object_component>
      <object_component id="oc-ee">
         <name>.text:abort</name>
         <load_address>0xf524</load_address>
         <run_address>0xf524</run_address>
         <size>0x4</size>
         <input_file_ref idref="fl-3e"/>
      </object_component>
      <object_component id="oc-33b">
         <name>.cinit..data.load</name>
         <load_address>0xf6bc</load_address>
         <run_address>0xf6bc</run_address>
         <size>0x10</size>
      </object_component>
      <object_component id="oc-338">
         <name>__TI_handler_table</name>
         <load_address>0xf6cc</load_address>
         <run_address>0xf6cc</run_address>
         <size>0x6</size>
      </object_component>
      <object_component id="oc-33a">
         <name>.cinit..bss.load</name>
         <load_address>0xf6d2</load_address>
         <run_address>0xf6d2</run_address>
         <size>0x4</size>
      </object_component>
      <object_component id="oc-339">
         <name>__TI_cinit_table</name>
         <load_address>0xf6d6</load_address>
         <run_address>0xf6d6</run_address>
         <size>0x8</size>
      </object_component>
      <object_component id="oc-1af">
         <name>.const:.string</name>
         <load_address>0xf528</load_address>
         <run_address>0xf528</run_address>
         <size>0x108</size>
         <input_file_ref idref="fl-6"/>
      </object_component>
      <object_component id="oc-141">
         <name>.const</name>
         <load_address>0xf630</load_address>
         <run_address>0xf630</run_address>
         <size>0x78</size>
         <input_file_ref idref="fl-4"/>
      </object_component>
      <object_component id="oc-2d2">
         <name>.const:.string</name>
         <load_address>0xf6a8</load_address>
         <run_address>0xf6a8</run_address>
         <size>0x14</size>
         <input_file_ref idref="fl-4e"/>
      </object_component>
      <object_component id="oc-39">
         <name>.int02</name>
         <load_address>0xffe4</load_address>
         <run_address>0xffe4</run_address>
         <size>0x2</size>
         <input_file_ref idref="fl-3f"/>
      </object_component>
      <object_component id="oc-3a">
         <name>.int03</name>
         <load_address>0xffe6</load_address>
         <run_address>0xffe6</run_address>
         <size>0x2</size>
         <input_file_ref idref="fl-6"/>
      </object_component>
      <object_component id="oc-3b">
         <name>.int04</name>
         <load_address>0xffe8</load_address>
         <run_address>0xffe8</run_address>
         <size>0x2</size>
         <input_file_ref idref="fl-40"/>
      </object_component>
      <object_component id="oc-3c">
         <name>.int05</name>
         <load_address>0xffea</load_address>
         <run_address>0xffea</run_address>
         <size>0x2</size>
         <input_file_ref idref="fl-41"/>
      </object_component>
      <object_component id="oc-3d">
         <name>.int08</name>
         <load_address>0xfff0</load_address>
         <run_address>0xfff0</run_address>
         <size>0x2</size>
         <input_file_ref idref="fl-6"/>
      </object_component>
      <object_component id="oc-3e">
         <name>.int09</name>
         <load_address>0xfff2</load_address>
         <run_address>0xfff2</run_address>
         <size>0x2</size>
         <input_file_ref idref="fl-5"/>
      </object_component>
      <object_component id="oc-3f">
         <name>.int10</name>
         <load_address>0xfff4</load_address>
         <run_address>0xfff4</run_address>
         <size>0x2</size>
         <input_file_ref idref="fl-2"/>
      </object_component>
      <object_component id="oc-40">
         <name>.int11</name>
         <load_address>0xfff6</load_address>
         <run_address>0xfff6</run_address>
         <size>0x2</size>
         <input_file_ref idref="fl-42"/>
      </object_component>
      <object_component id="oc-41">
         <name>.int14</name>
         <load_address>0xfffc</load_address>
         <run_address>0xfffc</run_address>
         <size>0x2</size>
         <input_file_ref idref="fl-43"/>
      </object_component>
      <object_component id="oc-87">
         <name>.reset</name>
         <load_address>0xfffe</load_address>
         <run_address>0xfffe</run_address>
         <size>0x2</size>
         <input_file_ref idref="fl-36"/>
      </object_component>
      <object_component id="oc-237">
         <name>.data</name>
         <load_address>0x224</load_address>
         <run_address>0x224</run_address>
         <size>0x2</size>
         <input_file_ref idref="fl-3"/>
      </object_component>
      <object_component id="oc-11d">
         <name>.data</name>
         <load_address>0x226</load_address>
         <run_address>0x226</run_address>
         <size>0x2</size>
         <input_file_ref idref="fl-5"/>
      </object_component>
      <object_component id="oc-118">
         <name>.data</name>
         <load_address>0x21c</load_address>
         <run_address>0x21c</run_address>
         <size>0x8</size>
         <input_file_ref idref="fl-6"/>
      </object_component>
      <object_component id="oc-270">
         <name>.debug_info</name>
         <load_address>0x0</load_address>
         <run_address>0x0</run_address>
         <size>0x2dc</size>
         <input_file_ref idref="fl-2"/>
      </object_component>
      <object_component id="oc-211">
         <name>.debug_info</name>
         <load_address>0x2dc</load_address>
         <run_address>0x2dc</run_address>
         <size>0x2eb</size>
         <input_file_ref idref="fl-2"/>
      </object_component>
      <object_component id="oc-ba">
         <name>.debug_info</name>
         <load_address>0x5c7</load_address>
         <run_address>0x5c7</run_address>
         <size>0x12c</size>
         <input_file_ref idref="fl-2"/>
      </object_component>
      <object_component id="oc-1fd">
         <name>.debug_info</name>
         <load_address>0x6f3</load_address>
         <run_address>0x6f3</run_address>
         <size>0x20f</size>
         <input_file_ref idref="fl-2"/>
      </object_component>
      <object_component id="oc-fc">
         <name>.debug_info</name>
         <load_address>0x902</load_address>
         <run_address>0x902</run_address>
         <size>0x84</size>
         <input_file_ref idref="fl-2"/>
      </object_component>
      <object_component id="oc-1aa">
         <name>.debug_info</name>
         <load_address>0x986</load_address>
         <run_address>0x986</run_address>
         <size>0x18b</size>
         <input_file_ref idref="fl-2"/>
      </object_component>
      <object_component id="oc-19f">
         <name>.debug_info</name>
         <load_address>0xb11</load_address>
         <run_address>0xb11</run_address>
         <size>0x24b</size>
         <input_file_ref idref="fl-3"/>
      </object_component>
      <object_component id="oc-238">
         <name>.debug_info</name>
         <load_address>0xd5c</load_address>
         <run_address>0xd5c</run_address>
         <size>0xe2</size>
         <input_file_ref idref="fl-3"/>
      </object_component>
      <object_component id="oc-1a4">
         <name>.debug_info</name>
         <load_address>0xe3e</load_address>
         <run_address>0xe3e</run_address>
         <size>0x1af</size>
         <input_file_ref idref="fl-3"/>
      </object_component>
      <object_component id="oc-147">
         <name>.debug_info</name>
         <load_address>0xfed</load_address>
         <run_address>0xfed</run_address>
         <size>0x19c</size>
         <input_file_ref idref="fl-3"/>
      </object_component>
      <object_component id="oc-14d">
         <name>.debug_info</name>
         <load_address>0x1189</load_address>
         <run_address>0x1189</run_address>
         <size>0x208</size>
         <input_file_ref idref="fl-3"/>
      </object_component>
      <object_component id="oc-1ef">
         <name>.debug_info</name>
         <load_address>0x1391</load_address>
         <run_address>0x1391</run_address>
         <size>0x269</size>
         <input_file_ref idref="fl-3"/>
      </object_component>
      <object_component id="oc-1c5">
         <name>.debug_info</name>
         <load_address>0x15fa</load_address>
         <run_address>0x15fa</run_address>
         <size>0x186</size>
         <input_file_ref idref="fl-3"/>
      </object_component>
      <object_component id="oc-1bf">
         <name>.debug_info</name>
         <load_address>0x1780</load_address>
         <run_address>0x1780</run_address>
         <size>0x37d</size>
         <input_file_ref idref="fl-3"/>
      </object_component>
      <object_component id="oc-23d">
         <name>.debug_info</name>
         <load_address>0x1afd</load_address>
         <run_address>0x1afd</run_address>
         <size>0x234</size>
         <input_file_ref idref="fl-3"/>
      </object_component>
      <object_component id="oc-19d">
         <name>.debug_info</name>
         <load_address>0x1d31</load_address>
         <run_address>0x1d31</run_address>
         <size>0x129</size>
         <input_file_ref idref="fl-4"/>
      </object_component>
      <object_component id="oc-142">
         <name>.debug_info</name>
         <load_address>0x1e5a</load_address>
         <run_address>0x1e5a</run_address>
         <size>0x20e</size>
         <input_file_ref idref="fl-4"/>
      </object_component>
      <object_component id="oc-121">
         <name>.debug_info</name>
         <load_address>0x2068</load_address>
         <run_address>0x2068</run_address>
         <size>0x330</size>
         <input_file_ref idref="fl-5"/>
      </object_component>
      <object_component id="oc-11e">
         <name>.debug_info</name>
         <load_address>0x2398</load_address>
         <run_address>0x2398</run_address>
         <size>0xe5</size>
         <input_file_ref idref="fl-5"/>
      </object_component>
      <object_component id="oc-219">
         <name>.debug_info</name>
         <load_address>0x247d</load_address>
         <run_address>0x247d</run_address>
         <size>0x123</size>
         <input_file_ref idref="fl-5"/>
      </object_component>
      <object_component id="oc-226">
         <name>.debug_info</name>
         <load_address>0x25a0</load_address>
         <run_address>0x25a0</run_address>
         <size>0x12b</size>
         <input_file_ref idref="fl-5"/>
      </object_component>
      <object_component id="oc-276">
         <name>.debug_info</name>
         <load_address>0x26cb</load_address>
         <run_address>0x26cb</run_address>
         <size>0x141</size>
         <input_file_ref idref="fl-5"/>
      </object_component>
      <object_component id="oc-21f">
         <name>.debug_info</name>
         <load_address>0x280c</load_address>
         <run_address>0x280c</run_address>
         <size>0x164</size>
         <input_file_ref idref="fl-5"/>
      </object_component>
      <object_component id="oc-b6">
         <name>.debug_info</name>
         <load_address>0x2970</load_address>
         <run_address>0x2970</run_address>
         <size>0x13b</size>
         <input_file_ref idref="fl-5"/>
      </object_component>
      <object_component id="oc-174">
         <name>.debug_info</name>
         <load_address>0x2aab</load_address>
         <run_address>0x2aab</run_address>
         <size>0x845</size>
         <input_file_ref idref="fl-6"/>
      </object_component>
      <object_component id="oc-119">
         <name>.debug_info</name>
         <load_address>0x32f0</load_address>
         <run_address>0x32f0</run_address>
         <size>0x175</size>
         <input_file_ref idref="fl-6"/>
      </object_component>
      <object_component id="oc-298">
         <name>.debug_info</name>
         <load_address>0x3465</load_address>
         <run_address>0x3465</run_address>
         <size>0x18f</size>
         <input_file_ref idref="fl-6"/>
      </object_component>
      <object_component id="oc-253">
         <name>.debug_info</name>
         <load_address>0x35f4</load_address>
         <run_address>0x35f4</run_address>
         <size>0x18f</size>
         <input_file_ref idref="fl-6"/>
      </object_component>
      <object_component id="oc-248">
         <name>.debug_info</name>
         <load_address>0x3783</load_address>
         <run_address>0x3783</run_address>
         <size>0x183</size>
         <input_file_ref idref="fl-6"/>
      </object_component>
      <object_component id="oc-1c9">
         <name>.debug_info</name>
         <load_address>0x3906</load_address>
         <run_address>0x3906</run_address>
         <size>0x1ee</size>
         <input_file_ref idref="fl-6"/>
      </object_component>
      <object_component id="oc-25a">
         <name>.debug_info</name>
         <load_address>0x3af4</load_address>
         <run_address>0x3af4</run_address>
         <size>0x1ec</size>
         <input_file_ref idref="fl-6"/>
      </object_component>
      <object_component id="oc-1cf">
         <name>.debug_info</name>
         <load_address>0x3ce0</load_address>
         <run_address>0x3ce0</run_address>
         <size>0x1ab</size>
         <input_file_ref idref="fl-6"/>
      </object_component>
      <object_component id="oc-1d5">
         <name>.debug_info</name>
         <load_address>0x3e8b</load_address>
         <run_address>0x3e8b</run_address>
         <size>0x1df</size>
         <input_file_ref idref="fl-6"/>
      </object_component>
      <object_component id="oc-1f3">
         <name>.debug_info</name>
         <load_address>0x406a</load_address>
         <run_address>0x406a</run_address>
         <size>0x204</size>
         <input_file_ref idref="fl-6"/>
      </object_component>
      <object_component id="oc-e7">
         <name>.debug_info</name>
         <load_address>0x426e</load_address>
         <run_address>0x426e</run_address>
         <size>0x219</size>
         <input_file_ref idref="fl-6"/>
      </object_component>
      <object_component id="oc-1b1">
         <name>.debug_info</name>
         <load_address>0x4487</load_address>
         <run_address>0x4487</run_address>
         <size>0x1c1</size>
         <input_file_ref idref="fl-6"/>
      </object_component>
      <object_component id="oc-1b7">
         <name>.debug_info</name>
         <load_address>0x4648</load_address>
         <run_address>0x4648</run_address>
         <size>0x1c8</size>
         <input_file_ref idref="fl-6"/>
      </object_component>
      <object_component id="oc-13c">
         <name>.debug_info</name>
         <load_address>0x4810</load_address>
         <run_address>0x4810</run_address>
         <size>0x16d</size>
         <input_file_ref idref="fl-6"/>
      </object_component>
      <object_component id="oc-157">
         <name>.debug_info</name>
         <load_address>0x497d</load_address>
         <run_address>0x497d</run_address>
         <size>0x1f6</size>
         <input_file_ref idref="fl-6"/>
      </object_component>
      <object_component id="oc-15d">
         <name>.debug_info</name>
         <load_address>0x4b73</load_address>
         <run_address>0x4b73</run_address>
         <size>0x1e6</size>
         <input_file_ref idref="fl-6"/>
      </object_component>
      <object_component id="oc-1e0">
         <name>.debug_info</name>
         <load_address>0x4d59</load_address>
         <run_address>0x4d59</run_address>
         <size>0x216</size>
         <input_file_ref idref="fl-6"/>
      </object_component>
      <object_component id="oc-151">
         <name>.debug_info</name>
         <load_address>0x4f6f</load_address>
         <run_address>0x4f6f</run_address>
         <size>0x43e</size>
         <input_file_ref idref="fl-6"/>
      </object_component>
      <object_component id="oc-163">
         <name>.debug_info</name>
         <load_address>0x53ad</load_address>
         <run_address>0x53ad</run_address>
         <size>0x192</size>
         <input_file_ref idref="fl-6"/>
      </object_component>
      <object_component id="oc-ae">
         <name>.debug_info</name>
         <load_address>0x553f</load_address>
         <run_address>0x553f</run_address>
         <size>0x15d</size>
         <input_file_ref idref="fl-6"/>
      </object_component>
      <object_component id="oc-a8">
         <name>.debug_info</name>
         <load_address>0x569c</load_address>
         <run_address>0x569c</run_address>
         <size>0x15b</size>
         <input_file_ref idref="fl-6"/>
      </object_component>
      <object_component id="oc-169">
         <name>.debug_info</name>
         <load_address>0x57f7</load_address>
         <run_address>0x57f7</run_address>
         <size>0x68</size>
         <input_file_ref idref="fl-6"/>
      </object_component>
      <object_component id="oc-202">
         <name>.debug_info</name>
         <load_address>0x585f</load_address>
         <run_address>0x585f</run_address>
         <size>0xc8</size>
         <input_file_ref idref="fl-6"/>
      </object_component>
      <object_component id="oc-2bc">
         <name>.debug_info</name>
         <load_address>0x5927</load_address>
         <run_address>0x5927</run_address>
         <size>0x2c</size>
         <input_file_ref idref="fl-6"/>
      </object_component>
      <object_component id="oc-24e">
         <name>.debug_info</name>
         <load_address>0x5953</load_address>
         <run_address>0x5953</run_address>
         <size>0xff</size>
         <input_file_ref idref="fl-35"/>
      </object_component>
      <object_component id="oc-85">
         <name>.debug_info</name>
         <load_address>0x5a52</load_address>
         <run_address>0x5a52</run_address>
         <size>0xd8</size>
         <input_file_ref idref="fl-36"/>
      </object_component>
      <object_component id="oc-61">
         <name>.debug_info</name>
         <load_address>0x5b2a</load_address>
         <run_address>0x5b2a</run_address>
         <size>0x179</size>
         <input_file_ref idref="fl-37"/>
      </object_component>
      <object_component id="oc-94">
         <name>.debug_info</name>
         <load_address>0x5ca3</load_address>
         <run_address>0x5ca3</run_address>
         <size>0x195</size>
         <input_file_ref idref="fl-38"/>
      </object_component>
      <object_component id="oc-2e">
         <name>.debug_info</name>
         <load_address>0x5e38</load_address>
         <run_address>0x5e38</run_address>
         <size>0x1c2</size>
         <input_file_ref idref="fl-38"/>
      </object_component>
      <object_component id="oc-8f">
         <name>.debug_info</name>
         <load_address>0x5ffa</load_address>
         <run_address>0x5ffa</run_address>
         <size>0x46</size>
         <input_file_ref idref="fl-38"/>
      </object_component>
      <object_component id="oc-108">
         <name>.debug_info</name>
         <load_address>0x6040</load_address>
         <run_address>0x6040</run_address>
         <size>0x2c</size>
         <input_file_ref idref="fl-38"/>
      </object_component>
      <object_component id="oc-9c">
         <name>.debug_info</name>
         <load_address>0x606c</load_address>
         <run_address>0x606c</run_address>
         <size>0x157</size>
         <input_file_ref idref="fl-39"/>
      </object_component>
      <object_component id="oc-98">
         <name>.debug_info</name>
         <load_address>0x61c3</load_address>
         <run_address>0x61c3</run_address>
         <size>0x21d</size>
         <input_file_ref idref="fl-39"/>
      </object_component>
      <object_component id="oc-37">
         <name>.debug_info</name>
         <load_address>0x63e0</load_address>
         <run_address>0x63e0</run_address>
         <size>0x194</size>
         <input_file_ref idref="fl-39"/>
      </object_component>
      <object_component id="oc-9d">
         <name>.debug_info</name>
         <load_address>0x6574</load_address>
         <run_address>0x6574</run_address>
         <size>0x39</size>
         <input_file_ref idref="fl-39"/>
      </object_component>
      <object_component id="oc-c5">
         <name>.debug_info</name>
         <load_address>0x65ad</load_address>
         <run_address>0x65ad</run_address>
         <size>0x14d</size>
         <input_file_ref idref="fl-3a"/>
      </object_component>
      <object_component id="oc-43">
         <name>.debug_info</name>
         <load_address>0x66fa</load_address>
         <run_address>0x66fa</run_address>
         <size>0x198</size>
         <input_file_ref idref="fl-3a"/>
      </object_component>
      <object_component id="oc-c0">
         <name>.debug_info</name>
         <load_address>0x6892</load_address>
         <run_address>0x6892</run_address>
         <size>0x46</size>
         <input_file_ref idref="fl-3a"/>
      </object_component>
      <object_component id="oc-103">
         <name>.debug_info</name>
         <load_address>0x68d8</load_address>
         <run_address>0x68d8</run_address>
         <size>0x2c</size>
         <input_file_ref idref="fl-3a"/>
      </object_component>
      <object_component id="oc-1db">
         <name>.debug_info</name>
         <load_address>0x6904</load_address>
         <run_address>0x6904</run_address>
         <size>0x114</size>
         <input_file_ref idref="fl-3b"/>
      </object_component>
      <object_component id="oc-241">
         <name>.debug_info</name>
         <load_address>0x6a18</load_address>
         <run_address>0x6a18</run_address>
         <size>0x100</size>
         <input_file_ref idref="fl-3c"/>
      </object_component>
      <object_component id="oc-111">
         <name>.debug_info</name>
         <load_address>0x6b18</load_address>
         <run_address>0x6b18</run_address>
         <size>0x10d</size>
         <input_file_ref idref="fl-3d"/>
      </object_component>
      <object_component id="oc-f2">
         <name>.debug_info</name>
         <load_address>0x6c25</load_address>
         <run_address>0x6c25</run_address>
         <size>0xfa</size>
         <input_file_ref idref="fl-3e"/>
      </object_component>
      <object_component id="oc-a5">
         <name>.debug_info</name>
         <load_address>0x6d1f</load_address>
         <run_address>0x6d1f</run_address>
         <size>0xee</size>
         <input_file_ref idref="fl-44"/>
      </object_component>
      <object_component id="oc-26c">
         <name>.debug_info</name>
         <load_address>0x6e0d</load_address>
         <run_address>0x6e0d</run_address>
         <size>0xff</size>
         <input_file_ref idref="fl-45"/>
      </object_component>
      <object_component id="oc-266">
         <name>.debug_info</name>
         <load_address>0x6f0c</load_address>
         <run_address>0x6f0c</run_address>
         <size>0xff</size>
         <input_file_ref idref="fl-46"/>
      </object_component>
      <object_component id="oc-102">
         <name>.debug_info</name>
         <load_address>0x700b</load_address>
         <run_address>0x700b</run_address>
         <size>0x150</size>
         <input_file_ref idref="fl-47"/>
      </object_component>
      <object_component id="oc-8c">
         <name>.debug_info</name>
         <load_address>0x715b</load_address>
         <run_address>0x715b</run_address>
         <size>0x174</size>
         <input_file_ref idref="fl-47"/>
      </object_component>
      <object_component id="oc-27c">
         <name>.debug_info</name>
         <load_address>0x72cf</load_address>
         <run_address>0x72cf</run_address>
         <size>0x145</size>
         <input_file_ref idref="fl-48"/>
      </object_component>
      <object_component id="oc-22e">
         <name>.debug_info</name>
         <load_address>0x7414</load_address>
         <run_address>0x7414</run_address>
         <size>0x20d</size>
         <input_file_ref idref="fl-48"/>
      </object_component>
      <object_component id="oc-1e6">
         <name>.debug_info</name>
         <load_address>0x7621</load_address>
         <run_address>0x7621</run_address>
         <size>0x100</size>
         <input_file_ref idref="fl-4a"/>
      </object_component>
      <object_component id="oc-c7">
         <name>.debug_info</name>
         <load_address>0x7721</load_address>
         <run_address>0x7721</run_address>
         <size>0x12b</size>
         <input_file_ref idref="fl-4b"/>
      </object_component>
      <object_component id="oc-290">
         <name>.debug_info</name>
         <load_address>0x784c</load_address>
         <run_address>0x784c</run_address>
         <size>0x210</size>
         <input_file_ref idref="fl-4c"/>
      </object_component>
      <object_component id="oc-231">
         <name>.debug_info</name>
         <load_address>0x7a5c</load_address>
         <run_address>0x7a5c</run_address>
         <size>0x19a</size>
         <input_file_ref idref="fl-4c"/>
      </object_component>
      <object_component id="oc-27e">
         <name>.debug_info</name>
         <load_address>0x7bf6</load_address>
         <run_address>0x7bf6</run_address>
         <size>0x170</size>
         <input_file_ref idref="fl-4c"/>
      </object_component>
      <object_component id="oc-285">
         <name>.debug_info</name>
         <load_address>0x7d66</load_address>
         <run_address>0x7d66</run_address>
         <size>0x145</size>
         <input_file_ref idref="fl-4c"/>
      </object_component>
      <object_component id="oc-2c8">
         <name>.debug_info</name>
         <load_address>0x7eab</load_address>
         <run_address>0x7eab</run_address>
         <size>0x2c</size>
         <input_file_ref idref="fl-4c"/>
      </object_component>
      <object_component id="oc-2bb">
         <name>.debug_info</name>
         <load_address>0x7ed7</load_address>
         <run_address>0x7ed7</run_address>
         <size>0x33f</size>
         <input_file_ref idref="fl-4e"/>
      </object_component>
      <object_component id="oc-2e6">
         <name>.debug_info</name>
         <load_address>0x8216</load_address>
         <run_address>0x8216</run_address>
         <size>0x18a</size>
         <input_file_ref idref="fl-4e"/>
      </object_component>
      <object_component id="oc-2fb">
         <name>.debug_info</name>
         <load_address>0x83a0</load_address>
         <run_address>0x83a0</run_address>
         <size>0x187</size>
         <input_file_ref idref="fl-4e"/>
      </object_component>
      <object_component id="oc-2ec">
         <name>.debug_info</name>
         <load_address>0x8527</load_address>
         <run_address>0x8527</run_address>
         <size>0x1cf</size>
         <input_file_ref idref="fl-4e"/>
      </object_component>
      <object_component id="oc-2d4">
         <name>.debug_info</name>
         <load_address>0x86f6</load_address>
         <run_address>0x86f6</run_address>
         <size>0x212</size>
         <input_file_ref idref="fl-4e"/>
      </object_component>
      <object_component id="oc-2af">
         <name>.debug_info</name>
         <load_address>0x8908</load_address>
         <run_address>0x8908</run_address>
         <size>0x267</size>
         <input_file_ref idref="fl-4e"/>
      </object_component>
      <object_component id="oc-2b5">
         <name>.debug_info</name>
         <load_address>0x8b6f</load_address>
         <run_address>0x8b6f</run_address>
         <size>0x20a</size>
         <input_file_ref idref="fl-4e"/>
      </object_component>
      <object_component id="oc-28a">
         <name>.debug_info</name>
         <load_address>0x8d79</load_address>
         <run_address>0x8d79</run_address>
         <size>0x28a</size>
         <input_file_ref idref="fl-4e"/>
      </object_component>
      <object_component id="oc-2c1">
         <name>.debug_info</name>
         <load_address>0x9003</load_address>
         <run_address>0x9003</run_address>
         <size>0x86</size>
         <input_file_ref idref="fl-4e"/>
      </object_component>
      <object_component id="oc-2f2">
         <name>.debug_info</name>
         <load_address>0x9089</load_address>
         <run_address>0x9089</run_address>
         <size>0x39</size>
         <input_file_ref idref="fl-4e"/>
      </object_component>
      <object_component id="oc-129">
         <name>.debug_info</name>
         <load_address>0x90c2</load_address>
         <run_address>0x90c2</run_address>
         <size>0x2cc</size>
         <input_file_ref idref="fl-50"/>
      </object_component>
      <object_component id="oc-cd">
         <name>.debug_info</name>
         <load_address>0x938e</load_address>
         <run_address>0x938e</run_address>
         <size>0x17e</size>
         <input_file_ref idref="fl-50"/>
      </object_component>
      <object_component id="oc-17c">
         <name>.debug_info</name>
         <load_address>0x950c</load_address>
         <run_address>0x950c</run_address>
         <size>0x39</size>
         <input_file_ref idref="fl-50"/>
      </object_component>
      <object_component id="oc-2f8">
         <name>.debug_info</name>
         <load_address>0x9545</load_address>
         <run_address>0x9545</run_address>
         <size>0x146</size>
         <input_file_ref idref="fl-51"/>
      </object_component>
      <object_component id="oc-2dc">
         <name>.debug_info</name>
         <load_address>0x968b</load_address>
         <run_address>0x968b</run_address>
         <size>0x18e</size>
         <input_file_ref idref="fl-51"/>
      </object_component>
      <object_component id="oc-2d1">
         <name>.debug_info</name>
         <load_address>0x9819</load_address>
         <run_address>0x9819</run_address>
         <size>0x13a</size>
         <input_file_ref idref="fl-52"/>
      </object_component>
      <object_component id="oc-2aa">
         <name>.debug_info</name>
         <load_address>0x9953</load_address>
         <run_address>0x9953</run_address>
         <size>0x1c8</size>
         <input_file_ref idref="fl-52"/>
      </object_component>
      <object_component id="oc-33d">
         <name>.debug_info</name>
         <load_address>0x9b1b</load_address>
         <run_address>0x9b1b</run_address>
         <size>0xa1</size>
      </object_component>
      <object_component id="oc-2a2">
         <name>.debug_line</name>
         <load_address>0x0</load_address>
         <run_address>0x0</run_address>
         <size>0x9c</size>
         <input_file_ref idref="fl-2"/>
      </object_component>
      <object_component id="oc-215">
         <name>.debug_line</name>
         <load_address>0x9c</load_address>
         <run_address>0x9c</run_address>
         <size>0xa0</size>
         <input_file_ref idref="fl-2"/>
      </object_component>
      <object_component id="oc-bd">
         <name>.debug_line</name>
         <load_address>0x13c</load_address>
         <run_address>0x13c</run_address>
         <size>0x50</size>
         <input_file_ref idref="fl-2"/>
      </object_component>
      <object_component id="oc-200">
         <name>.debug_line</name>
         <load_address>0x18c</load_address>
         <run_address>0x18c</run_address>
         <size>0x3c</size>
         <input_file_ref idref="fl-2"/>
      </object_component>
      <object_component id="oc-ff">
         <name>.debug_line</name>
         <load_address>0x1c8</load_address>
         <run_address>0x1c8</run_address>
         <size>0x20</size>
         <input_file_ref idref="fl-2"/>
      </object_component>
      <object_component id="oc-1ad">
         <name>.debug_line</name>
         <load_address>0x1e8</load_address>
         <run_address>0x1e8</run_address>
         <size>0x63</size>
         <input_file_ref idref="fl-2"/>
      </object_component>
      <object_component id="oc-20f">
         <name>.debug_line</name>
         <load_address>0x24b</load_address>
         <run_address>0x24b</run_address>
         <size>0x56</size>
         <input_file_ref idref="fl-3"/>
      </object_component>
      <object_component id="oc-292">
         <name>.debug_line</name>
         <load_address>0x2a1</load_address>
         <run_address>0x2a1</run_address>
         <size>0x3c</size>
         <input_file_ref idref="fl-3"/>
      </object_component>
      <object_component id="oc-1a3">
         <name>.debug_line</name>
         <load_address>0x2dd</load_address>
         <run_address>0x2dd</run_address>
         <size>0x55</size>
         <input_file_ref idref="fl-3"/>
      </object_component>
      <object_component id="oc-145">
         <name>.debug_line</name>
         <load_address>0x332</load_address>
         <run_address>0x332</run_address>
         <size>0x52</size>
         <input_file_ref idref="fl-3"/>
      </object_component>
      <object_component id="oc-14b">
         <name>.debug_line</name>
         <load_address>0x384</load_address>
         <run_address>0x384</run_address>
         <size>0x69</size>
         <input_file_ref idref="fl-3"/>
      </object_component>
      <object_component id="oc-1ee">
         <name>.debug_line</name>
         <load_address>0x3ed</load_address>
         <run_address>0x3ed</run_address>
         <size>0x112</size>
         <input_file_ref idref="fl-3"/>
      </object_component>
      <object_component id="oc-1c4">
         <name>.debug_line</name>
         <load_address>0x4ff</load_address>
         <run_address>0x4ff</run_address>
         <size>0x5c</size>
         <input_file_ref idref="fl-3"/>
      </object_component>
      <object_component id="oc-1be">
         <name>.debug_line</name>
         <load_address>0x55b</load_address>
         <run_address>0x55b</run_address>
         <size>0x8e</size>
         <input_file_ref idref="fl-3"/>
      </object_component>
      <object_component id="oc-23c">
         <name>.debug_line</name>
         <load_address>0x5e9</load_address>
         <run_address>0x5e9</run_address>
         <size>0x7d</size>
         <input_file_ref idref="fl-3"/>
      </object_component>
      <object_component id="oc-20d">
         <name>.debug_line</name>
         <load_address>0x666</load_address>
         <run_address>0x666</run_address>
         <size>0x55</size>
         <input_file_ref idref="fl-4"/>
      </object_component>
      <object_component id="oc-19c">
         <name>.debug_line</name>
         <load_address>0x6bb</load_address>
         <run_address>0x6bb</run_address>
         <size>0x3c</size>
         <input_file_ref idref="fl-4"/>
      </object_component>
      <object_component id="oc-179">
         <name>.debug_line</name>
         <load_address>0x6f7</load_address>
         <run_address>0x6f7</run_address>
         <size>0xb3</size>
         <input_file_ref idref="fl-5"/>
      </object_component>
      <object_component id="oc-177">
         <name>.debug_line</name>
         <load_address>0x7aa</load_address>
         <run_address>0x7aa</run_address>
         <size>0x37</size>
         <input_file_ref idref="fl-5"/>
      </object_component>
      <object_component id="oc-218">
         <name>.debug_line</name>
         <load_address>0x7e1</load_address>
         <run_address>0x7e1</run_address>
         <size>0x54</size>
         <input_file_ref idref="fl-5"/>
      </object_component>
      <object_component id="oc-224">
         <name>.debug_line</name>
         <load_address>0x835</load_address>
         <run_address>0x835</run_address>
         <size>0x51</size>
         <input_file_ref idref="fl-5"/>
      </object_component>
      <object_component id="oc-275">
         <name>.debug_line</name>
         <load_address>0x886</load_address>
         <run_address>0x886</run_address>
         <size>0x52</size>
         <input_file_ref idref="fl-5"/>
      </object_component>
      <object_component id="oc-222">
         <name>.debug_line</name>
         <load_address>0x8d8</load_address>
         <run_address>0x8d8</run_address>
         <size>0x53</size>
         <input_file_ref idref="fl-5"/>
      </object_component>
      <object_component id="oc-b5">
         <name>.debug_line</name>
         <load_address>0x92b</load_address>
         <run_address>0x92b</run_address>
         <size>0x62</size>
         <input_file_ref idref="fl-5"/>
      </object_component>
      <object_component id="oc-1fc">
         <name>.debug_line</name>
         <load_address>0x98d</load_address>
         <run_address>0x98d</run_address>
         <size>0x261</size>
         <input_file_ref idref="fl-6"/>
      </object_component>
      <object_component id="oc-173">
         <name>.debug_line</name>
         <load_address>0xbee</load_address>
         <run_address>0xbee</run_address>
         <size>0x4f</size>
         <input_file_ref idref="fl-6"/>
      </object_component>
      <object_component id="oc-29c">
         <name>.debug_line</name>
         <load_address>0xc3d</load_address>
         <run_address>0xc3d</run_address>
         <size>0x86</size>
         <input_file_ref idref="fl-6"/>
      </object_component>
      <object_component id="oc-257">
         <name>.debug_line</name>
         <load_address>0xcc3</load_address>
         <run_address>0xcc3</run_address>
         <size>0x76</size>
         <input_file_ref idref="fl-6"/>
      </object_component>
      <object_component id="oc-24b">
         <name>.debug_line</name>
         <load_address>0xd39</load_address>
         <run_address>0xd39</run_address>
         <size>0x7a</size>
         <input_file_ref idref="fl-6"/>
      </object_component>
      <object_component id="oc-1cd">
         <name>.debug_line</name>
         <load_address>0xdb3</load_address>
         <run_address>0xdb3</run_address>
         <size>0x7c</size>
         <input_file_ref idref="fl-6"/>
      </object_component>
      <object_component id="oc-25d">
         <name>.debug_line</name>
         <load_address>0xe2f</load_address>
         <run_address>0xe2f</run_address>
         <size>0x7c</size>
         <input_file_ref idref="fl-6"/>
      </object_component>
      <object_component id="oc-1d2">
         <name>.debug_line</name>
         <load_address>0xeab</load_address>
         <run_address>0xeab</run_address>
         <size>0x7e</size>
         <input_file_ref idref="fl-6"/>
      </object_component>
      <object_component id="oc-1d8">
         <name>.debug_line</name>
         <load_address>0xf29</load_address>
         <run_address>0xf29</run_address>
         <size>0x78</size>
         <input_file_ref idref="fl-6"/>
      </object_component>
      <object_component id="oc-1f6">
         <name>.debug_line</name>
         <load_address>0xfa1</load_address>
         <run_address>0xfa1</run_address>
         <size>0x7f</size>
         <input_file_ref idref="fl-6"/>
      </object_component>
      <object_component id="oc-ea">
         <name>.debug_line</name>
         <load_address>0x1020</load_address>
         <run_address>0x1020</run_address>
         <size>0x8e</size>
         <input_file_ref idref="fl-6"/>
      </object_component>
      <object_component id="oc-1b4">
         <name>.debug_line</name>
         <load_address>0x10ae</load_address>
         <run_address>0x10ae</run_address>
         <size>0x67</size>
         <input_file_ref idref="fl-6"/>
      </object_component>
      <object_component id="oc-1ba">
         <name>.debug_line</name>
         <load_address>0x1115</load_address>
         <run_address>0x1115</run_address>
         <size>0x68</size>
         <input_file_ref idref="fl-6"/>
      </object_component>
      <object_component id="oc-13f">
         <name>.debug_line</name>
         <load_address>0x117d</load_address>
         <run_address>0x117d</run_address>
         <size>0x73</size>
         <input_file_ref idref="fl-6"/>
      </object_component>
      <object_component id="oc-15a">
         <name>.debug_line</name>
         <load_address>0x11f0</load_address>
         <run_address>0x11f0</run_address>
         <size>0x87</size>
         <input_file_ref idref="fl-6"/>
      </object_component>
      <object_component id="oc-160">
         <name>.debug_line</name>
         <load_address>0x1277</load_address>
         <run_address>0x1277</run_address>
         <size>0x6b</size>
         <input_file_ref idref="fl-6"/>
      </object_component>
      <object_component id="oc-1e3">
         <name>.debug_line</name>
         <load_address>0x12e2</load_address>
         <run_address>0x12e2</run_address>
         <size>0x9d</size>
         <input_file_ref idref="fl-6"/>
      </object_component>
      <object_component id="oc-154">
         <name>.debug_line</name>
         <load_address>0x137f</load_address>
         <run_address>0x137f</run_address>
         <size>0x16c</size>
         <input_file_ref idref="fl-6"/>
      </object_component>
      <object_component id="oc-166">
         <name>.debug_line</name>
         <load_address>0x14eb</load_address>
         <run_address>0x14eb</run_address>
         <size>0x69</size>
         <input_file_ref idref="fl-6"/>
      </object_component>
      <object_component id="oc-b1">
         <name>.debug_line</name>
         <load_address>0x1554</load_address>
         <run_address>0x1554</run_address>
         <size>0x6f</size>
         <input_file_ref idref="fl-6"/>
      </object_component>
      <object_component id="oc-ab">
         <name>.debug_line</name>
         <load_address>0x15c3</load_address>
         <run_address>0x15c3</run_address>
         <size>0x6b</size>
         <input_file_ref idref="fl-6"/>
      </object_component>
      <object_component id="oc-16c">
         <name>.debug_line</name>
         <load_address>0x162e</load_address>
         <run_address>0x162e</run_address>
         <size>0x4f</size>
         <input_file_ref idref="fl-6"/>
      </object_component>
      <object_component id="oc-205">
         <name>.debug_line</name>
         <load_address>0x167d</load_address>
         <run_address>0x167d</run_address>
         <size>0x62</size>
         <input_file_ref idref="fl-6"/>
      </object_component>
      <object_component id="oc-2bf">
         <name>.debug_line</name>
         <load_address>0x16df</load_address>
         <run_address>0x16df</run_address>
         <size>0x63</size>
         <input_file_ref idref="fl-6"/>
      </object_component>
      <object_component id="oc-251">
         <name>.debug_line</name>
         <load_address>0x1742</load_address>
         <run_address>0x1742</run_address>
         <size>0x4e</size>
         <input_file_ref idref="fl-35"/>
      </object_component>
      <object_component id="oc-fb">
         <name>.debug_line</name>
         <load_address>0x1790</load_address>
         <run_address>0x1790</run_address>
         <size>0x2a</size>
         <input_file_ref idref="fl-36"/>
      </object_component>
      <object_component id="oc-64">
         <name>.debug_line</name>
         <load_address>0x17ba</load_address>
         <run_address>0x17ba</run_address>
         <size>0x4c</size>
         <input_file_ref idref="fl-37"/>
      </object_component>
      <object_component id="oc-10e">
         <name>.debug_line</name>
         <load_address>0x1806</load_address>
         <run_address>0x1806</run_address>
         <size>0x72</size>
         <input_file_ref idref="fl-38"/>
      </object_component>
      <object_component id="oc-31">
         <name>.debug_line</name>
         <load_address>0x1878</load_address>
         <run_address>0x1878</run_address>
         <size>0x50</size>
         <input_file_ref idref="fl-38"/>
      </object_component>
      <object_component id="oc-92">
         <name>.debug_line</name>
         <load_address>0x18c8</load_address>
         <run_address>0x18c8</run_address>
         <size>0x3a</size>
         <input_file_ref idref="fl-38"/>
      </object_component>
      <object_component id="oc-10b">
         <name>.debug_line</name>
         <load_address>0x1902</load_address>
         <run_address>0x1902</run_address>
         <size>0x72</size>
         <input_file_ref idref="fl-38"/>
      </object_component>
      <object_component id="oc-116">
         <name>.debug_line</name>
         <load_address>0x1974</load_address>
         <run_address>0x1974</run_address>
         <size>0x20</size>
         <input_file_ref idref="fl-39"/>
      </object_component>
      <object_component id="oc-9a">
         <name>.debug_line</name>
         <load_address>0x1994</load_address>
         <run_address>0x1994</run_address>
         <size>0x87</size>
         <input_file_ref idref="fl-39"/>
      </object_component>
      <object_component id="oc-36">
         <name>.debug_line</name>
         <load_address>0x1a1b</load_address>
         <run_address>0x1a1b</run_address>
         <size>0x49</size>
         <input_file_ref idref="fl-39"/>
      </object_component>
      <object_component id="oc-a0">
         <name>.debug_line</name>
         <load_address>0x1a64</load_address>
         <run_address>0x1a64</run_address>
         <size>0x39</size>
         <input_file_ref idref="fl-39"/>
      </object_component>
      <object_component id="oc-126">
         <name>.debug_line</name>
         <load_address>0x1a9d</load_address>
         <run_address>0x1a9d</run_address>
         <size>0x20</size>
         <input_file_ref idref="fl-3a"/>
      </object_component>
      <object_component id="oc-47">
         <name>.debug_line</name>
         <load_address>0x1abd</load_address>
         <run_address>0x1abd</run_address>
         <size>0x4d</size>
         <input_file_ref idref="fl-3a"/>
      </object_component>
      <object_component id="oc-c3">
         <name>.debug_line</name>
         <load_address>0x1b0a</load_address>
         <run_address>0x1b0a</run_address>
         <size>0x34</size>
         <input_file_ref idref="fl-3a"/>
      </object_component>
      <object_component id="oc-106">
         <name>.debug_line</name>
         <load_address>0x1b3e</load_address>
         <run_address>0x1b3e</run_address>
         <size>0x72</size>
         <input_file_ref idref="fl-3a"/>
      </object_component>
      <object_component id="oc-1de">
         <name>.debug_line</name>
         <load_address>0x1bb0</load_address>
         <run_address>0x1bb0</run_address>
         <size>0x4d</size>
         <input_file_ref idref="fl-3b"/>
      </object_component>
      <object_component id="oc-244">
         <name>.debug_line</name>
         <load_address>0x1bfd</load_address>
         <run_address>0x1bfd</run_address>
         <size>0x43</size>
         <input_file_ref idref="fl-3c"/>
      </object_component>
      <object_component id="oc-110">
         <name>.debug_line</name>
         <load_address>0x1c40</load_address>
         <run_address>0x1c40</run_address>
         <size>0x40</size>
         <input_file_ref idref="fl-3d"/>
      </object_component>
      <object_component id="oc-f1">
         <name>.debug_line</name>
         <load_address>0x1c80</load_address>
         <run_address>0x1c80</run_address>
         <size>0x3a</size>
         <input_file_ref idref="fl-3e"/>
      </object_component>
      <object_component id="oc-a4">
         <name>.debug_line</name>
         <load_address>0x1cba</load_address>
         <run_address>0x1cba</run_address>
         <size>0x3c</size>
         <input_file_ref idref="fl-44"/>
      </object_component>
      <object_component id="oc-26a">
         <name>.debug_line</name>
         <load_address>0x1cf6</load_address>
         <run_address>0x1cf6</run_address>
         <size>0x4e</size>
         <input_file_ref idref="fl-45"/>
      </object_component>
      <object_component id="oc-265">
         <name>.debug_line</name>
         <load_address>0x1d44</load_address>
         <run_address>0x1d44</run_address>
         <size>0x5e</size>
         <input_file_ref idref="fl-46"/>
      </object_component>
      <object_component id="oc-170">
         <name>.debug_line</name>
         <load_address>0x1da2</load_address>
         <run_address>0x1da2</run_address>
         <size>0x20</size>
         <input_file_ref idref="fl-47"/>
      </object_component>
      <object_component id="oc-8a">
         <name>.debug_line</name>
         <load_address>0x1dc2</load_address>
         <run_address>0x1dc2</run_address>
         <size>0x45</size>
         <input_file_ref idref="fl-47"/>
      </object_component>
      <object_component id="oc-2a5">
         <name>.debug_line</name>
         <load_address>0x1e07</load_address>
         <run_address>0x1e07</run_address>
         <size>0x20</size>
         <input_file_ref idref="fl-48"/>
      </object_component>
      <object_component id="oc-22b">
         <name>.debug_line</name>
         <load_address>0x1e27</load_address>
         <run_address>0x1e27</run_address>
         <size>0x8e</size>
         <input_file_ref idref="fl-48"/>
      </object_component>
      <object_component id="oc-1e9">
         <name>.debug_line</name>
         <load_address>0x1eb5</load_address>
         <run_address>0x1eb5</run_address>
         <size>0x42</size>
         <input_file_ref idref="fl-4a"/>
      </object_component>
      <object_component id="oc-ca">
         <name>.debug_line</name>
         <load_address>0x1ef7</load_address>
         <run_address>0x1ef7</run_address>
         <size>0x3e</size>
         <input_file_ref idref="fl-4b"/>
      </object_component>
      <object_component id="oc-2c7">
         <name>.debug_line</name>
         <load_address>0x1f35</load_address>
         <run_address>0x1f35</run_address>
         <size>0x7f</size>
         <input_file_ref idref="fl-4c"/>
      </object_component>
      <object_component id="oc-234">
         <name>.debug_line</name>
         <load_address>0x1fb4</load_address>
         <run_address>0x1fb4</run_address>
         <size>0x46</size>
         <input_file_ref idref="fl-4c"/>
      </object_component>
      <object_component id="oc-281">
         <name>.debug_line</name>
         <load_address>0x1ffa</load_address>
         <run_address>0x1ffa</run_address>
         <size>0x42</size>
         <input_file_ref idref="fl-4c"/>
      </object_component>
      <object_component id="oc-284">
         <name>.debug_line</name>
         <load_address>0x203c</load_address>
         <run_address>0x203c</run_address>
         <size>0x3d</size>
         <input_file_ref idref="fl-4c"/>
      </object_component>
      <object_component id="oc-2cb">
         <name>.debug_line</name>
         <load_address>0x2079</load_address>
         <run_address>0x2079</run_address>
         <size>0x71</size>
         <input_file_ref idref="fl-4c"/>
      </object_component>
      <object_component id="oc-2e2">
         <name>.debug_line</name>
         <load_address>0x20ea</load_address>
         <run_address>0x20ea</run_address>
         <size>0x80</size>
         <input_file_ref idref="fl-4e"/>
      </object_component>
      <object_component id="oc-2e9">
         <name>.debug_line</name>
         <load_address>0x216a</load_address>
         <run_address>0x216a</run_address>
         <size>0x4f</size>
         <input_file_ref idref="fl-4e"/>
      </object_component>
      <object_component id="oc-2ff">
         <name>.debug_line</name>
         <load_address>0x21b9</load_address>
         <run_address>0x21b9</run_address>
         <size>0x48</size>
         <input_file_ref idref="fl-4e"/>
      </object_component>
      <object_component id="oc-2f0">
         <name>.debug_line</name>
         <load_address>0x2201</load_address>
         <run_address>0x2201</run_address>
         <size>0x4e</size>
         <input_file_ref idref="fl-4e"/>
      </object_component>
      <object_component id="oc-2d8">
         <name>.debug_line</name>
         <load_address>0x224f</load_address>
         <run_address>0x224f</run_address>
         <size>0x58</size>
         <input_file_ref idref="fl-4e"/>
      </object_component>
      <object_component id="oc-2b3">
         <name>.debug_line</name>
         <load_address>0x22a7</load_address>
         <run_address>0x22a7</run_address>
         <size>0x95</size>
[...]
         <name>proximity_sensor</name>
         <value>0xf694</value>
         <object_component_ref idref="oc-141"/>
      </symbol>
      <symbol id="sm-123">
         <name>middle_element</name>
         <value>0xf658</value>
         <object_component_ref idref="oc-141"/>
      </symbol>
      <symbol id="sm-124">
         <name>right</name>
         <value>0xf63a</value>
         <object_component_ref idref="oc-141"/>
      </symbol>
      <symbol id="sm-125">
         <name>volume_up</name>
         <value>0xf644</value>
         <object_component_ref idref="oc-141"/>
      </symbol>
      <symbol id="sm-15d">
         <name>txData</name>
         <value>0x21a</value>
      </symbol>
      <symbol id="sm-15e">
         <name>timerA_UART_mode</name>
         <value>0x226</value>
         <object_component_ref idref="oc-11d"/>
      </symbol>
      <symbol id="sm-15f">
         <name>__TI_int09</name>
         <value>0xfff2</value>
         <object_component_ref idref="oc-3e"/>
      </symbol>
      <symbol id="sm-160">
         <name>Timer_A0_ISR</name>
         <value>0xef7c</value>
         <object_component_ref idref="oc-b3"/>
      </symbol>
      <symbol id="sm-161">
         <name>TimerA_UART_print</name>
         <value>0xf47a</value>
         <object_component_ref idref="oc-21d"/>
      </symbol>
      <symbol id="sm-162">
         <name>TimerA_UART_tx</name>
         <value>0xf21c</value>
         <object_component_ref idref="oc-273"/>
      </symbol>
      <symbol id="sm-163">
         <name>TimerA_UART_shutdown</name>
         <value>0xf34e</value>
         <object_component_ref idref="oc-223"/>
      </symbol>
      <symbol id="sm-164">
         <name>TimerA_UART_init</name>
         <value>0xf150</value>
         <object_component_ref idref="oc-217"/>
      </symbol>
      <symbol id="sm-23f">
         <name>i</name>
         <value>0x216</value>
      </symbol>
      <symbol id="sm-240">
         <name>j</name>
         <value>0x218</value>
      </symbol>
      <symbol id="sm-241">
         <name>deltaCnts</name>
         <value>0x214</value>
      </symbol>
      <symbol id="sm-242">
         <name>send_command</name>
         <value>0xf094</value>
         <object_component_ref idref="oc-1c8"/>
      </symbol>
      <symbol id="sm-243">
         <name>last_wheel_position</name>
         <value>0x21e</value>
         <object_component_ref idref="oc-118"/>
      </symbol>
      <symbol id="sm-244">
         <name>__TI_int08</name>
         <value>0xfff0</value>
         <object_component_ref idref="oc-3d"/>
      </symbol>
      <symbol id="sm-245">
         <name>__TI_int03</name>
         <value>0xffe6</value>
         <object_component_ref idref="oc-3a"/>
      </symbol>
      <symbol id="sm-246">
         <name>GetGesture</name>
         <value>0xeca2</value>
         <object_component_ref idref="oc-1df"/>
      </symbol>
      <symbol id="sm-247">
         <name>check_busy</name>
         <value>0xf4f0</value>
         <object_component_ref idref="oc-247"/>
      </symbol>
      <symbol id="sm-248">
         <name>send_number</name>
         <value>0xf2cc</value>
         <object_component_ref idref="oc-1d4"/>
      </symbol>
      <symbol id="sm-249">
         <name>data_write</name>
         <value>0xf416</value>
         <object_component_ref idref="oc-252"/>
      </symbol>
      <symbol id="sm-24a">
         <name>wheel_position</name>
         <value>0x21c</value>
         <object_component_ref idref="oc-118"/>
      </symbol>
      <symbol id="sm-24b">
         <name>display_value</name>
         <value>0x220</value>
         <object_component_ref idref="oc-118"/>
      </symbol>
      <symbol id="sm-24c">
         <name>Port_2</name>
         <value>0xf2f0</value>
         <object_component_ref idref="oc-a7"/>
      </symbol>
      <symbol id="sm-24d">
         <name>InitLaunchPadCore</name>
         <value>0xedda</value>
         <object_component_ref idref="oc-13b"/>
      </symbol>
      <symbol id="sm-24e">
         <name>myprint</name>
         <value>0xf3ea</value>
         <object_component_ref idref="oc-1b0"/>
      </symbol>
      <symbol id="sm-24f">
         <name>CapTouchIdleMode</name>
         <value>0xeb64</value>
         <object_component_ref idref="oc-156"/>
      </symbol>
      <symbol id="sm-250">
         <name>main</name>
         <value>0xec1a</value>
         <object_component_ref idref="oc-e6"/>
      </symbol>
      <symbol id="sm-251">
         <name>delay</name>
         <value>0xf1ee</value>
         <object_component_ref idref="oc-297"/>
      </symbol>
      <symbol id="sm-252">
         <name>fadeLight</name>
         <value>0xf330</value>
         <object_component_ref idref="oc-162"/>
      </symbol>
      <symbol id="sm-253">
         <name>MeasureCapBaseLine</name>
         <value>0xf118</value>
         <object_component_ref idref="oc-15c"/>
      </symbol>
      <symbol id="sm-254">
         <name>send_data</name>
         <value>0xf0d6</value>
         <object_component_ref idref="oc-259"/>
      </symbol>
      <symbol id="sm-255">
         <name>TA2_ISR</name>
         <value>0xf310</value>
         <object_component_ref idref="oc-ad"/>
      </symbol>
      <symbol id="sm-256">
         <name>CapTouchActiveMode</name>
         <value>0xe3a6</value>
         <object_component_ref idref="oc-150"/>
      </symbol>
      <symbol id="sm-257">
         <name>send_string</name>
         <value>0xf466</value>
         <object_component_ref idref="oc-1ce"/>
      </symbol>
      <symbol id="sm-258">
         <name>lcd_init</name>
         <value>0xf00e</value>
         <object_component_ref idref="oc-1f2"/>
      </symbol>
      <symbol id="sm-259">
         <name>SendData</name>
         <value>0xf052</value>
         <object_component_ref idref="oc-1b6"/>
      </symbol>
      <symbol id="sm-261">
         <name>__mspabi_srai</name>
         <value>0xf248</value>
         <object_component_ref idref="oc-24d"/>
      </symbol>
      <symbol id="sm-262">
         <name>__mspabi_srai_8</name>
         <value>0xf262</value>
         <object_component_ref idref="oc-24d"/>
      </symbol>
      <symbol id="sm-263">
         <name>__mspabi_srai_9</name>
         <value>0xf260</value>
         <object_component_ref idref="oc-24d"/>
      </symbol>
      <symbol id="sm-264">
         <name>__mspabi_srai_6</name>
         <value>0xf266</value>
         <object_component_ref idref="oc-24d"/>
      </symbol>
      <symbol id="sm-265">
         <name>__mspabi_srai_7</name>
         <value>0xf264</value>
         <object_component_ref idref="oc-24d"/>
      </symbol>
      <symbol id="sm-266">
         <name>__mspabi_srai_4</name>
         <value>0xf26a</value>
         <object_component_ref idref="oc-24d"/>
      </symbol>
      <symbol id="sm-267">
         <name>__mspabi_srai_5</name>
         <value>0xf268</value>
         <object_component_ref idref="oc-24d"/>
      </symbol>
      <symbol id="sm-268">
         <name>__mspabi_srai_2</name>
         <value>0xf26e</value>
         <object_component_ref idref="oc-24d"/>
      </symbol>
      <symbol id="sm-269">
         <name>__mspabi_srai_3</name>
         <value>0xf26c</value>
         <object_component_ref idref="oc-24d"/>
      </symbol>
      <symbol id="sm-26a">
         <name>__mspabi_srai_1</name>
         <value>0xf270</value>
         <object_component_ref idref="oc-24d"/>
      </symbol>
      <symbol id="sm-26b">
         <name>__mspabi_srai_15</name>
         <value>0xf254</value>
         <object_component_ref idref="oc-24d"/>
      </symbol>
      <symbol id="sm-26c">
         <name>__mspabi_srai_14</name>
         <value>0xf256</value>
         <object_component_ref idref="oc-24d"/>
      </symbol>
      <symbol id="sm-26d">
         <name>__mspabi_srai_13</name>
         <value>0xf258</value>
         <object_component_ref idref="oc-24d"/>
      </symbol>
      <symbol id="sm-26e">
         <name>__mspabi_srai_12</name>
         <value>0xf25a</value>
         <object_component_ref idref="oc-24d"/>
      </symbol>
      <symbol id="sm-26f">
         <name>__mspabi_srai_11</name>
         <value>0xf25c</value>
         <object_component_ref idref="oc-24d"/>
      </symbol>
      <symbol id="sm-270">
         <name>__mspabi_srai_10</name>
         <value>0xf25e</value>
         <object_component_ref idref="oc-24d"/>
      </symbol>
      <symbol id="sm-279">
         <name>_stack</name>
         <value>0x2b0</value>
         <object_component_ref idref="oc-84"/>
      </symbol>
      <symbol id="sm-27a">
         <name>_reset_vector</name>
         <value>0xfffe</value>
         <object_component_ref idref="oc-87"/>
      </symbol>
      <symbol id="sm-285">
         <name>_c_int00_noargs_noexit</name>
         <value>0xf384</value>
         <object_component_ref idref="oc-60"/>
      </symbol>
      <symbol id="sm-29b">
         <name>__TI_decompress_none</name>
         <value>0xf49e</value>
         <object_component_ref idref="oc-2d"/>
      </symbol>
      <symbol id="sm-2bd">
         <name>__TI_decompress_rle24</name>
         <value>0xf51a</value>
         <object_component_ref idref="oc-33"/>
      </symbol>
      <symbol id="sm-2d5">
         <name>__TI_zero_init</name>
         <value>0xf42a</value>
         <object_component_ref idref="oc-42"/>
      </symbol>
      <symbol id="sm-2e1">
         <name>__mspabi_remi</name>
         <value>0xf274</value>
         <object_component_ref idref="oc-1da"/>
      </symbol>
      <symbol id="sm-2e2">
         <name>__mspabi_divi</name>
         <value>0xf274</value>
         <object_component_ref idref="oc-1da"/>
      </symbol>
      <symbol id="sm-2ec">
         <name>__mspabi_remu</name>
         <value>0xf400</value>
         <object_component_ref idref="oc-240"/>
      </symbol>
      <symbol id="sm-2ed">
         <name>__mspabi_divu</name>
         <value>0xf400</value>
         <object_component_ref idref="oc-240"/>
      </symbol>
      <symbol id="sm-2f6">
         <name>__mspabi_func_epilog_2</name>
         <value>0xf4dc</value>
         <object_component_ref idref="oc-10f"/>
      </symbol>
      <symbol id="sm-2f7">
         <name>__mspabi_func_epilog_3</name>
         <value>0xf4da</value>
         <object_component_ref idref="oc-10f"/>
      </symbol>
      <symbol id="sm-2f8">
         <name>__mspabi_func_epilog_1</name>
         <value>0xf4de</value>
         <object_component_ref idref="oc-10f"/>
      </symbol>
      <symbol id="sm-2f9">
         <name>__mspabi_func_epilog_6</name>
         <value>0xf4d4</value>
         <object_component_ref idref="oc-10f"/>
      </symbol>
      <symbol id="sm-2fa">
         <name>__mspabi_func_epilog_7</name>
         <value>0xf4d2</value>
         <object_component_ref idref="oc-10f"/>
      </symbol>
      <symbol id="sm-2fb">
         <name>__mspabi_func_epilog_4</name>
         <value>0xf4d8</value>
         <object_component_ref idref="oc-10f"/>
      </symbol>
      <symbol id="sm-2fc">
         <name>__mspabi_func_epilog_5</name>
         <value>0xf4d6</value>
         <object_component_ref idref="oc-10f"/>
      </symbol>
      <symbol id="sm-307">
         <name>C$$EXIT</name>
         <value>0xf524</value>
         <object_component_ref idref="oc-ee"/>
      </symbol>
      <symbol id="sm-308">
         <name>abort</name>
         <value>0xf524</value>
         <object_component_ref idref="oc-ee"/>
      </symbol>
      <symbol id="sm-30b">
         <name>__TI_int02</name>
         <value>0xffe4</value>
         <object_component_ref idref="oc-39"/>
      </symbol>
      <symbol id="sm-30e">
         <name>__TI_int04</name>
         <value>0xffe8</value>
         <object_component_ref idref="oc-3b"/>
      </symbol>
      <symbol id="sm-311">
         <name>__TI_int05</name>
         <value>0xffea</value>
         <object_component_ref idref="oc-3c"/>
      </symbol>
      <symbol id="sm-314">
         <name>__TI_int11</name>
         <value>0xfff6</value>
         <object_component_ref idref="oc-40"/>
      </symbol>
      <symbol id="sm-317">
         <name>__TI_int14</name>
         <value>0xfffc</value>
         <object_component_ref idref="oc-41"/>
      </symbol>
      <symbol id="sm-31f">
         <name>__TI_ISR_TRAP</name>
         <value>0xf514</value>
         <object_component_ref idref="oc-a2"/>
      </symbol>
      <symbol id="sm-327">
         <name>__mspabi_slli</name>
         <value>0xf2a0</value>
         <object_component_ref idref="oc-269"/>
      </symbol>
      <symbol id="sm-328">
         <name>__mspabi_slli_9</name>
         <value>0xf2b8</value>
         <object_component_ref idref="oc-269"/>
      </symbol>
      <symbol id="sm-329">
         <name>__mspabi_slli_8</name>
         <value>0xf2ba</value>
         <object_component_ref idref="oc-269"/>
      </symbol>
      <symbol id="sm-32a">
         <name>__mspabi_slli_7</name>
         <value>0xf2bc</value>
         <object_component_ref idref="oc-269"/>
      </symbol>
      <symbol id="sm-32b">
         <name>__mspabi_slli_6</name>
         <value>0xf2be</value>
         <object_component_ref idref="oc-269"/>
      </symbol>
      <symbol id="sm-32c">
         <name>__mspabi_slli_5</name>
         <value>0xf2c0</value>
         <object_component_ref idref="oc-269"/>
      </symbol>
      <symbol id="sm-32d">
         <name>__mspabi_slli_4</name>
         <value>0xf2c2</value>
         <object_component_ref idref="oc-269"/>
      </symbol>
      <symbol id="sm-32e">
         <name>__mspabi_slli_3</name>
         <value>0xf2c4</value>
         <object_component_ref idref="oc-269"/>
      </symbol>
      <symbol id="sm-32f">
         <name>__mspabi_slli_2</name>
         <value>0xf2c6</value>
         <object_component_ref idref="oc-269"/>
      </symbol>
      <symbol id="sm-330">
         <name>__mspabi_slli_1</name>
         <value>0xf2c8</value>
         <object_component_ref idref="oc-269"/>
      </symbol>
      <symbol id="sm-331">
         <name>__mspabi_slli_15</name>
         <value>0xf2ac</value>
         <object_component_ref idref="oc-269"/>
      </symbol>
      <symbol id="sm-332">
         <name>__mspabi_slli_14</name>
         <value>0xf2ae</value>
         <object_component_ref idref="oc-269"/>
      </symbol>
      <symbol id="sm-333">
         <name>__mspabi_slli_13</name>
         <value>0xf2b0</value>
         <object_component_ref idref="oc-269"/>
      </symbol>
      <symbol id="sm-334">
         <name>__mspabi_slli_12</name>
         <value>0xf2b2</value>
         <object_component_ref idref="oc-269"/>
      </symbol>
      <symbol id="sm-335">
         <name>__mspabi_slli_11</name>
         <value>0xf2b4</value>
         <object_component_ref idref="oc-269"/>
      </symbol>
      <symbol id="sm-336">
         <name>__mspabi_slli_10</name>
         <value>0xf2b6</value>
         <object_component_ref idref="oc-269"/>
      </symbol>
      <symbol id="sm-33e">
         <name>__mspabi_srli_8</name>
         <value>0xef5a</value>
         <object_component_ref idref="oc-264"/>
      </symbol>
      <symbol id="sm-33f">
         <name>__mspabi_srli_9</name>
         <value>0xef56</value>
         <object_component_ref idref="oc-264"/>
      </symbol>
      <symbol id="sm-340">
         <name>__mspabi_srli_6</name>
         <value>0xef62</value>
         <object_component_ref idref="oc-264"/>
      </symbol>
      <symbol id="sm-341">
         <name>__mspabi_srli_7</name>
         <value>0xef5e</value>
         <object_component_ref idref="oc-264"/>
      </symbol>
      <symbol id="sm-342">
         <name>__mspabi_srli_4</name>
         <value>0xef6a</value>
         <object_component_ref idref="oc-264"/>
      </symbol>
      <symbol id="sm-343">
         <name>__mspabi_srli_5</name>
         <value>0xef66</value>
         <object_component_ref idref="oc-264"/>
      </symbol>
      <symbol id="sm-344">
         <name>__mspabi_srli_2</name>
         <value>0xef72</value>
         <object_component_ref idref="oc-264"/>
      </symbol>
      <symbol id="sm-345">
         <name>__mspabi_srli_3</name>
         <value>0xef6e</value>
         <object_component_ref idref="oc-264"/>
      </symbol>
      <symbol id="sm-346">
         <name>__mspabi_srli_1</name>
         <value>0xef76</value>
         <object_component_ref idref="oc-264"/>
      </symbol>
      <symbol id="sm-347">
         <name>__mspabi_srli</name>
         <value>0xef30</value>
         <object_component_ref idref="oc-264"/>
      </symbol>
      <symbol id="sm-348">
         <name>__mspabi_srli_15</name>
         <value>0xef3e</value>
         <object_component_ref idref="oc-264"/>
      </symbol>
      <symbol id="sm-349">
         <name>__mspabi_srli_14</name>
         <value>0xef42</value>
         <object_component_ref idref="oc-264"/>
      </symbol>
      <symbol id="sm-34a">
         <name>__mspabi_srli_13</name>
         <value>0xef46</value>
         <object_component_ref idref="oc-264"/>
      </symbol>
      <symbol id="sm-34b">
         <name>__mspabi_srli_12</name>
         <value>0xef4a</value>
         <object_component_ref idref="oc-264"/>
      </symbol>
      <symbol id="sm-34c">
         <name>__mspabi_srli_11</name>
         <value>0xef4e</value>
         <object_component_ref idref="oc-264"/>
      </symbol>
      <symbol id="sm-34d">
         <name>__mspabi_srli_10</name>
         <value>0xef52</value>
         <object_component_ref idref="oc-264"/>
      </symbol>
      <symbol id="sm-35b">
         <name>memcpy</name>
         <value>0xf4b0</value>
         <object_component_ref idref="oc-88"/>
      </symbol>
      <symbol id="sm-369">
         <name>memset</name>
         <value>0xf43e</value>
         <object_component_ref idref="oc-22a"/>
      </symbol>
      <symbol id="sm-374">
         <name>__mspabi_mpyi_sw</name>
         <value>0xf452</value>
         <object_component_ref idref="oc-1e5"/>
      </symbol>
      <symbol id="sm-375">
         <name>__mspabi_mpyi</name>
         <value>0xf452</value>
         <object_component_ref idref="oc-1e5"/>
      </symbol>
      <symbol id="sm-37e">
         <name>_system_pre_init</name>
         <value>0xf520</value>
         <object_component_ref idref="oc-c6"/>
      </symbol>
      <symbol id="sm-39f">
         <name>sprintf</name>
         <value>0xf188</value>
         <object_component_ref idref="oc-230"/>
      </symbol>
      <symbol id="sm-407">
         <name>__TI_printfi_minimal</name>
         <value>0xea9a</value>
         <object_component_ref idref="oc-289"/>
      </symbol>
      <symbol id="sm-420">
         <name>_auto_init</name>
         <value>0xee34</value>
         <object_component_ref idref="oc-cc"/>
      </symbol>
      <symbol id="sm-42f">
         <name>memccpy</name>
         <value>0xf3b8</value>
         <object_component_ref idref="oc-2d9"/>
      </symbol>
      <symbol id="sm-43c">
         <name>strlen</name>
         <value>0xf4fe</value>
         <object_component_ref idref="oc-2a8"/>
      </symbol>
      <symbol id="sm-43e">
         <name>__TI_INITARRAY_Base</name>
         <value>0x0</value>
      </symbol>
      <symbol id="sm-43f">
         <name>__TI_INITARRAY_Limit</name>
         <value>0x0</value>
      </symbol>
   </symbol_table>
   <title>Link successful</title>
</link_info>
