<?xml version="1.0"?>
<link_info>
   <banner>MSP430 Linker PC v4.4.6</banner>
   <copyright>Copyright (c) 2003-2015 Texas Instruments Incorporated</copyright>
   <link_time>0x56f4cf8a</link_time>
   <link_errors>0x0</link_errors>
   <output_file>ESD_Project.out</output_file>
   <entry_point>
      <name>_c_int00_noargs_noexit</name>
      <address>0xf0ca</address>
   </entry_point>
   <input_file_list>
      <input_file id="fl-2">
         <path>.\Libraries\</path>
         <kind>object</kind>
         <file>CTS_HAL.obj</file>
         <name>CTS_HAL.obj</name>
      </input_file>
      <input_file id="fl-3">
         <path>.\Libraries\</path>
         <kind>object</kind>
         <file>CTS_Layer.obj</file>
         <name>CTS_Layer.obj</name>
      </input_file>
      <input_file id="fl-4">
         <path>.\Libraries\</path>
         <kind>object</kind>
         <file>structure.obj</file>
         <name>structure.obj</name>
      </input_file>
      <input_file id="fl-5">
         <path>.\Libraries\</path>
         <kind>object</kind>
         <file>uart.obj</file>
         <name>uart.obj</name>
      </input_file>
      <input_file id="fl-6">
         <path>.\Application\</path>
         <kind>object</kind>
         <file>Smart_Lighting_System_main.obj</file>
         <name>Smart_Lighting_System_main.obj</name>
      </input_file>
      <input_file id="fl-35">
         <path>E:\ti\ccsv6\tools\compiler\ti-cgt-msp430_4.4.6\lib\</path>
         <kind>archive</kind>
         <file>rts430_eabi.lib</file>
         <name>asr16.obj</name>
      </input_file>
      <input_file id="fl-36">
         <path>E:\ti\ccsv6\tools\compiler\ti-cgt-msp430_4.4.6\lib\</path>
         <kind>archive</kind>
         <file>rts430_eabi.lib</file>
         <name>boot.obj</name>
      </input_file>
      <input_file id="fl-37">
         <path>E:\ti\ccsv6\tools\compiler\ti-cgt-msp430_4.4.6\lib\</path>
         <kind>archive</kind>
         <file>rts430_eabi.lib</file>
         <name>boot_special.obj</name>
      </input_file>
      <input_file id="fl-38">
         <path>E:\ti\ccsv6\tools\compiler\ti-cgt-msp430_4.4.6\lib\</path>
         <kind>archive</kind>
         <file>rts430_eabi.lib</file>
         <name>copy_decompress_none.obj</name>
      </input_file>
      <input_file id="fl-39">
         <path>E:\ti\ccsv6\tools\compiler\ti-cgt-msp430_4.4.6\lib\</path>
         <kind>archive</kind>
         <file>rts430_eabi.lib</file>
         <name>copy_decompress_rle.obj</name>
      </input_file>
      <input_file id="fl-3a">
         <path>E:\ti\ccsv6\tools\compiler\ti-cgt-msp430_4.4.6\lib\</path>
         <kind>archive</kind>
         <file>rts430_eabi.lib</file>
         <name>copy_zero_init.obj</name>
      </input_file>
      <input_file id="fl-3b">
         <path>E:\ti\ccsv6\tools\compiler\ti-cgt-msp430_4.4.6\lib\</path>
         <kind>archive</kind>
         <file>rts430_eabi.lib</file>
         <name>div16s.obj</name>
      </input_file>
      <input_file id="fl-3c">
         <path>E:\ti\ccsv6\tools\compiler\ti-cgt-msp430_4.4.6\lib\</path>
         <kind>archive</kind>
         <file>rts430_eabi.lib</file>
         <name>div16u.obj</name>
      </input_file>
      <input_file id="fl-3d">
         <path>E:\ti\ccsv6\tools\compiler\ti-cgt-msp430_4.4.6\lib\</path>
         <kind>archive</kind>
         <file>rts430_eabi.lib</file>
         <name>epilog.obj</name>
      </input_file>
      <input_file id="fl-3e">
         <path>E:\ti\ccsv6\tools\compiler\ti-cgt-msp430_4.4.6\lib\</path>
         <kind>archive</kind>
         <file>rts430_eabi.lib</file>
         <name>exit.obj</name>
      </input_file>
      <input_file id="fl-3f">
         <path>E:\ti\ccsv6\tools\compiler\ti-cgt-msp430_4.4.6\lib\</path>
         <kind>archive</kind>
         <file>rts430_eabi.lib</file>
         <name>exit_gvars.obj</name>
      </input_file>
      <input_file id="fl-40">
         <path>E:\ti\ccsv6\tools\compiler\ti-cgt-msp430_4.4.6\lib\</path>
         <kind>archive</kind>
         <file>rts430_eabi.lib</file>
         <name>int02.obj</name>
      </input_file>
      <input_file id="fl-41">
         <path>E:\ti\ccsv6\tools\compiler\ti-cgt-msp430_4.4.6\lib\</path>
         <kind>archive</kind>
         <file>rts430_eabi.lib</file>
         <name>int03.obj</name>
      </input_file>
      <input_file id="fl-42">
         <path>E:\ti\ccsv6\tools\compiler\ti-cgt-msp430_4.4.6\lib\</path>
         <kind>archive</kind>
         <file>rts430_eabi.lib</file>
         <name>int04.obj</name>
      </input_file>
      <input_file id="fl-43">
         <path>E:\ti\ccsv6\tools\compiler\ti-cgt-msp430_4.4.6\lib\</path>
         <kind>archive</kind>
         <file>rts430_eabi.lib</file>
         <name>int05.obj</name>
      </input_file>
      <input_file id="fl-44">
         <path>E:\ti\ccsv6\tools\compiler\ti-cgt-msp430_4.4.6\lib\</path>
         <kind>archive</kind>
         <file>rts430_eabi.lib</file>
         <name>int08.obj</name>
      </input_file>
      <input_file id="fl-45">
         <path>E:\ti\ccsv6\tools\compiler\ti-cgt-msp430_4.4.6\lib\</path>
         <kind>archive</kind>
         <file>rts430_eabi.lib</file>
         <name>int11.obj</name>
      </input_file>
      <input_file id="fl-46">
         <path>E:\ti\ccsv6\tools\compiler\ti-cgt-msp430_4.4.6\lib\</path>
         <kind>archive</kind>
         <file>rts430_eabi.lib</file>
         <name>int14.obj</name>
      </input_file>
      <input_file id="fl-47">
         <path>E:\ti\ccsv6\tools\compiler\ti-cgt-msp430_4.4.6\lib\</path>
         <kind>archive</kind>
         <file>rts430_eabi.lib</file>
         <name>isr_trap.obj</name>
      </input_file>
      <input_file id="fl-48">
         <path>E:\ti\ccsv6\tools\compiler\ti-cgt-msp430_4.4.6\lib\</path>
         <kind>archive</kind>
         <file>rts430_eabi.lib</file>
         <name>lsl16.obj</name>
      </input_file>
      <input_file id="fl-49">
         <path>E:\ti\ccsv6\tools\compiler\ti-cgt-msp430_4.4.6\lib\</path>
         <kind>archive</kind>
         <file>rts430_eabi.lib</file>
         <name>lsr16.obj</name>
      </input_file>
      <input_file id="fl-4a">
         <path>E:\ti\ccsv6\tools\compiler\ti-cgt-msp430_4.4.6\lib\</path>
         <kind>archive</kind>
         <file>rts430_eabi.lib</file>
         <name>memcpy.obj</name>
      </input_file>
      <input_file id="fl-4b">
         <path>E:\ti\ccsv6\tools\compiler\ti-cgt-msp430_4.4.6\lib\</path>
         <kind>archive</kind>
         <file>rts430_eabi.lib</file>
         <name>memset.obj</name>
      </input_file>
      <input_file id="fl-4c">
         <path>E:\ti\ccsv6\tools\compiler\ti-cgt-msp430_4.4.6\lib\</path>
         <kind>archive</kind>
         <file>rts430_eabi.lib</file>
         <name>mpu_init.obj</name>
      </input_file>
      <input_file id="fl-4d">
         <path>E:\ti\ccsv6\tools\compiler\ti-cgt-msp430_4.4.6\lib\</path>
         <kind>archive</kind>
         <file>rts430_eabi.lib</file>
         <name>mult16.obj</name>
      </input_file>
      <input_file id="fl-4e">
         <path>E:\ti\ccsv6\tools\compiler\ti-cgt-msp430_4.4.6\lib\</path>
         <kind>archive</kind>
         <file>rts430_eabi.lib</file>
         <name>pre_init.obj</name>
      </input_file>
      <input_file id="fl-4f">
         <path>E:\ti\ccsv6\tools\compiler\ti-cgt-msp430_4.4.6\lib\</path>
         <kind>archive</kind>
         <file>rts430_eabi.lib</file>
         <name>sprintf.obj</name>
      </input_file>
      <input_file id="fl-50">
         <path>E:\ti\ccsv6\tools\compiler\ti-cgt-msp430_4.4.6\lib\</path>
         <kind>archive</kind>
         <file>rts430_eabi.lib</file>
         <name>_lock.obj</name>
      </input_file>
      <input_file id="fl-51">
         <path>E:\ti\ccsv6\tools\compiler\ti-cgt-msp430_4.4.6\lib\</path>
         <kind>archive</kind>
         <file>rts430_eabi.lib</file>
         <name>_printfi_min.obj</name>
      </input_file>
      <input_file id="fl-52">
         <path>E:\ti\ccsv6\tools\compiler\ti-cgt-msp430_4.4.6\lib\</path>
         <kind>archive</kind>
         <file>rts430_eabi.lib</file>
         <name>args_main.obj</name>
      </input_file>
      <input_file id="fl-53">
         <path>E:\ti\ccsv6\tools\compiler\ti-cgt-msp430_4.4.6\lib\</path>
         <kind>archive</kind>
         <file>rts430_eabi.lib</file>
         <name>autoinit.obj</name>
      </input_file>
      <input_file id="fl-54">
         <path>E:\ti\ccsv6\tools\compiler\ti-cgt-msp430_4.4.6\lib\</path>
         <kind>archive</kind>
         <file>rts430_eabi.lib</file>
         <name>memccpy.obj</name>
      </input_file>
      <input_file id="fl-55">
         <path>E:\ti\ccsv6\tools\compiler\ti-cgt-msp430_4.4.6\lib\</path>
         <kind>archive</kind>
         <file>rts430_eabi.lib</file>
         <name>strlen.obj</name>
      </input_file>
   </input_file_list>
   <object_component_list>
      <object_component id="oc-17e">
         <name>.common:baseCnt</name>
         <uninitialized>true</uninitialized>
         <run_address>0x200</run_address>
         <size>0xc</size>
      </object_component>
      <object_component id="oc-188">
         <name>.common:measCnt</name>
         <uninitialized>true</uninitialized>
         <run_address>0x20c</run_address>
         <size>0x8</size>
      </object_component>
      <object_component id="oc-10f">
         <name>.common:txData</name>
         <uninitialized>true</uninitialized>
         <run_address>0x216</run_address>
         <size>0x2</size>
      </object_component>
      <object_component id="oc-19c">
         <name>.common:deltaCnts</name>
         <uninitialized>true</uninitialized>
         <run_address>0x214</run_address>
         <size>0x2</size>
      </object_component>
      <object_component id="oc-84">
         <name>.stack</name>
         <uninitialized>true</uninitialized>
         <run_address>0x2b0</run_address>
         <size>0x2</size>
         <input_file_ref idref="fl-36"/>
      </object_component>
      <object_component id="oc-2e2">
         <name>.stack</name>
         <uninitialized>true</uninitialized>
         <run_address>0x2b0</run_address>
         <size>0x0</size>
      </object_component>
      <object_component id="oc-19f">
         <name>.text:TI_CAPT_Custom</name>
         <load_address>0xe000</load_address>
         <run_address>0xe000</run_address>
         <size>0x3a6</size>
         <input_file_ref idref="fl-3"/>
      </object_component>
      <object_component id="oc-1aa">
         <name>.text:TI_CAPT_Wheel</name>
         <load_address>0xe3a6</load_address>
         <run_address>0xe3a6</run_address>
         <size>0x1c2</size>
         <input_file_ref idref="fl-3"/>
      </object_component>
      <object_component id="oc-14b">
         <name>.text:CapTouchActiveMode</name>
         <load_address>0xe568</load_address>
         <run_address>0xe568</run_address>
         <size>0x1c0</size>
         <input_file_ref idref="fl-6"/>
      </object_component>
      <object_component id="oc-1d5">
         <name>.text:TI_CTS_RO_PINOSC_TA0_WDTp_HAL</name>
         <load_address>0xe728</load_address>
         <run_address>0xe728</run_address>
         <size>0x12a</size>
         <input_file_ref idref="fl-2"/>
      </object_component>
      <object_component id="oc-257">
         <name>.text:_setfield</name>
         <load_address>0xe852</load_address>
         <run_address>0xe852</run_address>
         <size>0x116</size>
         <input_file_ref idref="fl-51"/>
      </object_component>
      <object_component id="oc-213">
         <name>.text:Dominant_Element</name>
         <load_address>0xe968</load_address>
         <run_address>0xe968</run_address>
         <size>0xce</size>
         <input_file_ref idref="fl-3"/>
      </object_component>
      <object_component id="oc-23c">
         <name>.text:__TI_printfi_minimal</name>
         <load_address>0xea36</load_address>
         <run_address>0xea36</run_address>
         <size>0xca</size>
         <input_file_ref idref="fl-51"/>
      </object_component>
      <object_component id="oc-1bb">
         <name>.text:GetGesture</name>
         <load_address>0xeb00</load_address>
         <run_address>0xeb00</run_address>
         <size>0x72</size>
         <input_file_ref idref="fl-6"/>
      </object_component>
      <object_component id="oc-95">
         <name>.text:__TI_decompress_rle_core</name>
         <load_address>0xeb72</load_address>
         <run_address>0xeb72</run_address>
         <size>0x64</size>
         <input_file_ref idref="fl-39"/>
      </object_component>
      <object_component id="oc-139">
         <name>.text:TI_CAPT_Update_Baseline</name>
         <load_address>0xebd6</load_address>
         <run_address>0xebd6</run_address>
         <size>0x62</size>
         <input_file_ref idref="fl-3"/>
      </object_component>
      <object_component id="oc-13f">
         <name>.text:CapTouchIdleMode</name>
         <load_address>0xec38</load_address>
         <run_address>0xec38</run_address>
         <size>0x60</size>
         <input_file_ref idref="fl-6"/>
      </object_component>
      <object_component id="oc-c0">
         <name>.text:_auto_init</name>
         <load_address>0xec98</load_address>
         <run_address>0xec98</run_address>
         <size>0x58</size>
         <input_file_ref idref="fl-53"/>
      </object_component>
      <object_component id="oc-291">
         <name>.text:_ltostr</name>
         <load_address>0xecf0</load_address>
         <run_address>0xecf0</run_address>
         <size>0x56</size>
         <input_file_ref idref="fl-51"/>
      </object_component>
      <object_component id="oc-279">
         <name>.text:_pproc_diouxp</name>
         <load_address>0xed46</load_address>
         <run_address>0xed46</run_address>
         <size>0x4e</size>
         <input_file_ref idref="fl-51"/>
      </object_component>
      <object_component id="oc-206">
         <name>.text</name>
         <load_address>0xed94</load_address>
         <run_address>0xed94</run_address>
         <size>0x4c</size>
         <input_file_ref idref="fl-49"/>
      </object_component>
      <object_component id="oc-a7">
         <name>.text:Timer_A0_ISR</name>
         <load_address>0xede0</load_address>
         <run_address>0xede0</run_address>
         <size>0x4a</size>
         <input_file_ref idref="fl-5"/>
      </object_component>
      <object_component id="oc-12a">
         <name>.text:InitLaunchPadCore</name>
         <load_address>0xee2a</load_address>
         <run_address>0xee2a</run_address>
         <size>0x48</size>
         <input_file_ref idref="fl-6"/>
      </object_component>
      <object_component id="oc-25d">
         <name>.text:_pproc_str</name>
         <load_address>0xee72</load_address>
         <run_address>0xee72</run_address>
         <size>0x48</size>
         <input_file_ref idref="fl-51"/>
      </object_component>
      <object_component id="oc-196">
         <name>.text:SendData</name>
         <load_address>0xeeba</load_address>
         <run_address>0xeeba</run_address>
         <size>0x42</size>
         <input_file_ref idref="fl-6"/>
      </object_component>
      <object_component id="oc-da">
         <name>.text:main</name>
         <load_address>0xeefc</load_address>
         <run_address>0xeefc</run_address>
         <size>0x3e</size>
         <input_file_ref idref="fl-6"/>
      </object_component>
      <object_component id="oc-145">
         <name>.text:MeasureCapBaseLine</name>
         <load_address>0xef3a</load_address>
         <run_address>0xef3a</run_address>
         <size>0x38</size>
         <input_file_ref idref="fl-6"/>
      </object_component>
      <object_component id="oc-1dc">
         <name>.text:TimerA_UART_init</name>
         <load_address>0xef72</load_address>
         <run_address>0xef72</run_address>
         <size>0x38</size>
         <input_file_ref idref="fl-5"/>
      </object_component>
      <object_component id="oc-1f5">
         <name>.text:sprintf</name>
         <load_address>0xefaa</load_address>
         <run_address>0xefaa</run_address>
         <size>0x38</size>
         <input_file_ref idref="fl-4f"/>
      </object_component>
      <object_component id="oc-28b">
         <name>.text:_getarg_diouxp</name>
         <load_address>0xefe2</load_address>
         <run_address>0xefe2</run_address>
         <size>0x2e</size>
         <input_file_ref idref="fl-51"/>
      </object_component>
      <object_component id="oc-226">
         <name>.text:TimerA_UART_tx</name>
         <load_address>0xf010</load_address>
         <run_address>0xf010</run_address>
         <size>0x2c</size>
         <input_file_ref idref="fl-5"/>
      </object_component>
      <object_component id="oc-1b6">
         <name>.text</name>
         <load_address>0xf03c</load_address>
         <run_address>0xf03c</run_address>
         <size>0x2c</size>
         <input_file_ref idref="fl-3b"/>
      </object_component>
      <object_component id="oc-20b">
         <name>.text</name>
         <load_address>0xf068</load_address>
         <run_address>0xf068</run_address>
         <size>0x2c</size>
         <input_file_ref idref="fl-48"/>
      </object_component>
      <object_component id="oc-1e8">
         <name>.text:TimerA_UART_shutdown</name>
         <load_address>0xf094</load_address>
         <run_address>0xf094</run_address>
         <size>0x1c</size>
         <input_file_ref idref="fl-5"/>
      </object_component>
      <object_component id="oc-1b0">
         <name>.text:TI_CAPT_Button</name>
         <load_address>0xf0b0</load_address>
         <run_address>0xf0b0</run_address>
         <size>0x1a</size>
         <input_file_ref idref="fl-3"/>
      </object_component>
      <object_component id="oc-60">
         <name>.text:_c_int00_noargs_noexit</name>
         <load_address>0xf0ca</load_address>
         <run_address>0xf0ca</run_address>
         <size>0x1a</size>
         <input_file_ref idref="fl-37"/>
      </object_component>
      <object_component id="oc-230">
         <name>.text:_outs</name>
         <load_address>0xf0e4</load_address>
         <run_address>0xf0e4</run_address>
         <size>0x1a</size>
         <input_file_ref idref="fl-4f"/>
      </object_component>
      <object_component id="oc-27f">
         <name>.text:memccpy</name>
         <load_address>0xf0fe</load_address>
         <run_address>0xf0fe</run_address>
         <size>0x1a</size>
         <input_file_ref idref="fl-54"/>
      </object_component>
      <object_component id="oc-2a0">
         <name>.text:_div</name>
         <load_address>0xf118</load_address>
         <run_address>0xf118</run_address>
         <size>0x18</size>
         <input_file_ref idref="fl-51"/>
      </object_component>
      <object_component id="oc-190">
         <name>.text:myprint</name>
         <load_address>0xf130</load_address>
         <run_address>0xf130</run_address>
         <size>0x16</size>
         <input_file_ref idref="fl-6"/>
      </object_component>
      <object_component id="oc-219">
         <name>.text</name>
         <load_address>0xf146</load_address>
         <run_address>0xf146</run_address>
         <size>0x16</size>
         <input_file_ref idref="fl-3c"/>
      </object_component>
      <object_component id="oc-42">
         <name>.text:decompress:ZI:__TI_zero_init</name>
         <load_address>0xf15c</load_address>
         <run_address>0xf15c</run_address>
         <size>0x14</size>
         <input_file_ref idref="fl-3a"/>
      </object_component>
      <object_component id="oc-1ef">
         <name>.text:memset</name>
         <load_address>0xf170</load_address>
         <run_address>0xf170</run_address>
         <size>0x14</size>
         <input_file_ref idref="fl-4b"/>
      </object_component>
      <object_component id="oc-1c1">
         <name>.text</name>
         <load_address>0xf184</load_address>
         <run_address>0xf184</run_address>
         <size>0x14</size>
         <input_file_ref idref="fl-4d"/>
      </object_component>
      <object_component id="oc-1e2">
         <name>.text:TimerA_UART_print</name>
         <load_address>0xf198</load_address>
         <run_address>0xf198</run_address>
         <size>0x12</size>
         <input_file_ref idref="fl-5"/>
      </object_component>
      <object_component id="oc-236">
         <name>.text:_outc</name>
         <load_address>0xf1aa</load_address>
         <run_address>0xf1aa</run_address>
         <size>0x12</size>
         <input_file_ref idref="fl-4f"/>
      </object_component>
      <object_component id="oc-2d">
         <name>.text:decompress:none:__TI_decompress_none</name>
         <load_address>0xf1bc</load_address>
         <run_address>0xf1bc</run_address>
         <size>0x12</size>
         <input_file_ref idref="fl-38"/>
      </object_component>
      <object_component id="oc-88">
         <name>.text:memcpy</name>
         <load_address>0xf1ce</load_address>
         <run_address>0xf1ce</run_address>
         <size>0x12</size>
         <input_file_ref idref="fl-4a"/>
      </object_component>
      <object_component id="oc-133">
         <name>.text:TI_CAPT_Init_Baseline</name>
         <load_address>0xf1e0</load_address>
         <run_address>0xf1e0</run_address>
         <size>0x10</size>
         <input_file_ref idref="fl-3"/>
      </object_component>
      <object_component id="oc-103">
         <name>.text</name>
         <load_address>0xf1f0</load_address>
         <run_address>0xf1f0</run_address>
         <size>0x10</size>
         <input_file_ref idref="fl-3d"/>
      </object_component>
      <object_component id="oc-181">
         <name>.text:TI_CAPT_Raw</name>
         <load_address>0xf200</load_address>
         <run_address>0xf200</run_address>
         <size>0xe</size>
         <input_file_ref idref="fl-3"/>
      </object_component>
      <object_component id="oc-251">
         <name>.text:strlen</name>
         <load_address>0xf20e</load_address>
         <run_address>0xf20e</run_address>
         <size>0xe</size>
         <input_file_ref idref="fl-55"/>
      </object_component>
      <object_component id="oc-ad">
         <name>.text:watchdog_timer</name>
         <load_address>0xf21c</load_address>
         <run_address>0xf21c</run_address>
         <size>0x8</size>
         <input_file_ref idref="fl-2"/>
      </object_component>
      <object_component id="oc-a2">
         <name>.text:_isr:__TI_ISR_TRAP</name>
         <load_address>0xf224</load_address>
         <run_address>0xf224</run_address>
         <size>0x6</size>
         <input_file_ref idref="fl-47"/>
      </object_component>
      <object_component id="oc-33">
         <name>.text:decompress:rle24:__TI_decompress_rle24</name>
         <load_address>0xf22a</load_address>
         <run_address>0xf22a</run_address>
         <size>0x6</size>
         <input_file_ref idref="fl-39"/>
      </object_component>
      <object_component id="oc-ba">
         <name>.text:_system_pre_init</name>
         <load_address>0xf230</load_address>
         <run_address>0xf230</run_address>
         <size>0x4</size>
         <input_file_ref idref="fl-4e"/>
      </object_component>
      <object_component id="oc-e2">
         <name>.text:abort</name>
         <load_address>0xf234</load_address>
         <run_address>0xf234</run_address>
         <size>0x4</size>
         <input_file_ref idref="fl-3e"/>
      </object_component>
      <object_component id="oc-2e1">
         <name>.cinit..data.load</name>
         <load_address>0xf3ae</load_address>
         <run_address>0xf3ae</run_address>
         <size>0xe</size>
      </object_component>
      <object_component id="oc-2de">
         <name>__TI_handler_table</name>
         <load_address>0xf3bc</load_address>
         <run_address>0xf3bc</run_address>
         <size>0x6</size>
      </object_component>
      <object_component id="oc-2e0">
         <name>.cinit..bss.load</name>
         <load_address>0xf3c2</load_address>
         <run_address>0xf3c2</run_address>
         <size>0x4</size>
      </object_component>
      <object_component id="oc-2df">
         <name>__TI_cinit_table</name>
         <load_address>0xf3c6</load_address>
         <run_address>0xf3c6</run_address>
         <size>0x8</size>
      </object_component>
      <object_component id="oc-18f">
         <name>.const:.string</name>
         <load_address>0xf238</load_address>
         <run_address>0xf238</run_address>
         <size>0xea</size>
         <input_file_ref idref="fl-6"/>
      </object_component>
      <object_component id="oc-130">
         <name>.const</name>
         <load_address>0xf322</load_address>
         <run_address>0xf322</run_address>
         <size>0x78</size>
         <input_file_ref idref="fl-4"/>
      </object_component>
      <object_component id="oc-278">
         <name>.const:.string</name>
         <load_address>0xf39a</load_address>
         <run_address>0xf39a</run_address>
         <size>0x14</size>
         <input_file_ref idref="fl-51"/>
      </object_component>
      <object_component id="oc-39">
         <name>.int02</name>
         <load_address>0xffe4</load_address>
         <run_address>0xffe4</run_address>
         <size>0x2</size>
         <input_file_ref idref="fl-40"/>
      </object_component>
      <object_component id="oc-3a">
         <name>.int03</name>
         <load_address>0xffe6</load_address>
         <run_address>0xffe6</run_address>
         <size>0x2</size>
         <input_file_ref idref="fl-41"/>
      </object_component>
      <object_component id="oc-3b">
         <name>.int04</name>
         <load_address>0xffe8</load_address>
         <run_address>0xffe8</run_address>
         <size>0x2</size>
         <input_file_ref idref="fl-42"/>
      </object_component>
      <object_component id="oc-3c">
         <name>.int05</name>
         <load_address>0xffea</load_address>
         <run_address>0xffea</run_address>
         <size>0x2</size>
         <input_file_ref idref="fl-43"/>
      </object_component>
      <object_component id="oc-3d">
         <name>.int08</name>
         <load_address>0xfff0</load_address>
         <run_address>0xfff0</run_address>
         <size>0x2</size>
         <input_file_ref idref="fl-44"/>
      </object_component>
      <object_component id="oc-3e">
         <name>.int09</name>
         <load_address>0xfff2</load_address>
         <run_address>0xfff2</run_address>
         <size>0x2</size>
         <input_file_ref idref="fl-5"/>
      </object_component>
      <object_component id="oc-3f">
         <name>.int10</name>
         <load_address>0xfff4</load_address>
         <run_address>0xfff4</run_address>
         <size>0x2</size>
         <input_file_ref idref="fl-2"/>
      </object_component>
      <object_component id="oc-40">
         <name>.int11</name>
         <load_address>0xfff6</load_address>
         <run_address>0xfff6</run_address>
         <size>0x2</size>
         <input_file_ref idref="fl-45"/>
      </object_component>
      <object_component id="oc-41">
         <name>.int14</name>
         <load_address>0xfffc</load_address>
         <run_address>0xfffc</run_address>
         <size>0x2</size>
         <input_file_ref idref="fl-46"/>
      </object_component>
      <object_component id="oc-87">
         <name>.reset</name>
         <load_address>0xfffe</load_address>
         <run_address>0xfffe</run_address>
         <size>0x2</size>
         <input_file_ref idref="fl-36"/>
      </object_component>
      <object_component id="oc-203">
         <name>.data</name>
         <load_address>0x21e</load_address>
         <run_address>0x21e</run_address>
         <size>0x2</size>
         <input_file_ref idref="fl-3"/>
      </object_component>
      <object_component id="oc-10c">
         <name>.data</name>
         <load_address>0x220</load_address>
         <run_address>0x220</run_address>
         <size>0x2</size>
         <input_file_ref idref="fl-5"/>
      </object_component>
      <object_component id="oc-1a7">
         <name>.data</name>
         <load_address>0x218</load_address>
         <run_address>0x218</run_address>
         <size>0x6</size>
         <input_file_ref idref="fl-6"/>
      </object_component>
      <object_component id="oc-223">
         <name>.debug_info</name>
         <load_address>0x0</load_address>
         <run_address>0x0</run_address>
         <size>0x2ea</size>
         <input_file_ref idref="fl-2"/>
      </object_component>
      <object_component id="oc-1d6">
         <name>.debug_info</name>
         <load_address>0x2ea</load_address>
         <run_address>0x2ea</run_address>
         <size>0x2f9</size>
         <input_file_ref idref="fl-2"/>
      </object_component>
      <object_component id="oc-ae">
         <name>.debug_info</name>
         <load_address>0x5e3</load_address>
         <run_address>0x5e3</run_address>
         <size>0x13a</size>
         <input_file_ref idref="fl-2"/>
      </object_component>
      <object_component id="oc-1ce">
         <name>.debug_info</name>
         <load_address>0x71d</load_address>
         <run_address>0x71d</run_address>
         <size>0x20f</size>
         <input_file_ref idref="fl-2"/>
      </object_component>
      <object_component id="oc-f0">
         <name>.debug_info</name>
         <load_address>0x92c</load_address>
         <run_address>0x92c</run_address>
         <size>0x84</size>
         <input_file_ref idref="fl-2"/>
      </object_component>
      <object_component id="oc-18a">
         <name>.debug_info</name>
         <load_address>0x9b0</load_address>
         <run_address>0x9b0</run_address>
         <size>0x18b</size>
         <input_file_ref idref="fl-2"/>
      </object_component>
      <object_component id="oc-17f">
         <name>.debug_info</name>
         <load_address>0xb3b</load_address>
         <run_address>0xb3b</run_address>
         <size>0x259</size>
         <input_file_ref idref="fl-3"/>
      </object_component>
      <object_component id="oc-204">
         <name>.debug_info</name>
         <load_address>0xd94</load_address>
         <run_address>0xd94</run_address>
         <size>0xf0</size>
         <input_file_ref idref="fl-3"/>
      </object_component>
      <object_component id="oc-183">
         <name>.debug_info</name>
         <load_address>0xe84</load_address>
         <run_address>0xe84</run_address>
         <size>0x1bd</size>
         <input_file_ref idref="fl-3"/>
      </object_component>
      <object_component id="oc-135">
         <name>.debug_info</name>
         <load_address>0x1041</load_address>
         <run_address>0x1041</run_address>
         <size>0x1aa</size>
         <input_file_ref idref="fl-3"/>
      </object_component>
      <object_component id="oc-13a">
         <name>.debug_info</name>
         <load_address>0x11eb</load_address>
         <run_address>0x11eb</run_address>
         <size>0x216</size>
         <input_file_ref idref="fl-3"/>
      </object_component>
      <object_component id="oc-1a1">
         <name>.debug_info</name>
         <load_address>0x1401</load_address>
         <run_address>0x1401</run_address>
         <size>0x277</size>
         <input_file_ref idref="fl-3"/>
      </object_component>
      <object_component id="oc-1b1">
         <name>.debug_info</name>
         <load_address>0x1678</load_address>
         <run_address>0x1678</run_address>
         <size>0x194</size>
         <input_file_ref idref="fl-3"/>
      </object_component>
      <object_component id="oc-1ac">
         <name>.debug_info</name>
         <load_address>0x180c</load_address>
         <run_address>0x180c</run_address>
         <size>0x38b</size>
         <input_file_ref idref="fl-3"/>
      </object_component>
      <object_component id="oc-214">
         <name>.debug_info</name>
         <load_address>0x1b97</load_address>
         <run_address>0x1b97</run_address>
         <size>0x242</size>
         <input_file_ref idref="fl-3"/>
      </object_component>
      <object_component id="oc-17d">
         <name>.debug_info</name>
         <load_address>0x1dd9</load_address>
         <run_address>0x1dd9</run_address>
         <size>0x137</size>
         <input_file_ref idref="fl-4"/>
      </object_component>
      <object_component id="oc-131">
         <name>.debug_info</name>
         <load_address>0x1f10</load_address>
         <run_address>0x1f10</run_address>
         <size>0x21c</size>
         <input_file_ref idref="fl-4"/>
      </object_component>
      <object_component id="oc-110">
         <name>.debug_info</name>
         <load_address>0x212c</load_address>
         <run_address>0x212c</run_address>
         <size>0x33e</size>
         <input_file_ref idref="fl-5"/>
      </object_component>
      <object_component id="oc-10d">
         <name>.debug_info</name>
         <load_address>0x246a</load_address>
         <run_address>0x246a</run_address>
         <size>0xf3</size>
         <input_file_ref idref="fl-5"/>
      </object_component>
      <object_component id="oc-1dd">
         <name>.debug_info</name>
         <load_address>0x255d</load_address>
         <run_address>0x255d</run_address>
         <size>0x131</size>
         <input_file_ref idref="fl-5"/>
      </object_component>
      <object_component id="oc-1eb">
         <name>.debug_info</name>
         <load_address>0x268e</load_address>
         <run_address>0x268e</run_address>
         <size>0x139</size>
         <input_file_ref idref="fl-5"/>
      </object_component>
      <object_component id="oc-227">
         <name>.debug_info</name>
         <load_address>0x27c7</load_address>
         <run_address>0x27c7</run_address>
         <size>0x14f</size>
         <input_file_ref idref="fl-5"/>
      </object_component>
      <object_component id="oc-1e5">
         <name>.debug_info</name>
         <load_address>0x2916</load_address>
         <run_address>0x2916</run_address>
         <size>0x172</size>
         <input_file_ref idref="fl-5"/>
      </object_component>
      <object_component id="oc-aa">
         <name>.debug_info</name>
         <load_address>0x2a88</load_address>
         <run_address>0x2a88</run_address>
         <size>0x149</size>
         <input_file_ref idref="fl-5"/>
      </object_component>
      <object_component id="oc-19d">
         <name>.debug_info</name>
         <load_address>0x2bd1</load_address>
         <run_address>0x2bd1</run_address>
         <size>0x6d5</size>
         <input_file_ref idref="fl-6"/>
      </object_component>
      <object_component id="oc-1a8">
         <name>.debug_info</name>
         <load_address>0x32a6</load_address>
         <run_address>0x32a6</run_address>
         <size>0x169</size>
         <input_file_ref idref="fl-6"/>
      </object_component>
      <object_component id="oc-dd">
         <name>.debug_info</name>
         <load_address>0x340f</load_address>
         <run_address>0x340f</run_address>
         <size>0x1f6</size>
         <input_file_ref idref="fl-6"/>
      </object_component>
      <object_component id="oc-193">
         <name>.debug_info</name>
         <load_address>0x3605</load_address>
         <run_address>0x3605</run_address>
         <size>0x1cf</size>
         <input_file_ref idref="fl-6"/>
      </object_component>
      <object_component id="oc-199">
         <name>.debug_info</name>
         <load_address>0x37d4</load_address>
         <run_address>0x37d4</run_address>
         <size>0x1d6</size>
         <input_file_ref idref="fl-6"/>
      </object_component>
      <object_component id="oc-12d">
         <name>.debug_info</name>
         <load_address>0x39aa</load_address>
         <run_address>0x39aa</run_address>
         <size>0x17b</size>
         <input_file_ref idref="fl-6"/>
      </object_component>
      <object_component id="oc-142">
         <name>.debug_info</name>
         <load_address>0x3b25</load_address>
         <run_address>0x3b25</run_address>
         <size>0x1ab</size>
         <input_file_ref idref="fl-6"/>
      </object_component>
      <object_component id="oc-148">
         <name>.debug_info</name>
         <load_address>0x3cd0</load_address>
         <run_address>0x3cd0</run_address>
         <size>0x1f1</size>
         <input_file_ref idref="fl-6"/>
      </object_component>
      <object_component id="oc-1bd">
         <name>.debug_info</name>
         <load_address>0x3ec1</load_address>
         <run_address>0x3ec1</run_address>
         <size>0x224</size>
         <input_file_ref idref="fl-6"/>
      </object_component>
      <object_component id="oc-14d">
         <name>.debug_info</name>
         <load_address>0x40e5</load_address>
         <run_address>0x40e5</run_address>
         <size>0x374</size>
         <input_file_ref idref="fl-6"/>
      </object_component>
      <object_component id="oc-1fe">
         <name>.debug_info</name>
         <load_address>0x4459</load_address>
         <run_address>0x4459</run_address>
         <size>0xc8</size>
         <input_file_ref idref="fl-6"/>
      </object_component>
      <object_component id="oc-265">
         <name>.debug_info</name>
         <load_address>0x4521</load_address>
         <run_address>0x4521</run_address>
         <size>0x2c</size>
         <input_file_ref idref="fl-6"/>
      </object_component>
      <object_component id="oc-85">
         <name>.debug_info</name>
         <load_address>0x454d</load_address>
         <run_address>0x454d</run_address>
         <size>0xd6</size>
         <input_file_ref idref="fl-36"/>
      </object_component>
      <object_component id="oc-62">
         <name>.debug_info</name>
         <load_address>0x4623</load_address>
         <run_address>0x4623</run_address>
         <size>0x177</size>
         <input_file_ref idref="fl-37"/>
      </object_component>
      <object_component id="oc-94">
         <name>.debug_info</name>
         <load_address>0x479a</load_address>
         <run_address>0x479a</run_address>
         <size>0x193</size>
         <input_file_ref idref="fl-38"/>
      </object_component>
      <object_component id="oc-2e">
         <name>.debug_info</name>
         <load_address>0x492d</load_address>
         <run_address>0x492d</run_address>
         <size>0x1c0</size>
         <input_file_ref idref="fl-38"/>
      </object_component>
      <object_component id="oc-8f">
         <name>.debug_info</name>
         <load_address>0x4aed</load_address>
         <run_address>0x4aed</run_address>
         <size>0x46</size>
         <input_file_ref idref="fl-38"/>
      </object_component>
      <object_component id="oc-fc">
         <name>.debug_info</name>
         <load_address>0x4b33</load_address>
         <run_address>0x4b33</run_address>
         <size>0x2c</size>
         <input_file_ref idref="fl-38"/>
      </object_component>
      <object_component id="oc-9c">
         <name>.debug_info</name>
         <load_address>0x4b5f</load_address>
         <run_address>0x4b5f</run_address>
         <size>0x155</size>
         <input_file_ref idref="fl-39"/>
      </object_component>
      <object_component id="oc-96">
         <name>.debug_info</name>
         <load_address>0x4cb4</load_address>
         <run_address>0x4cb4</run_address>
         <size>0x21b</size>
         <input_file_ref idref="fl-39"/>
      </object_component>
      <object_component id="oc-36">
         <name>.debug_info</name>
         <load_address>0x4ecf</load_address>
         <run_address>0x4ecf</run_address>
         <size>0x192</size>
         <input_file_ref idref="fl-39"/>
      </object_component>
      <object_component id="oc-9d">
         <name>.debug_info</name>
         <load_address>0x5061</load_address>
         <run_address>0x5061</run_address>
         <size>0x39</size>
         <input_file_ref idref="fl-39"/>
      </object_component>
      <object_component id="oc-b9">
         <name>.debug_info</name>
         <load_address>0x509a</load_address>
         <run_address>0x509a</run_address>
         <size>0x14b</size>
         <input_file_ref idref="fl-3a"/>
      </object_component>
      <object_component id="oc-43">
         <name>.debug_info</name>
         <load_address>0x51e5</load_address>
         <run_address>0x51e5</run_address>
         <size>0x196</size>
         <input_file_ref idref="fl-3a"/>
      </object_component>
      <object_component id="oc-b4">
         <name>.debug_info</name>
         <load_address>0x537b</load_address>
         <run_address>0x537b</run_address>
         <size>0x46</size>
         <input_file_ref idref="fl-3a"/>
      </object_component>
      <object_component id="oc-f7">
         <name>.debug_info</name>
         <load_address>0x53c1</load_address>
         <run_address>0x53c1</run_address>
         <size>0x2c</size>
         <input_file_ref idref="fl-3a"/>
      </object_component>
      <object_component id="oc-1b8">
         <name>.debug_info</name>
         <load_address>0x53ed</load_address>
         <run_address>0x53ed</run_address>
         <size>0x112</size>
         <input_file_ref idref="fl-3b"/>
      </object_component>
      <object_component id="oc-21b">
         <name>.debug_info</name>
         <load_address>0x54ff</load_address>
         <run_address>0x54ff</run_address>
         <size>0xfe</size>
         <input_file_ref idref="fl-3c"/>
      </object_component>
      <object_component id="oc-105">
         <name>.debug_info</name>
         <load_address>0x55fd</load_address>
         <run_address>0x55fd</run_address>
         <size>0x10b</size>
         <input_file_ref idref="fl-3d"/>
      </object_component>
      <object_component id="oc-e3">
         <name>.debug_info</name>
         <load_address>0x5708</load_address>
         <run_address>0x5708</run_address>
         <size>0xf8</size>
         <input_file_ref idref="fl-3e"/>
      </object_component>
      <object_component id="oc-a3">
         <name>.debug_info</name>
         <load_address>0x5800</load_address>
         <run_address>0x5800</run_address>
         <size>0xec</size>
         <input_file_ref idref="fl-47"/>
      </object_component>
      <object_component id="oc-20c">
         <name>.debug_info</name>
         <load_address>0x58ec</load_address>
         <run_address>0x58ec</run_address>
         <size>0xfd</size>
         <input_file_ref idref="fl-48"/>
      </object_component>
      <object_component id="oc-208">
         <name>.debug_info</name>
         <load_address>0x59e9</load_address>
         <run_address>0x59e9</run_address>
         <size>0xfd</size>
         <input_file_ref idref="fl-49"/>
      </object_component>
      <object_component id="oc-f6">
         <name>.debug_info</name>
         <load_address>0x5ae6</load_address>
         <run_address>0x5ae6</run_address>
         <size>0x14e</size>
         <input_file_ref idref="fl-4a"/>
      </object_component>
      <object_component id="oc-8b">
         <name>.debug_info</name>
         <load_address>0x5c34</load_address>
         <run_address>0x5c34</run_address>
         <size>0x172</size>
         <input_file_ref idref="fl-4a"/>
      </object_component>
      <object_component id="oc-22f">
         <name>.debug_info</name>
         <load_address>0x5da6</load_address>
         <run_address>0x5da6</run_address>
         <size>0x143</size>
         <input_file_ref idref="fl-4b"/>
      </object_component>
      <object_component id="oc-1f1">
         <name>.debug_info</name>
         <load_address>0x5ee9</load_address>
         <run_address>0x5ee9</run_address>
         <size>0x227</size>
         <input_file_ref idref="fl-4b"/>
      </object_component>
      <object_component id="oc-1c3">
         <name>.debug_info</name>
         <load_address>0x6110</load_address>
         <run_address>0x6110</run_address>
         <size>0xfe</size>
         <input_file_ref idref="fl-4d"/>
      </object_component>
      <object_component id="oc-bb">
         <name>.debug_info</name>
         <load_address>0x620e</load_address>
         <run_address>0x620e</run_address>
         <size>0x129</size>
         <input_file_ref idref="fl-4e"/>
      </object_component>
      <object_component id="oc-243">
         <name>.debug_info</name>
         <load_address>0x6337</load_address>
         <run_address>0x6337</run_address>
         <size>0x20e</size>
         <input_file_ref idref="fl-4f"/>
      </object_component>
      <object_component id="oc-1f7">
         <name>.debug_info</name>
         <load_address>0x6545</load_address>
         <run_address>0x6545</run_address>
         <size>0x198</size>
         <input_file_ref idref="fl-4f"/>
      </object_component>
      <object_component id="oc-233">
         <name>.debug_info</name>
         <load_address>0x66dd</load_address>
         <run_address>0x66dd</run_address>
         <size>0x16e</size>
         <input_file_ref idref="fl-4f"/>
      </object_component>
      <object_component id="oc-239">
         <name>.debug_info</name>
         <load_address>0x684b</load_address>
         <run_address>0x684b</run_address>
         <size>0x143</size>
         <input_file_ref idref="fl-4f"/>
      </object_component>
      <object_component id="oc-271">
         <name>.debug_info</name>
         <load_address>0x698e</load_address>
         <run_address>0x698e</run_address>
         <size>0x2c</size>
         <input_file_ref idref="fl-4f"/>
      </object_component>
      <object_component id="oc-264">
         <name>.debug_info</name>
         <load_address>0x69ba</load_address>
         <run_address>0x69ba</run_address>
         <size>0x2b3</size>
         <input_file_ref idref="fl-51"/>
      </object_component>
      <object_component id="oc-28c">
         <name>.debug_info</name>
         <load_address>0x6c6d</load_address>
         <run_address>0x6c6d</run_address>
         <size>0x188</size>
         <input_file_ref idref="fl-51"/>
      </object_component>
      <object_component id="oc-2a1">
         <name>.debug_info</name>
         <load_address>0x6df5</load_address>
         <run_address>0x6df5</run_address>
         <size>0x185</size>
         <input_file_ref idref="fl-51"/>
      </object_component>
      <object_component id="oc-292">
         <name>.debug_info</name>
         <load_address>0x6f7a</load_address>
         <run_address>0x6f7a</run_address>
         <size>0x1cd</size>
         <input_file_ref idref="fl-51"/>
      </object_component>
      <object_component id="oc-27a">
         <name>.debug_info</name>
         <load_address>0x7147</load_address>
         <run_address>0x7147</run_address>
         <size>0x210</size>
         <input_file_ref idref="fl-51"/>
      </object_component>
      <object_component id="oc-258">
         <name>.debug_info</name>
         <load_address>0x7357</load_address>
         <run_address>0x7357</run_address>
         <size>0x265</size>
         <input_file_ref idref="fl-51"/>
      </object_component>
      <object_component id="oc-25e">
         <name>.debug_info</name>
         <load_address>0x75bc</load_address>
         <run_address>0x75bc</run_address>
         <size>0x208</size>
         <input_file_ref idref="fl-51"/>
      </object_component>
      <object_component id="oc-23d">
         <name>.debug_info</name>
         <load_address>0x77c4</load_address>
         <run_address>0x77c4</run_address>
         <size>0x288</size>
         <input_file_ref idref="fl-51"/>
      </object_component>
      <object_component id="oc-26a">
         <name>.debug_info</name>
         <load_address>0x7a4c</load_address>
         <run_address>0x7a4c</run_address>
         <size>0x86</size>
         <input_file_ref idref="fl-51"/>
      </object_component>
      <object_component id="oc-298">
         <name>.debug_info</name>
         <load_address>0x7ad2</load_address>
         <run_address>0x7ad2</run_address>
         <size>0x39</size>
         <input_file_ref idref="fl-51"/>
      </object_component>
      <object_component id="oc-118">
         <name>.debug_info</name>
         <load_address>0x7b0b</load_address>
         <run_address>0x7b0b</run_address>
         <size>0x2ca</size>
         <input_file_ref idref="fl-53"/>
      </object_component>
      <object_component id="oc-c3">
         <name>.debug_info</name>
         <load_address>0x7dd5</load_address>
         <run_address>0x7dd5</run_address>
         <size>0x17c</size>
         <input_file_ref idref="fl-53"/>
      </object_component>
      <object_component id="oc-15c">
         <name>.debug_info</name>
         <load_address>0x7f51</load_address>
         <run_address>0x7f51</run_address>
         <size>0x39</size>
         <input_file_ref idref="fl-53"/>
      </object_component>
      <object_component id="oc-29e">
         <name>.debug_info</name>
         <load_address>0x7f8a</load_address>
         <run_address>0x7f8a</run_address>
         <size>0x144</size>
         <input_file_ref idref="fl-54"/>
      </object_component>
      <object_component id="oc-280">
         <name>.debug_info</name>
         <load_address>0x80ce</load_address>
         <run_address>0x80ce</run_address>
         <size>0x18c</size>
         <input_file_ref idref="fl-54"/>
      </object_component>
      <object_component id="oc-277">
         <name>.debug_info</name>
         <load_address>0x825a</load_address>
         <run_address>0x825a</run_address>
         <size>0x138</size>
         <input_file_ref idref="fl-55"/>
      </object_component>
      <object_component id="oc-253">
         <name>.debug_info</name>
         <load_address>0x8392</load_address>
         <run_address>0x8392</run_address>
         <size>0x1e2</size>
         <input_file_ref idref="fl-55"/>
      </object_component>
      <object_component id="oc-2e3">
         <name>.debug_info</name>
         <load_address>0x8574</load_address>
         <run_address>0x8574</run_address>
         <size>0xaf</size>
      </object_component>
      <object_component id="oc-24b">
         <name>.debug_line</name>
         <load_address>0x0</load_address>
         <run_address>0x0</run_address>
         <size>0x9c</size>
         <input_file_ref idref="fl-2"/>
      </object_component>
      <object_component id="oc-1da">
         <name>.debug_line</name>
         <load_address>0x9c</load_address>
         <run_address>0x9c</run_address>
         <size>0xa0</size>
         <input_file_ref idref="fl-2"/>
      </object_component>
      <object_component id="oc-b2">
         <name>.debug_line</name>
         <load_address>0x13c</load_address>
         <run_address>0x13c</run_address>
         <size>0x50</size>
         <input_file_ref idref="fl-2"/>
      </object_component>
      <object_component id="oc-1d1">
         <name>.debug_line</name>
         <load_address>0x18c</load_address>
         <run_address>0x18c</run_address>
         <size>0x3c</size>
         <input_file_ref idref="fl-2"/>
      </object_component>
      <object_component id="oc-f3">
         <name>.debug_line</name>
         <load_address>0x1c8</load_address>
         <run_address>0x1c8</run_address>
         <size>0x20</size>
         <input_file_ref idref="fl-2"/>
      </object_component>
      <object_component id="oc-18d">
         <name>.debug_line</name>
         <load_address>0x1e8</load_address>
         <run_address>0x1e8</run_address>
         <size>0x63</size>
         <input_file_ref idref="fl-2"/>
      </object_component>
      <object_component id="oc-1d4">
         <name>.debug_line</name>
         <load_address>0x24b</load_address>
         <run_address>0x24b</run_address>
         <size>0x56</size>
         <input_file_ref idref="fl-3"/>
      </object_component>
      <object_component id="oc-245">
         <name>.debug_line</name>
         <load_address>0x2a1</load_address>
         <run_address>0x2a1</run_address>
         <size>0x3c</size>
         <input_file_ref idref="fl-3"/>
      </object_component>
      <object_component id="oc-182">
         <name>.debug_line</name>
         <load_address>0x2dd</load_address>
         <run_address>0x2dd</run_address>
         <size>0x55</size>
         <input_file_ref idref="fl-3"/>
      </object_component>
      <object_component id="oc-134">
         <name>.debug_line</name>
         <load_address>0x332</load_address>
         <run_address>0x332</run_address>
         <size>0x52</size>
         <input_file_ref idref="fl-3"/>
      </object_component>
      <object_component id="oc-13d">
         <name>.debug_line</name>
         <load_address>0x384</load_address>
         <run_address>0x384</run_address>
         <size>0x69</size>
         <input_file_ref idref="fl-3"/>
      </object_component>
      <object_component id="oc-1a0">
         <name>.debug_line</name>
         <load_address>0x3ed</load_address>
         <run_address>0x3ed</run_address>
         <size>0x112</size>
         <input_file_ref idref="fl-3"/>
      </object_component>
      <object_component id="oc-1b4">
         <name>.debug_line</name>
         <load_address>0x4ff</load_address>
         <run_address>0x4ff</run_address>
         <size>0x5c</size>
         <input_file_ref idref="fl-3"/>
      </object_component>
      <object_component id="oc-1ab">
         <name>.debug_line</name>
         <load_address>0x55b</load_address>
         <run_address>0x55b</run_address>
         <size>0x8e</size>
         <input_file_ref idref="fl-3"/>
      </object_component>
      <object_component id="oc-217">
         <name>.debug_line</name>
         <load_address>0x5e9</load_address>
         <run_address>0x5e9</run_address>
         <size>0x7d</size>
         <input_file_ref idref="fl-3"/>
      </object_component>
      <object_component id="oc-1cd">
         <name>.debug_line</name>
         <load_address>0x666</load_address>
         <run_address>0x666</run_address>
         <size>0x55</size>
         <input_file_ref idref="fl-4"/>
      </object_component>
      <object_component id="oc-17c">
         <name>.debug_line</name>
         <load_address>0x6bb</load_address>
         <run_address>0x6bb</run_address>
         <size>0x3c</size>
         <input_file_ref idref="fl-4"/>
      </object_component>
      <object_component id="oc-159">
         <name>.debug_line</name>
         <load_address>0x6f7</load_address>
         <run_address>0x6f7</run_address>
         <size>0xb3</size>
         <input_file_ref idref="fl-5"/>
      </object_component>
      <object_component id="oc-157">
         <name>.debug_line</name>
         <load_address>0x7aa</load_address>
         <run_address>0x7aa</run_address>
         <size>0x37</size>
         <input_file_ref idref="fl-5"/>
      </object_component>
      <object_component id="oc-1e1">
         <name>.debug_line</name>
         <load_address>0x7e1</load_address>
         <run_address>0x7e1</run_address>
         <size>0x54</size>
         <input_file_ref idref="fl-5"/>
      </object_component>
      <object_component id="oc-1ea">
         <name>.debug_line</name>
         <load_address>0x835</load_address>
         <run_address>0x835</run_address>
         <size>0x51</size>
         <input_file_ref idref="fl-5"/>
      </object_component>
      <object_component id="oc-22a">
         <name>.debug_line</name>
         <load_address>0x886</load_address>
         <run_address>0x886</run_address>
         <size>0x52</size>
         <input_file_ref idref="fl-5"/>
      </object_component>
      <object_component id="oc-1e3">
         <name>.debug_line</name>
         <load_address>0x8d8</load_address>
         <run_address>0x8d8</run_address>
         <size>0x53</size>
         <input_file_ref idref="fl-5"/>
      </object_component>
      <object_component id="oc-a9">
         <name>.debug_line</name>
         <load_address>0x92b</load_address>
         <run_address>0x92b</run_address>
         <size>0x62</size>
         <input_file_ref idref="fl-5"/>
      </object_component>
      <object_component id="oc-1fd">
         <name>.debug_line</name>
         <load_address>0x98d</load_address>
         <run_address>0x98d</run_address>
         <size>0x252</size>
         <input_file_ref idref="fl-6"/>
      </object_component>
      <object_component id="oc-212">
         <name>.debug_line</name>
         <load_address>0xbdf</load_address>
         <run_address>0xbdf</run_address>
         <size>0x4f</size>
         <input_file_ref idref="fl-6"/>
      </object_component>
      <object_component id="oc-db">
         <name>.debug_line</name>
         <load_address>0xc2e</load_address>
         <run_address>0xc2e</run_address>
         <size>0x70</size>
         <input_file_ref idref="fl-6"/>
      </object_component>
      <object_component id="oc-192">
         <name>.debug_line</name>
         <load_address>0xc9e</load_address>
         <run_address>0xc9e</run_address>
         <size>0x67</size>
         <input_file_ref idref="fl-6"/>
      </object_component>
      <object_component id="oc-198">
         <name>.debug_line</name>
         <load_address>0xd05</load_address>
         <run_address>0xd05</run_address>
         <size>0x68</size>
         <input_file_ref idref="fl-6"/>
      </object_component>
      <object_component id="oc-12c">
         <name>.debug_line</name>
         <load_address>0xd6d</load_address>
         <run_address>0xd6d</run_address>
         <size>0x70</size>
         <input_file_ref idref="fl-6"/>
      </object_component>
      <object_component id="oc-141">
         <name>.debug_line</name>
         <load_address>0xddd</load_address>
         <run_address>0xddd</run_address>
         <size>0x78</size>
         <input_file_ref idref="fl-6"/>
      </object_component>
      <object_component id="oc-147">
         <name>.debug_line</name>
         <load_address>0xe55</load_address>
         <run_address>0xe55</run_address>
         <size>0x6b</size>
         <input_file_ref idref="fl-6"/>
      </object_component>
      <object_component id="oc-1bc">
         <name>.debug_line</name>
         <load_address>0xec0</load_address>
         <run_address>0xec0</run_address>
         <size>0x9d</size>
         <input_file_ref idref="fl-6"/>
      </object_component>
      <object_component id="oc-14c">
         <name>.debug_line</name>
         <load_address>0xf5d</load_address>
         <run_address>0xf5d</run_address>
         <size>0x145</size>
         <input_file_ref idref="fl-6"/>
      </object_component>
      <object_component id="oc-201">
         <name>.debug_line</name>
         <load_address>0x10a2</load_address>
         <run_address>0x10a2</run_address>
         <size>0x62</size>
         <input_file_ref idref="fl-6"/>
      </object_component>
      <object_component id="oc-268">
         <name>.debug_line</name>
         <load_address>0x1104</load_address>
         <run_address>0x1104</run_address>
         <size>0x63</size>
         <input_file_ref idref="fl-6"/>
      </object_component>
      <object_component id="oc-ef">
         <name>.debug_line</name>
         <load_address>0x1167</load_address>
         <run_address>0x1167</run_address>
         <size>0x2a</size>
         <input_file_ref idref="fl-36"/>
      </object_component>
      <object_component id="oc-64">
         <name>.debug_line</name>
         <load_address>0x1191</load_address>
         <run_address>0x1191</run_address>
         <size>0x4c</size>
         <input_file_ref idref="fl-37"/>
      </object_component>
      <object_component id="oc-102">
         <name>.debug_line</name>
         <load_address>0x11dd</load_address>
         <run_address>0x11dd</run_address>
         <size>0x80</size>
         <input_file_ref idref="fl-38"/>
      </object_component>
      <object_component id="oc-31">
         <name>.debug_line</name>
         <load_address>0x125d</load_address>
         <run_address>0x125d</run_address>
         <size>0x50</size>
         <input_file_ref idref="fl-38"/>
      </object_component>
      <object_component id="oc-92">
         <name>.debug_line</name>
         <load_address>0x12ad</load_address>
         <run_address>0x12ad</run_address>
         <size>0x3a</size>
         <input_file_ref idref="fl-38"/>
      </object_component>
      <object_component id="oc-ff">
         <name>.debug_line</name>
         <load_address>0x12e7</load_address>
         <run_address>0x12e7</run_address>
         <size>0x80</size>
         <input_file_ref idref="fl-38"/>
      </object_component>
      <object_component id="oc-10a">
         <name>.debug_line</name>
         <load_address>0x1367</load_address>
         <run_address>0x1367</run_address>
         <size>0x20</size>
         <input_file_ref idref="fl-39"/>
      </object_component>
      <object_component id="oc-99">
         <name>.debug_line</name>
         <load_address>0x1387</load_address>
         <run_address>0x1387</run_address>
         <size>0x87</size>
         <input_file_ref idref="fl-39"/>
      </object_component>
      <object_component id="oc-38">
         <name>.debug_line</name>
         <load_address>0x140e</load_address>
         <run_address>0x140e</run_address>
         <size>0x49</size>
         <input_file_ref idref="fl-39"/>
      </object_component>
      <object_component id="oc-a0">
         <name>.debug_line</name>
         <load_address>0x1457</load_address>
         <run_address>0x1457</run_address>
         <size>0x39</size>
         <input_file_ref idref="fl-39"/>
      </object_component>
      <object_component id="oc-115">
         <name>.debug_line</name>
         <load_address>0x1490</load_address>
         <run_address>0x1490</run_address>
         <size>0x20</size>
         <input_file_ref idref="fl-3a"/>
      </object_component>
      <object_component id="oc-46">
         <name>.debug_line</name>
         <load_address>0x14b0</load_address>
         <run_address>0x14b0</run_address>
         <size>0x4d</size>
         <input_file_ref idref="fl-3a"/>
      </object_component>
      <object_component id="oc-b7">
         <name>.debug_line</name>
         <load_address>0x14fd</load_address>
         <run_address>0x14fd</run_address>
         <size>0x34</size>
         <input_file_ref idref="fl-3a"/>
      </object_component>
      <object_component id="oc-fa">
         <name>.debug_line</name>
         <load_address>0x1531</load_address>
         <run_address>0x1531</run_address>
         <size>0x80</size>
         <input_file_ref idref="fl-3a"/>
      </object_component>
      <object_component id="oc-1ba">
         <name>.debug_line</name>
         <load_address>0x15b1</load_address>
         <run_address>0x15b1</run_address>
         <size>0x4d</size>
         <input_file_ref idref="fl-3b"/>
      </object_component>
      <object_component id="oc-21d">
         <name>.debug_line</name>
         <load_address>0x15fe</load_address>
         <run_address>0x15fe</run_address>
         <size>0x43</size>
         <input_file_ref idref="fl-3c"/>
      </object_component>
      <object_component id="oc-107">
         <name>.debug_line</name>
         <load_address>0x1641</load_address>
         <run_address>0x1641</run_address>
         <size>0x40</size>
         <input_file_ref idref="fl-3d"/>
      </object_component>
      <object_component id="oc-e7">
         <name>.debug_line</name>
         <load_address>0x1681</load_address>
         <run_address>0x1681</run_address>
         <size>0x3a</size>
         <input_file_ref idref="fl-3e"/>
      </object_component>
      <object_component id="oc-a6">
         <name>.debug_line</name>
         <load_address>0x16bb</load_address>
         <run_address>0x16bb</run_address>
         <size>0x3c</size>
         <input_file_ref idref="fl-47"/>
      </object_component>
      <object_component id="oc-20f">
         <name>.debug_line</name>
         <load_address>0x16f7</load_address>
         <run_address>0x16f7</run_address>
         <size>0x4e</size>
         <input_file_ref idref="fl-48"/>
      </object_component>
      <object_component id="oc-207">
         <name>.debug_line</name>
         <load_address>0x1745</load_address>
         <run_address>0x1745</run_address>
         <size>0x5e</size>
         <input_file_ref idref="fl-49"/>
      </object_component>
      <object_component id="oc-154">
         <name>.debug_line</name>
         <load_address>0x17a3</load_address>
         <run_address>0x17a3</run_address>
         <size>0x20</size>
         <input_file_ref idref="fl-4a"/>
      </object_component>
      <object_component id="oc-89">
         <name>.debug_line</name>
         <load_address>0x17c3</load_address>
         <run_address>0x17c3</run_address>
         <size>0x45</size>
         <input_file_ref idref="fl-4a"/>
      </object_component>
      <object_component id="oc-24e">
         <name>.debug_line</name>
         <load_address>0x1808</load_address>
         <run_address>0x1808</run_address>
         <size>0x20</size>
         <input_file_ref idref="fl-4b"/>
      </object_component>
      <object_component id="oc-1f0">
         <name>.debug_line</name>
         <load_address>0x1828</load_address>
         <run_address>0x1828</run_address>
         <size>0x9c</size>
         <input_file_ref idref="fl-4b"/>
      </object_component>
      <object_component id="oc-1c2">
         <name>.debug_line</name>
         <load_address>0x18c4</load_address>
         <run_address>0x18c4</run_address>
         <size>0x42</size>
         <input_file_ref idref="fl-4d"/>
      </object_component>
      <object_component id="oc-bf">
         <name>.debug_line</name>
         <load_address>0x1906</load_address>
         <run_address>0x1906</run_address>
         <size>0x3e</size>
         <input_file_ref idref="fl-4e"/>
      </object_component>
      <object_component id="oc-270">
         <name>.debug_line</name>
         <load_address>0x1944</load_address>
         <run_address>0x1944</run_address>
         <size>0x8d</size>
         <input_file_ref idref="fl-4f"/>
      </object_component>
      <object_component id="oc-1f9">
         <name>.debug_line</name>
         <load_address>0x19d1</load_address>
         <run_address>0x19d1</run_address>
         <size>0x46</size>
         <input_file_ref idref="fl-4f"/>
      </object_component>
      <object_component id="oc-235">
         <name>.debug_line</name>
         <load_address>0x1a17</load_address>
         <run_address>0x1a17</run_address>
         <size>0x42</size>
         <input_file_ref idref="fl-4f"/>
      </object_component>
      <object_component id="oc-23b">
         <name>.debug_line</name>
         <load_address>0x1a59</load_address>
         <run_address>0x1a59</run_address>
         <size>0x3d</size>
         <input_file_ref idref="fl-4f"/>
      </object_component>
      <object_component id="oc-274">
         <name>.debug_line</name>
         <load_address>0x1a96</load_address>
         <run_address>0x1a96</run_address>
         <size>0x7f</size>
         <input_file_ref idref="fl-4f"/>
      </object_component>
      <object_component id="oc-288">
         <name>.debug_line</name>
         <load_address>0x1b15</load_address>
         <run_address>0x1b15</run_address>
         <size>0x8e</size>
         <input_file_ref idref="fl-51"/>
      </object_component>
      <object_component id="oc-290">
         <name>.debug_line</name>
         <load_address>0x1ba3</load_address>
         <run_address>0x1ba3</run_address>
         <size>0x4f</size>
         <input_file_ref idref="fl-51"/>
      </object_component>
      <object_component id="oc-2a5">
         <name>.debug_line</name>
         <load_address>0x1bf2</load_address>
         <run_address>0x1bf2</run_address>
         <size>0x48</size>
         <input_file_ref idref="fl-51"/>
      </object_component>
      <object_component id="oc-296">
         <name>.debug_line</name>
         <load_address>0x1c3a</load_address>
         <run_address>0x1c3a</run_address>
         <size>0x4e</size>
         <input_file_ref idref="fl-51"/>
      </object_component>
      <object_component id="oc-27e">
         <name>.debug_line</name>
         <load_address>0x1c88</load_address>
         <run_address>0x1c88</run_address>
         <size>0x58</size>
         <input_file_ref idref="fl-51"/>
      </object_component>
      <object_component id="oc-25c">
         <name>.debug_line</name>
         <load_address>0x1ce0</load_address>
         <run_address>0x1ce0</run_address>
         <size>0x95</size>
         <input_file_ref idref="fl-51"/>
      </object_component>
      <object_component id="oc-262">
         <name>.debug_line</name>
         <load_address>0x1d75</load_address>
         <run_address>0x1d75</run_address>
         <size>0x56</size>
         <input_file_ref idref="fl-51"/>
      </object_component>
      <object_component id="oc-241">
         <name>.debug_line</name>
         <load_address>0x1dcb</load_address>
         <run_address>0x1dcb</run_address>
         <size>0x7d</size>
         <input_file_ref idref="fl-51"/>
      </object_component>
      <object_component id="oc-26d">
         <name>.debug_line</name>
         <load_address>0x1e48</load_address>
         <run_address>0x1e48</run_address>
         <size>0x80</size>
         <input_file_ref idref="fl-51"/>
      </object_component>
      <object_component id="oc-29b">
         <name>.debug_line</name>
         <load_address>0x1ec8</load_address>
         <run_address>0x1ec8</run_address>
         <size>0x2e</size>
         <input_file_ref idref="fl-51"/>
      </object_component>
      <object_component id="oc-15b">
         <name>.debug_line</name>
         <load_address>0x1ef6</load_address>
         <run_address>0x1ef6</run_address>
         <size>0x2e</size>
         <input_file_ref idref="fl-53"/>
      </object_component>
      <object_component id="oc-c1">
         <name>.debug_line</name>
         <load_address>0x1f24</load_address>
         <run_address>0x1f24</run_address>
         <size>0x7b</size>
         <input_file_ref idref="fl-53"/>
      </object_component>
      <object_component id="oc-15f">
         <name>.debug_line</name>
         <load_address>0x1f9f</load_address>
         <run_address>0x1f9f</run_address>
         <size>0x2e</size>
         <input_file_ref idref="fl-53"/>
      </object_component>
      <object_component id="oc-2a8">
         <name>.debug_line</name>
         <load_address>0x1fcd</load_address>
         <run_address>0x1fcd</run_address>
         <size>0x20</size>
         <input_file_ref idref="fl-54"/>
      </object_component>
      <object_component id="oc-284">
         <name>.debug_line</name>
         <load_address>0x1fed</load_address>
         <run_address>0x1fed</run_address>
         <size>0x48</size>
         <input_file_ref idref="fl-54"/>
      </object_component>
      <object_component id="oc-28a">
         <name>.debug_line</name>
         <load_address>0x2035</load_address>
         <run_address>0x2035</run_address>
         <size>0x20</size>
         <input_file_ref idref="fl-55"/>
      </object_component>
      <object_component id="oc-256">
         <name>.debug_line</name>
         <load_address>0x2055</load_address>
         <run_address>0x2055</run_address>
         <size>0x9a</size>
         <input_file_ref idref="fl-55"/>
      </object_component>
      <object_component id="oc-1d9">
         <name>.debug_frame</name>
         <load_address>0x0</load_address>
         <run_address>0x0</run_address>
         <size>0x71</size>
         <input_file_ref idref="fl-2"/>
      </object_component>
      <object_component id="oc-b1">
         <name>.debug_frame</name>
         <load_address>0x71</load_address>
         <run_address>0x71</run_address>
         <size>0x47</size>
         <input_file_ref idref="fl-2"/>
      </object_component>
      <object_component id="oc-186">
         <name>.debug_frame</name>
         <load_address>0xb8</load_address>
         <run_address>0xb8</run_address>
         <size>0x47</size>
         <input_file_ref idref="fl-3"/>
      </object_component>
      <object_component id="oc-138">
         <name>.debug_frame</name>
         <load_address>0xff</load_address>
         <run_address>0xff</run_address>
         <size>0x47</size>
         <input_file_ref idref="fl-3"/>
      </object_component>
      <object_component id="oc-13e">
         <name>.debug_frame</name>
         <load_address>0x146</load_address>
         <run_address>0x146</run_address>
         <size>0x5b</size>
         <input_file_ref idref="fl-3"/>
      </object_component>
      <object_component id="oc-1a4">
         <name>.debug_frame</name>
         <load_address>0x1a1</load_address>
         <run_address>0x1a1</run_address>
         <size>0x53</size>
         <input_file_ref idref="fl-3"/>
      </object_component>
      <object_component id="oc-1b5">
         <name>.debug_frame</name>
         <load_address>0x1f4</load_address>
         <run_address>0x1f4</run_address>
         <size>0x50</size>
         <input_file_ref idref="fl-3"/>
      </object_component>
      <object_component id="oc-1af">
         <name>.debug_frame</name>
         <load_address>0x244</load_address>
         <run_address>0x244</run_address>
         <size>0x52</size>
         <input_file_ref idref="fl-3"/>
      </object_component>
      <object_component id="oc-218">
         <name>.debug_frame</name>
         <load_address>0x296</load_address>
         <run_address>0x296</run_address>
         <size>0x5c</size>
         <input_file_ref idref="fl-3"/>
      </object_component>
      <object_component id="oc-1e0">
         <name>.debug_frame</name>
         <load_address>0x2f2</load_address>
         <run_address>0x2f2</run_address>
         <size>0x47</size>
         <input_file_ref idref="fl-5"/>
      </object_component>
      <object_component id="oc-1e9">
         <name>.debug_frame</name>
         <load_address>0x339</load_address>
         <run_address>0x339</run_address>
         <size>0x47</size>
         <input_file_ref idref="fl-5"/>
      </object_component>
      <object_component id="oc-22b">
         <name>.debug_frame</name>
         <load_address>0x380</load_address>
         <run_address>0x380</run_address>
         <size>0x47</size>
         <input_file_ref idref="fl-5"/>
      </object_component>
      <object_component id="oc-1e4">
         <name>.debug_frame</name>
         <load_address>0x3c7</load_address>
         <run_address>0x3c7</run_address>
         <size>0x47</size>
         <input_file_ref idref="fl-5"/>
      </object_component>
      <object_component id="oc-a8">
         <name>.debug_frame</name>
         <load_address>0x40e</load_address>
         <run_address>0x40e</run_address>
         <size>0x47</size>
         <input_file_ref idref="fl-5"/>
      </object_component>
      <object_component id="oc-dc">
         <name>.debug_frame</name>
         <load_address>0x455</load_address>
         <run_address>0x455</run_address>
         <size>0x47</size>
         <input_file_ref idref="fl-6"/>
      </object_component>
      <object_component id="oc-191">
         <name>.debug_frame</name>
         <load_address>0x49c</load_address>
         <run_address>0x49c</run_address>
         <size>0x50</size>
         <input_file_ref idref="fl-6"/>
      </object_component>
      <object_component id="oc-197">
         <name>.debug_frame</name>
         <load_address>0x4ec</load_address>
         <run_address>0x4ec</run_address>
         <size>0x56</size>
         <input_file_ref idref="fl-6"/>
      </object_component>
      <object_component id="oc-12b">
         <name>.debug_frame</name>
         <load_address>0x542</load_address>
         <run_address>0x542</run_address>
         <size>0x47</size>
         <input_file_ref idref="fl-6"/>
      </object_component>
      <object_component id="oc-140">
         <name>.debug_frame</name>
         <load_address>0x589</load_address>
         <run_address>0x589</run_address>
         <size>0x47</size>
         <input_file_ref idref="fl-6"/>
      </object_component>
      <object_component id="oc-146">
         <name>.debug_frame</name>
         <load_address>0x5d0</load_address>
         <run_address>0x5d0</run_address>
         <size>0x47</size>
         <input_file_ref idref="fl-6"/>
      </object_component>
      <object_component id="oc-1c0">
         <name>.debug_frame</name>
         <load_address>0x617</load_address>
         <run_address>0x617</run_address>
         <size>0x47</size>
         <input_file_ref idref="fl-6"/>
      </object_component>
      <object_component id="oc-150">
         <name>.debug_frame</name>
         <load_address>0x65e</load_address>
         <run_address>0x65e</run_address>
         <size>0x61</size>
         <input_file_ref idref="fl-6"/>
      </object_component>
      <object_component id="oc-65">
         <name>.debug_frame</name>
         <load_address>0x6bf</load_address>
         <run_address>0x6bf</run_address>
         <size>0x42</size>
         <input_file_ref idref="fl-37"/>
      </object_component>
      <object_component id="oc-32">
         <name>.debug_frame</name>
         <load_address>0x701</load_address>
         <run_address>0x701</run_address>
         <size>0x47</size>
         <input_file_ref idref="fl-38"/>
      </object_component>
      <object_component id="oc-9a">
         <name>.debug_frame</name>
         <load_address>0x748</load_address>
         <run_address>0x748</run_address>
         <size>0x51</size>
         <input_file_ref idref="fl-39"/>
      </object_component>
      <object_component id="oc-34">
         <name>.debug_frame</name>
         <load_address>0x799</load_address>
         <run_address>0x799</run_address>
         <size>0x47</size>
         <input_file_ref idref="fl-39"/>
      </object_component>
[...]
      </symbol>
      <symbol id="sm-3b">
         <name>CALDCO_12MHZ</name>
         <value>0x10fa</value>
      </symbol>
      <symbol id="sm-3c">
         <name>CALBC1_12MHZ</name>
         <value>0x10fb</value>
      </symbol>
      <symbol id="sm-3d">
         <name>CALDCO_8MHZ</name>
         <value>0x10fc</value>
      </symbol>
      <symbol id="sm-3e">
         <name>CALBC1_8MHZ</name>
         <value>0x10fd</value>
      </symbol>
      <symbol id="sm-3f">
         <name>CALDCO_1MHZ</name>
         <value>0x10fe</value>
      </symbol>
      <symbol id="sm-40">
         <name>CALBC1_1MHZ</name>
         <value>0x10ff</value>
      </symbol>
      <symbol id="sm-41">
         <name>__TI_CINIT_Base</name>
         <value>0xf3c6</value>
      </symbol>
      <symbol id="sm-42">
         <name>__TI_CINIT_Limit</name>
         <value>0xf3ce</value>
      </symbol>
      <symbol id="sm-43">
         <name>__TI_Handler_Table_Base</name>
         <value>0xf3bc</value>
      </symbol>
      <symbol id="sm-44">
         <name>__TI_Handler_Table_Limit</name>
         <value>0xf3c2</value>
      </symbol>
      <symbol id="sm-45">
         <name>binit</name>
         <value>0xffffffff</value>
      </symbol>
      <symbol id="sm-46">
         <name>__binit__</name>
         <value>0xffffffff</value>
      </symbol>
      <symbol id="sm-47">
         <name>__STACK_SIZE</name>
         <value>0x50</value>
      </symbol>
      <symbol id="sm-48">
         <name>__STACK_END</name>
         <value>0x300</value>
      </symbol>
      <symbol id="sm-49">
         <name>__c_args__</name>
         <value>0xffffffff</value>
      </symbol>
      <symbol id="sm-9b">
         <name>__TI_int10</name>
         <value>0xfff4</value>
         <object_component_ref idref="oc-3f"/>
      </symbol>
      <symbol id="sm-9c">
         <name>watchdog_timer</name>
         <value>0xf21c</value>
         <object_component_ref idref="oc-ad"/>
      </symbol>
      <symbol id="sm-9d">
         <name>TI_CTS_RO_PINOSC_TA0_WDTp_HAL</name>
         <value>0xe728</value>
         <object_component_ref idref="oc-1d5"/>
      </symbol>
      <symbol id="sm-10a">
         <name>baseCnt</name>
         <value>0x200</value>
      </symbol>
      <symbol id="sm-10b">
         <name>measCnt</name>
         <value>0x20c</value>
      </symbol>
      <symbol id="sm-10c">
         <name>TI_CAPT_Init_Baseline</name>
         <value>0xf1e0</value>
         <object_component_ref idref="oc-133"/>
      </symbol>
      <symbol id="sm-10d">
         <name>TI_CAPT_Update_Baseline</name>
         <value>0xebd6</value>
         <object_component_ref idref="oc-139"/>
      </symbol>
      <symbol id="sm-10e">
         <name>TI_CAPT_Button</name>
         <value>0xf0b0</value>
         <object_component_ref idref="oc-1b0"/>
      </symbol>
      <symbol id="sm-10f">
         <name>TI_CAPT_Wheel</name>
         <value>0xe3a6</value>
         <object_component_ref idref="oc-1aa"/>
      </symbol>
      <symbol id="sm-110">
         <name>ctsStatusReg</name>
         <value>0x21e</value>
         <object_component_ref idref="oc-203"/>
      </symbol>
      <symbol id="sm-111">
         <name>TI_CAPT_Raw</name>
         <value>0xf200</value>
         <object_component_ref idref="oc-181"/>
      </symbol>
      <symbol id="sm-112">
         <name>Dominant_Element</name>
         <value>0xe968</value>
         <object_component_ref idref="oc-213"/>
      </symbol>
      <symbol id="sm-113">
         <name>TI_CAPT_Custom</name>
         <value>0xe000</value>
         <object_component_ref idref="oc-19f"/>
      </symbol>
      <symbol id="sm-11d">
         <name>wheel</name>
         <value>0xf35e</value>
         <object_component_ref idref="oc-130"/>
      </symbol>
      <symbol id="sm-11e">
         <name>volume_down</name>
         <value>0xf322</value>
         <object_component_ref idref="oc-130"/>
      </symbol>
      <symbol id="sm-11f">
         <name>middle_button</name>
         <value>0xf372</value>
         <object_component_ref idref="oc-130"/>
      </symbol>
      <symbol id="sm-120">
         <name>left</name>
         <value>0xf340</value>
         <object_component_ref idref="oc-130"/>
      </symbol>
      <symbol id="sm-121">
         <name>proximity_element</name>
         <value>0xf354</value>
         <object_component_ref idref="oc-130"/>
      </symbol>
      <symbol id="sm-122">
         <name>proximity_sensor</name>
         <value>0xf386</value>
         <object_component_ref idref="oc-130"/>
      </symbol>
      <symbol id="sm-123">
         <name>middle_element</name>
         <value>0xf34a</value>
         <object_component_ref idref="oc-130"/>
      </symbol>
      <symbol id="sm-124">
         <name>right</name>
         <value>0xf32c</value>
         <object_component_ref idref="oc-130"/>
      </symbol>
      <symbol id="sm-125">
         <name>volume_up</name>
         <value>0xf336</value>
         <object_component_ref idref="oc-130"/>
      </symbol>
      <symbol id="sm-15d">
         <name>txData</name>
         <value>0x216</value>
      </symbol>
      <symbol id="sm-15e">
         <name>timerA_UART_mode</name>
         <value>0x220</value>
         <object_component_ref idref="oc-10c"/>
      </symbol>
      <symbol id="sm-15f">
         <name>__TI_int09</name>
         <value>0xfff2</value>
         <object_component_ref idref="oc-3e"/>
      </symbol>
      <symbol id="sm-160">
         <name>Timer_A0_ISR</name>
         <value>0xede0</value>
         <object_component_ref idref="oc-a7"/>
      </symbol>
      <symbol id="sm-161">
         <name>TimerA_UART_print</name>
         <value>0xf198</value>
         <object_component_ref idref="oc-1e2"/>
      </symbol>
      <symbol id="sm-162">
         <name>TimerA_UART_tx</name>
         <value>0xf010</value>
         <object_component_ref idref="oc-226"/>
      </symbol>
      <symbol id="sm-163">
         <name>TimerA_UART_shutdown</name>
         <value>0xf094</value>
         <object_component_ref idref="oc-1e8"/>
      </symbol>
      <symbol id="sm-164">
         <name>TimerA_UART_init</name>
         <value>0xef72</value>
         <object_component_ref idref="oc-1dc"/>
      </symbol>
      <symbol id="sm-1d9">
         <name>deltaCnts</name>
         <value>0x214</value>
      </symbol>
      <symbol id="sm-1da">
         <name>last_wheel_position</name>
         <value>0x21a</value>
         <object_component_ref idref="oc-1a7"/>
      </symbol>
      <symbol id="sm-1db">
         <name>GetGesture</name>
         <value>0xeb00</value>
         <object_component_ref idref="oc-1bb"/>
      </symbol>
      <symbol id="sm-1dc">
         <name>wheel_position</name>
         <value>0x218</value>
         <object_component_ref idref="oc-1a7"/>
      </symbol>
      <symbol id="sm-1dd">
         <name>display_value</name>
         <value>0x21c</value>
         <object_component_ref idref="oc-1a7"/>
      </symbol>
      <symbol id="sm-1de">
         <name>InitLaunchPadCore</name>
         <value>0xee2a</value>
         <object_component_ref idref="oc-12a"/>
      </symbol>
      <symbol id="sm-1df">
         <name>myprint</name>
         <value>0xf130</value>
         <object_component_ref idref="oc-190"/>
      </symbol>
      <symbol id="sm-1e0">
         <name>CapTouchIdleMode</name>
         <value>0xec38</value>
         <object_component_ref idref="oc-13f"/>
      </symbol>
      <symbol id="sm-1e1">
         <name>main</name>
         <value>0xeefc</value>
         <object_component_ref idref="oc-da"/>
      </symbol>
      <symbol id="sm-1e2">
         <name>MeasureCapBaseLine</name>
         <value>0xef3a</value>
         <object_component_ref idref="oc-145"/>
      </symbol>
      <symbol id="sm-1e3">
         <name>CapTouchActiveMode</name>
         <value>0xe568</value>
         <object_component_ref idref="oc-14b"/>
      </symbol>
      <symbol id="sm-1e4">
         <name>SendData</name>
         <value>0xeeba</value>
         <object_component_ref idref="oc-196"/>
      </symbol>
      <symbol id="sm-1ee">
         <name>_stack</name>
         <value>0x2b0</value>
         <object_component_ref idref="oc-84"/>
      </symbol>
      <symbol id="sm-1ef">
         <name>_reset_vector</name>
         <value>0xfffe</value>
         <object_component_ref idref="oc-87"/>
      </symbol>
      <symbol id="sm-1fa">
         <name>_c_int00_noargs_noexit</name>
         <value>0xf0ca</value>
         <object_component_ref idref="oc-60"/>
      </symbol>
      <symbol id="sm-210">
         <name>__TI_decompress_none</name>
         <value>0xf1bc</value>
         <object_component_ref idref="oc-2d"/>
      </symbol>
      <symbol id="sm-232">
         <name>__TI_decompress_rle24</name>
         <value>0xf22a</value>
         <object_component_ref idref="oc-33"/>
      </symbol>
      <symbol id="sm-24a">
         <name>__TI_zero_init</name>
         <value>0xf15c</value>
         <object_component_ref idref="oc-42"/>
      </symbol>
      <symbol id="sm-256">
         <name>__mspabi_remi</name>
         <value>0xf03c</value>
         <object_component_ref idref="oc-1b6"/>
      </symbol>
      <symbol id="sm-257">
         <name>__mspabi_divi</name>
         <value>0xf03c</value>
         <object_component_ref idref="oc-1b6"/>
      </symbol>
      <symbol id="sm-261">
         <name>__mspabi_remu</name>
         <value>0xf146</value>
         <object_component_ref idref="oc-219"/>
      </symbol>
      <symbol id="sm-262">
         <name>__mspabi_divu</name>
         <value>0xf146</value>
         <object_component_ref idref="oc-219"/>
      </symbol>
      <symbol id="sm-26b">
         <name>__mspabi_func_epilog_2</name>
         <value>0xf1fa</value>
         <object_component_ref idref="oc-103"/>
      </symbol>
      <symbol id="sm-26c">
         <name>__mspabi_func_epilog_3</name>
         <value>0xf1f8</value>
         <object_component_ref idref="oc-103"/>
      </symbol>
      <symbol id="sm-26d">
         <name>__mspabi_func_epilog_1</name>
         <value>0xf1fc</value>
         <object_component_ref idref="oc-103"/>
      </symbol>
      <symbol id="sm-26e">
         <name>__mspabi_func_epilog_6</name>
         <value>0xf1f2</value>
         <object_component_ref idref="oc-103"/>
      </symbol>
      <symbol id="sm-26f">
         <name>__mspabi_func_epilog_7</name>
         <value>0xf1f0</value>
         <object_component_ref idref="oc-103"/>
      </symbol>
      <symbol id="sm-270">
         <name>__mspabi_func_epilog_4</name>
         <value>0xf1f6</value>
         <object_component_ref idref="oc-103"/>
      </symbol>
      <symbol id="sm-271">
         <name>__mspabi_func_epilog_5</name>
         <value>0xf1f4</value>
         <object_component_ref idref="oc-103"/>
      </symbol>
      <symbol id="sm-27c">
         <name>C$$EXIT</name>
         <value>0xf234</value>
         <object_component_ref idref="oc-e2"/>
      </symbol>
      <symbol id="sm-27d">
         <name>abort</name>
         <value>0xf234</value>
         <object_component_ref idref="oc-e2"/>
      </symbol>
      <symbol id="sm-281">
         <name>__TI_int02</name>
         <value>0xffe4</value>
         <object_component_ref idref="oc-39"/>
      </symbol>
      <symbol id="sm-284">
         <name>__TI_int03</name>
         <value>0xffe6</value>
         <object_component_ref idref="oc-3a"/>
      </symbol>
      <symbol id="sm-287">
         <name>__TI_int04</name>
         <value>0xffe8</value>
         <object_component_ref idref="oc-3b"/>
      </symbol>
      <symbol id="sm-28a">
         <name>__TI_int05</name>
         <value>0xffea</value>
         <object_component_ref idref="oc-3c"/>
      </symbol>
      <symbol id="sm-28d">
         <name>__TI_int08</name>
         <value>0xfff0</value>
         <object_component_ref idref="oc-3d"/>
      </symbol>
      <symbol id="sm-290">
         <name>__TI_int11</name>
         <value>0xfff6</value>
         <object_component_ref idref="oc-40"/>
      </symbol>
      <symbol id="sm-293">
         <name>__TI_int14</name>
         <value>0xfffc</value>
         <object_component_ref idref="oc-41"/>
      </symbol>
      <symbol id="sm-29b">
         <name>__TI_ISR_TRAP</name>
         <value>0xf224</value>
         <object_component_ref idref="oc-a2"/>
      </symbol>
      <symbol id="sm-2a3">
         <name>__mspabi_slli</name>
         <value>0xf068</value>
         <object_component_ref idref="oc-20b"/>
      </symbol>
      <symbol id="sm-2a4">
         <name>__mspabi_slli_9</name>
         <value>0xf080</value>
         <object_component_ref idref="oc-20b"/>
      </symbol>
      <symbol id="sm-2a5">
         <name>__mspabi_slli_8</name>
         <value>0xf082</value>
         <object_component_ref idref="oc-20b"/>
      </symbol>
      <symbol id="sm-2a6">
         <name>__mspabi_slli_7</name>
         <value>0xf084</value>
         <object_component_ref idref="oc-20b"/>
      </symbol>
      <symbol id="sm-2a7">
         <name>__mspabi_slli_6</name>
         <value>0xf086</value>
         <object_component_ref idref="oc-20b"/>
      </symbol>
      <symbol id="sm-2a8">
         <name>__mspabi_slli_5</name>
         <value>0xf088</value>
         <object_component_ref idref="oc-20b"/>
      </symbol>
      <symbol id="sm-2a9">
         <name>__mspabi_slli_4</name>
         <value>0xf08a</value>
         <object_component_ref idref="oc-20b"/>
      </symbol>
      <symbol id="sm-2aa">
         <name>__mspabi_slli_3</name>
         <value>0xf08c</value>
         <object_component_ref idref="oc-20b"/>
      </symbol>
      <symbol id="sm-2ab">
         <name>__mspabi_slli_2</name>
         <value>0xf08e</value>
         <object_component_ref idref="oc-20b"/>
      </symbol>
      <symbol id="sm-2ac">
         <name>__mspabi_slli_1</name>
         <value>0xf090</value>
         <object_component_ref idref="oc-20b"/>
      </symbol>
      <symbol id="sm-2ad">
         <name>__mspabi_slli_15</name>
         <value>0xf074</value>
         <object_component_ref idref="oc-20b"/>
      </symbol>
      <symbol id="sm-2ae">
         <name>__mspabi_slli_14</name>
         <value>0xf076</value>
         <object_component_ref idref="oc-20b"/>
      </symbol>
      <symbol id="sm-2af">
         <name>__mspabi_slli_13</name>
         <value>0xf078</value>
         <object_component_ref idref="oc-20b"/>
      </symbol>
      <symbol id="sm-2b0">
         <name>__mspabi_slli_12</name>
         <value>0xf07a</value>
         <object_component_ref idref="oc-20b"/>
      </symbol>
      <symbol id="sm-2b1">
         <name>__mspabi_slli_11</name>
         <value>0xf07c</value>
         <object_component_ref idref="oc-20b"/>
      </symbol>
      <symbol id="sm-2b2">
         <name>__mspabi_slli_10</name>
         <value>0xf07e</value>
         <object_component_ref idref="oc-20b"/>
      </symbol>
      <symbol id="sm-2ba">
         <name>__mspabi_srli_8</name>
         <value>0xedbe</value>
         <object_component_ref idref="oc-206"/>
      </symbol>
      <symbol id="sm-2bb">
         <name>__mspabi_srli_9</name>
         <value>0xedba</value>
         <object_component_ref idref="oc-206"/>
      </symbol>
      <symbol id="sm-2bc">
         <name>__mspabi_srli_6</name>
         <value>0xedc6</value>
         <object_component_ref idref="oc-206"/>
      </symbol>
      <symbol id="sm-2bd">
         <name>__mspabi_srli_7</name>
         <value>0xedc2</value>
         <object_component_ref idref="oc-206"/>
      </symbol>
      <symbol id="sm-2be">
         <name>__mspabi_srli_4</name>
         <value>0xedce</value>
         <object_component_ref idref="oc-206"/>
      </symbol>
      <symbol id="sm-2bf">
         <name>__mspabi_srli_5</name>
         <value>0xedca</value>
         <object_component_ref idref="oc-206"/>
      </symbol>
      <symbol id="sm-2c0">
         <name>__mspabi_srli_2</name>
         <value>0xedd6</value>
         <object_component_ref idref="oc-206"/>
      </symbol>
      <symbol id="sm-2c1">
         <name>__mspabi_srli_3</name>
         <value>0xedd2</value>
         <object_component_ref idref="oc-206"/>
      </symbol>
      <symbol id="sm-2c2">
         <name>__mspabi_srli_1</name>
         <value>0xedda</value>
         <object_component_ref idref="oc-206"/>
      </symbol>
      <symbol id="sm-2c3">
         <name>__mspabi_srli</name>
         <value>0xed94</value>
         <object_component_ref idref="oc-206"/>
      </symbol>
      <symbol id="sm-2c4">
         <name>__mspabi_srli_15</name>
         <value>0xeda2</value>
         <object_component_ref idref="oc-206"/>
      </symbol>
      <symbol id="sm-2c5">
         <name>__mspabi_srli_14</name>
         <value>0xeda6</value>
         <object_component_ref idref="oc-206"/>
      </symbol>
      <symbol id="sm-2c6">
         <name>__mspabi_srli_13</name>
         <value>0xedaa</value>
         <object_component_ref idref="oc-206"/>
      </symbol>
      <symbol id="sm-2c7">
         <name>__mspabi_srli_12</name>
         <value>0xedae</value>
         <object_component_ref idref="oc-206"/>
      </symbol>
      <symbol id="sm-2c8">
         <name>__mspabi_srli_11</name>
         <value>0xedb2</value>
         <object_component_ref idref="oc-206"/>
      </symbol>
      <symbol id="sm-2c9">
         <name>__mspabi_srli_10</name>
         <value>0xedb6</value>
         <object_component_ref idref="oc-206"/>
      </symbol>
      <symbol id="sm-2d7">
         <name>memcpy</name>
         <value>0xf1ce</value>
         <object_component_ref idref="oc-88"/>
      </symbol>
      <symbol id="sm-2e5">
         <name>memset</name>
         <value>0xf170</value>
         <object_component_ref idref="oc-1ef"/>
      </symbol>
      <symbol id="sm-2f0">
         <name>__mspabi_mpyi_sw</name>
         <value>0xf184</value>
         <object_component_ref idref="oc-1c1"/>
      </symbol>
      <symbol id="sm-2f1">
         <name>__mspabi_mpyi</name>
         <value>0xf184</value>
         <object_component_ref idref="oc-1c1"/>
      </symbol>
      <symbol id="sm-2fa">
         <name>_system_pre_init</name>
         <value>0xf230</value>
         <object_component_ref idref="oc-ba"/>
      </symbol>
      <symbol id="sm-31b">
         <name>sprintf</name>
         <value>0xefaa</value>
         <object_component_ref idref="oc-1f5"/>
      </symbol>
      <symbol id="sm-383">
         <name>__TI_printfi_minimal</name>
         <value>0xea36</value>
         <object_component_ref idref="oc-23c"/>
      </symbol>
      <symbol id="sm-39c">
         <name>_auto_init</name>
         <value>0xec98</value>
         <object_component_ref idref="oc-c0"/>
      </symbol>
      <symbol id="sm-3ab">
         <name>memccpy</name>
         <value>0xf0fe</value>
         <object_component_ref idref="oc-27f"/>
      </symbol>
      <symbol id="sm-3b8">
         <name>strlen</name>
         <value>0xf20e</value>
         <object_component_ref idref="oc-251"/>
      </symbol>
      <symbol id="sm-3ba">
         <name>__TI_INITARRAY_Base</name>
         <value>0x0</value>
      </symbol>
      <symbol id="sm-3bb">
         <name>__TI_INITARRAY_Limit</name>
         <value>0x0</value>
      </symbol>
   </symbol_table>
   <title>Link successful</title>
</link_info>
