******************************************************************************
                  MSP430 Linker PC v4.4.6                      
******************************************************************************
>> Linked Wed Mar 23 14:59:03 2016

OUTPUT FILE NAME:   <ESD_Project.out>
ENTRY POINT SYMBOL: "_c_int00_noargs_noexit"  address: 0000f0ce


MEMORY CONFIGURATION

         name            origin    length      used     unused   attr    fill
----------------------  --------  ---------  --------  --------  ----  --------
  SFR                   00000000   00000010  00000000  00000010  RWIX
  PERIPHERALS_8BIT      00000010   000000f0  00000000  000000f0  RWIX
  PERIPHERALS_16BIT     00000100   00000100  00000000  00000100  RWIX
  RAM                   00000200   00000100  00000072  0000008e  RWIX
  INFOD                 00001000   00000040  00000000  00000040  RWIX
  INFOC                 00001040   00000040  00000000  00000040  RWIX
  INFOB                 00001080   00000040  00000000  00000040  RWIX
  INFOA                 000010c0   00000040  00000000  00000040  RWIX
  FLASH                 0000e000   00001fe0  000013d2  00000c0e  RWIX
  INT00                 0000ffe0   00000002  00000000  00000002  RWIX
  INT01                 0000ffe2   00000002  00000000  00000002  RWIX
  INT02                 0000ffe4   00000002  00000002  00000000  RWIX
  INT03                 0000ffe6   00000002  00000002  00000000  RWIX
  INT04                 0000ffe8   00000002  00000002  00000000  RWIX
  INT05                 0000ffea   00000002  00000002  00000000  RWIX
  INT06                 0000ffec   00000002  00000000  00000002  RWIX
  INT07                 0000ffee   00000002  00000000  00000002  RWIX
  INT08                 0000fff0   00000002  00000002  00000000  RWIX
  INT09                 0000fff2   00000002  00000002  00000000  RWIX
  INT10                 0000fff4   00000002  00000002  00000000  RWIX
  INT11                 0000fff6   00000002  00000002  00000000  RWIX
  INT12                 0000fff8   00000002  00000000  00000002  RWIX
  INT13                 0000fffa   00000002  00000000  00000002  RWIX
  INT14                 0000fffc   00000002  00000002  00000000  RWIX
  RESET                 0000fffe   00000002  00000002  00000000  RWIX


SECTION ALLOCATION MAP

 output                                  attributes/
section   page    origin      length       input sections
--------  ----  ----------  ----------   ----------------
.bss       0    00000200    00000018     UNINITIALIZED
                  00000200    0000000c     (.common:baseCnt)
                  0000020c    00000008     (.common:measCnt)
                  00000214    00000002     (.common:deltaCnts)
                  00000216    00000002     (.common:txData)

.data      0    00000218    0000000a     UNINITIALIZED
                  00000218    00000006     Smart_Lighting_System_main.obj (.data)
                  0000021e    00000002     CTS_Layer.obj (.data)
                  00000220    00000002     uart.obj (.data)

.TI.persistent 
*          0    00000218    00000000     UNINITIALIZED

.stack     0    000002b0    00000050     UNINITIALIZED
                  000002b0    00000002     rts430_eabi.lib : boot.obj (.stack)
                  000002b2    0000004e     --HOLE--

.text      0    0000e000    0000123c     
                  0000e000    000003a6     CTS_Layer.obj (.text:TI_CAPT_Custom)
                  0000e3a6    000001c2     CTS_Layer.obj (.text:TI_CAPT_Wheel)
                  0000e568    000001c0     Smart_Lighting_System_main.obj (.text:CapTouchActiveMode)
                  0000e728    0000012a     CTS_HAL.obj (.text:TI_CTS_RO_PINOSC_TA0_WDTp_HAL)
                  0000e852    00000116     rts430_eabi.lib : _printfi_min.obj (.text:_setfield)
                  0000e968    000000ce     CTS_Layer.obj (.text:Dominant_Element)
                  0000ea36    000000ca     rts430_eabi.lib : _printfi_min.obj (.text:__TI_printfi_minimal)
                  0000eb00    00000072     Smart_Lighting_System_main.obj (.text:GetGesture)
                  0000eb72    00000064     Smart_Lighting_System_main.obj (.text:CapTouchIdleMode)
                  0000ebd6    00000064     rts430_eabi.lib : copy_decompress_rle.obj (.text:__TI_decompress_rle_core)
                  0000ec3a    00000062     CTS_Layer.obj (.text:TI_CAPT_Update_Baseline)
                  0000ec9c    00000058     rts430_eabi.lib : autoinit.obj (.text:_auto_init)
                  0000ecf4    00000056                     : _printfi_min.obj (.text:_ltostr)
                  0000ed4a    0000004e                     : _printfi_min.obj (.text:_pproc_diouxp)
                  0000ed98    0000004c                     : lsr16.obj (.text)
                  0000ede4    0000004a     uart.obj (.text:Timer_A0_ISR)
                  0000ee2e    00000048     Smart_Lighting_System_main.obj (.text:InitLaunchPadCore)
                  0000ee76    00000048     rts430_eabi.lib : _printfi_min.obj (.text:_pproc_str)
                  0000eebe    00000042     Smart_Lighting_System_main.obj (.text:SendData)
                  0000ef00    0000003e     Smart_Lighting_System_main.obj (.text:main)
                  0000ef3e    00000038     Smart_Lighting_System_main.obj (.text:MeasureCapBaseLine)
                  0000ef76    00000038     uart.obj (.text:TimerA_UART_init)
                  0000efae    00000038     rts430_eabi.lib : sprintf.obj (.text:sprintf)
                  0000efe6    0000002e                     : _printfi_min.obj (.text:_getarg_diouxp)
                  0000f014    0000002c     uart.obj (.text:TimerA_UART_tx)
                  0000f040    0000002c     rts430_eabi.lib : div16s.obj (.text)
                  0000f06c    0000002c                     : lsl16.obj (.text)
                  0000f098    0000001c     uart.obj (.text:TimerA_UART_shutdown)
                  0000f0b4    0000001a     CTS_Layer.obj (.text:TI_CAPT_Button)
                  0000f0ce    0000001a     rts430_eabi.lib : boot_special.obj (.text:_c_int00_noargs_noexit)
                  0000f0e8    0000001a                     : sprintf.obj (.text:_outs)
                  0000f102    0000001a                     : memccpy.obj (.text:memccpy)
                  0000f11c    00000018                     : _printfi_min.obj (.text:_div)
                  0000f134    00000016     Smart_Lighting_System_main.obj (.text:myprint)
                  0000f14a    00000016     rts430_eabi.lib : div16u.obj (.text)
                  0000f160    00000014                     : copy_zero_init.obj (.text:decompress:ZI:__TI_zero_init)
                  0000f174    00000014                     : memset.obj (.text:memset)
                  0000f188    00000014                     : mult16.obj (.text)
                  0000f19c    00000012     uart.obj (.text:TimerA_UART_print)
                  0000f1ae    00000012     rts430_eabi.lib : sprintf.obj (.text:_outc)
                  0000f1c0    00000012                     : copy_decompress_none.obj (.text:decompress:none:__TI_decompress_none)
                  0000f1d2    00000012                     : memcpy.obj (.text:memcpy)
                  0000f1e4    00000010     CTS_Layer.obj (.text:TI_CAPT_Init_Baseline)
                  0000f1f4    00000010     rts430_eabi.lib : epilog.obj (.text)
                  0000f204    0000000e     CTS_Layer.obj (.text:TI_CAPT_Raw)
                  0000f212    0000000e     rts430_eabi.lib : strlen.obj (.text:strlen)
                  0000f220    00000008     CTS_HAL.obj (.text:watchdog_timer)
                  0000f228    00000006     rts430_eabi.lib : isr_trap.obj (.text:_isr:__TI_ISR_TRAP)
                  0000f22e    00000006                     : copy_decompress_rle.obj (.text:decompress:rle24:__TI_decompress_rle24)
                  0000f234    00000004                     : pre_init.obj (.text:_system_pre_init)
                  0000f238    00000004                     : exit.obj (.text:abort)

.const     0    0000f23c    00000176     
                  0000f23c    000000ea     Smart_Lighting_System_main.obj (.const:.string)
                  0000f326    00000078     structure.obj (.const)
                  0000f39e    00000014     rts430_eabi.lib : _printfi_min.obj (.const:.string)

.cinit     0    0000f3b2    00000020     
                  0000f3b2    0000000e     (.cinit..data.load) [load image]
                  0000f3c0    00000006     (__TI_handler_table)
                  0000f3c6    00000004     (.cinit..bss.load) [load image, compression = zero_init]
                  0000f3ca    00000008     (__TI_cinit_table)

.init_array 
*          0    0000e000    00000000     UNINITIALIZED

PORT1      0    0000ffe4    00000002     
                  0000ffe4    00000002     rts430_eabi.lib : int02.obj (.int02)

PORT2      0    0000ffe6    00000002     
                  0000ffe6    00000002     rts430_eabi.lib : int03.obj (.int03)

USI        0    0000ffe8    00000002     
                  0000ffe8    00000002     rts430_eabi.lib : int04.obj (.int04)

ADC10      0    0000ffea    00000002     
                  0000ffea    00000002     rts430_eabi.lib : int05.obj (.int05)

TIMER0_A1 
*          0    0000fff0    00000002     
                  0000fff0    00000002     rts430_eabi.lib : int08.obj (.int08)

TIMER0_A0 
*          0    0000fff2    00000002     
                  0000fff2    00000002     uart.obj (.int09)

WDT        0    0000fff4    00000002     
                  0000fff4    00000002     CTS_HAL.obj (.int10)

COMPARATORA 
*          0    0000fff6    00000002     
                  0000fff6    00000002     rts430_eabi.lib : int11.obj (.int11)

NMI        0    0000fffc    00000002     
                  0000fffc    00000002     rts430_eabi.lib : int14.obj (.int14)

.reset     0    0000fffe    00000002     
                  0000fffe    00000002     rts430_eabi.lib : boot.obj (.reset)


LINKER GENERATED COPY TABLES

__TI_cinit_table @ 0000f3ca records: 2, size/record: 4, table size: 8
	.data: load addr=0000f3b2, load size=0000000e bytes, run addr=00000218, run size=0000000a bytes, compression=copy
	.bss: load addr=0000f3c6, load size=00000004 bytes, run addr=00000200, run size=00000018 bytes, compression=zero_init


LINKER GENERATED HANDLER TABLE

__TI_handler_table @ 0000f3c0 records: 3, size/record: 2, table size: 6
	index: 0, handler: __TI_zero_init
	index: 1, handler: __TI_decompress_rle24
	index: 2, handler: __TI_decompress_none


GLOBAL SYMBOLS: SORTED ALPHABETICALLY BY Name 

address   name                         
-------   ----                         
0000004a  ADC10AE0                     
000001b0  ADC10CTL0                    
000001b2  ADC10CTL1                    
00000048  ADC10DTC0                    
00000049  ADC10DTC1                    
000001b4  ADC10MEM                     
000001bc  ADC10SA                      
00000057  BCSCTL1                      
00000058  BCSCTL2                      
00000053  BCSCTL3                      
0000f238  C$$EXIT                      
00000059  CACTL1                       
0000005a  CACTL2                       
000010fb  CALBC1_12MHZ                 
000010f9  CALBC1_16MHZ                 
000010ff  CALBC1_1MHZ                  
000010fd  CALBC1_8MHZ                  
000010fa  CALDCO_12MHZ                 
000010f8  CALDCO_16MHZ                 
000010fe  CALDCO_1MHZ                  
000010fc  CALDCO_8MHZ                  
0000005b  CAPD                         
0000e568  CapTouchActiveMode           
0000eb72  CapTouchIdleMode             
00000056  DCOCTL                       
0000e968  Dominant_Element             
00000128  FCTL1                        
0000012a  FCTL2                        
0000012c  FCTL3                        
0000eb00  GetGesture                   
00000000  IE1                          
00000002  IFG1                         
0000ee2e  InitLaunchPadCore            
0000ef3e  MeasureCapBaseLine           
00000022  P1DIR                        
00000025  P1IE                         
00000024  P1IES                        
00000023  P1IFG                        
00000020  P1IN                         
00000021  P1OUT                        
00000027  P1REN                        
00000026  P1SEL                        
00000041  P1SEL2                       
0000002a  P2DIR                        
0000002d  P2IE                         
0000002c  P2IES                        
0000002b  P2IFG                        
00000028  P2IN                         
00000029  P2OUT                        
0000002f  P2REN                        
0000002e  P2SEL                        
00000042  P2SEL2                       
0000eebe  SendData                     
00000172  TA0CCR0                      
00000174  TA0CCR1                      
00000176  TA0CCR2                      
00000162  TA0CCTL0                     
00000164  TA0CCTL1                     
00000166  TA0CCTL2                     
00000160  TA0CTL                       
0000012e  TA0IV                        
00000170  TA0R                         
0000f0b4  TI_CAPT_Button               
0000e000  TI_CAPT_Custom               
0000f1e4  TI_CAPT_Init_Baseline        
0000f204  TI_CAPT_Raw                  
0000ec3a  TI_CAPT_Update_Baseline      
0000e3a6  TI_CAPT_Wheel                
0000e728  TI_CTS_RO_PINOSC_TA0_WDTp_HAL
0000ef76  TimerA_UART_init             
0000f19c  TimerA_UART_print            
0000f098  TimerA_UART_shutdown         
0000f014  TimerA_UART_tx               
0000ede4  Timer_A0_ISR                 
0000007a  USICCTL                      
0000007a  USICKCTL                     
0000007b  USICNT                       
00000078  USICTL                       
00000078  USICTL0                      
00000079  USICTL1                      
0000007c  USISR                        
0000007d  USISRH                       
0000007c  USISRL                       
00000120  WDTCTL                       
00000300  __STACK_END                  
00000050  __STACK_SIZE                 
0000f3ca  __TI_CINIT_Base              
0000f3d2  __TI_CINIT_Limit             
0000f3c0  __TI_Handler_Table_Base      
0000f3c6  __TI_Handler_Table_Limit     
UNDEFED   __TI_INITARRAY_Base          
UNDEFED   __TI_INITARRAY_Limit         
0000f228  __TI_ISR_TRAP                
0000f1c0  __TI_decompress_none         
0000f22e  __TI_decompress_rle24        
0000ffe4  __TI_int02                   
0000ffe6  __TI_int03                   
0000ffe8  __TI_int04                   
0000ffea  __TI_int05                   
0000fff0  __TI_int08                   
0000fff2  __TI_int09                   
0000fff4  __TI_int10                   
0000fff6  __TI_int11                   
0000fffc  __TI_int14                   
0000ea36  __TI_printfi_minimal         
0000f160  __TI_zero_init               
ffffffff  __binit__                    
ffffffff  __c_args__                   
0000f040  __mspabi_divi                
0000f14a  __mspabi_divu                
0000f200  __mspabi_func_epilog_1       
0000f1fe  __mspabi_func_epilog_2       
0000f1fc  __mspabi_func_epilog_3       
0000f1fa  __mspabi_func_epilog_4       
0000f1f8  __mspabi_func_epilog_5       
0000f1f6  __mspabi_func_epilog_6       
0000f1f4  __mspabi_func_epilog_7       
0000f188  __mspabi_mpyi                
0000f188  __mspabi_mpyi_sw             
0000f040  __mspabi_remi                
0000f14a  __mspabi_remu                
0000f06c  __mspabi_slli                
0000f094  __mspabi_slli_1              
0000f082  __mspabi_slli_10             
0000f080  __mspabi_slli_11             
0000f07e  __mspabi_slli_12             
0000f07c  __mspabi_slli_13             
0000f07a  __mspabi_slli_14             
0000f078  __mspabi_slli_15             
0000f092  __mspabi_slli_2              
0000f090  __mspabi_slli_3              
0000f08e  __mspabi_slli_4              
0000f08c  __mspabi_slli_5              
0000f08a  __mspabi_slli_6              
0000f088  __mspabi_slli_7              
0000f086  __mspabi_slli_8              
0000f084  __mspabi_slli_9              
0000ed98  __mspabi_srli                
0000edde  __mspabi_srli_1              
0000edba  __mspabi_srli_10             
0000edb6  __mspabi_srli_11             
0000edb2  __mspabi_srli_12             
0000edae  __mspabi_srli_13             
0000edaa  __mspabi_srli_14             
0000eda6  __mspabi_srli_15             
0000edda  __mspabi_srli_2              
0000edd6  __mspabi_srli_3              
0000edd2  __mspabi_srli_4              
0000edce  __mspabi_srli_5              
0000edca  __mspabi_srli_6              
0000edc6  __mspabi_srli_7              
0000edc2  __mspabi_srli_8              
0000edbe  __mspabi_srli_9              
0000ec9c  _auto_init                   
0000f0ce  _c_int00_noargs_noexit       
0000fffe  _reset_vector                
000002b0  _stack                       
0000f234  _system_pre_init             
0000f238  abort                        
00000200  baseCnt                      
ffffffff  binit                        
0000021e  ctsStatusReg                 
00000214  deltaCnts                    
0000021c  display_value                
0000021a  last_wheel_position          
0000f344  left                         
0000ef00  main                         
0000020c  measCnt                      
0000f102  memccpy                      
0000f1d2  memcpy                       
0000f174  memset                       
0000f376  middle_button                
0000f34e  middle_element               
0000f134  myprint                      
0000f358  proximity_element            
0000f38a  proximity_sensor             
0000f330  right                        
0000efae  sprintf                      
0000f212  strlen                       
00000220  timerA_UART_mode             
00000216  txData                       
0000f326  volume_down                  
0000f33a  volume_up                    
0000f220  watchdog_timer               
0000f362  wheel                        
00000218  wheel_position               


GLOBAL SYMBOLS: SORTED BY Symbol Address 

address   name                         
-------   ----                         
00000000  IE1                          
00000002  IFG1                         
00000020  P1IN                         
00000021  P1OUT                        
00000022  P1DIR                        
00000023  P1IFG                        
00000024  P1IES                        
00000025  P1IE                         
00000026  P1SEL                        
00000027  P1REN                        
00000028  P2IN                         
00000029  P2OUT                        
0000002a  P2DIR                        
0000002b  P2IFG                        
0000002c  P2IES                        
0000002d  P2IE                         
0000002e  P2SEL                        
0000002f  P2REN                        
00000041  P1SEL2                       
00000042  P2SEL2                       
00000048  ADC10DTC0                    
00000049  ADC10DTC1                    
0000004a  ADC10AE0                     
00000050  __STACK_SIZE                 
00000053  BCSCTL3                      
00000056  DCOCTL                       
00000057  BCSCTL1                      
00000058  BCSCTL2                      
00000059  CACTL1                       
0000005a  CACTL2                       
0000005b  CAPD                         
00000078  USICTL                       
00000078  USICTL0                      
00000079  USICTL1                      
0000007a  USICCTL                      
0000007a  USICKCTL                     
0000007b  USICNT                       
0000007c  USISR                        
0000007c  USISRL                       
0000007d  USISRH                       
00000120  WDTCTL                       
00000128  FCTL1                        
0000012a  FCTL2                        
0000012c  FCTL3                        
0000012e  TA0IV                        
00000160  TA0CTL                       
00000162  TA0CCTL0                     
00000164  TA0CCTL1                     
00000166  TA0CCTL2                     
00000170  TA0R                         
00000172  TA0CCR0                      
00000174  TA0CCR1                      
00000176  TA0CCR2                      
000001b0  ADC10CTL0                    
000001b2  ADC10CTL1                    
000001b4  ADC10MEM                     
000001bc  ADC10SA                      
00000200  baseCnt                      
0000020c  measCnt                      
00000214  deltaCnts                    
00000216  txData                       
00000218  wheel_position               
0000021a  last_wheel_position          
0000021c  display_value                
0000021e  ctsStatusReg                 
00000220  timerA_UART_mode             
000002b0  _stack                       
00000300  __STACK_END                  
000010f8  CALDCO_16MHZ                 
000010f9  CALBC1_16MHZ                 
000010fa  CALDCO_12MHZ                 
000010fb  CALBC1_12MHZ                 
000010fc  CALDCO_8MHZ                  
000010fd  CALBC1_8MHZ                  
000010fe  CALDCO_1MHZ                  
000010ff  CALBC1_1MHZ                  
0000e000  TI_CAPT_Custom               
0000e3a6  TI_CAPT_Wheel                
0000e568  CapTouchActiveMode           
0000e728  TI_CTS_RO_PINOSC_TA0_WDTp_HAL
0000e968  Dominant_Element             
0000ea36  __TI_printfi_minimal         
0000eb00  GetGesture                   
0000eb72  CapTouchIdleMode             
0000ec3a  TI_CAPT_Update_Baseline      
0000ec9c  _auto_init                   
0000ed98  __mspabi_srli                
0000eda6  __mspabi_srli_15             
0000edaa  __mspabi_srli_14             
0000edae  __mspabi_srli_13             
0000edb2  __mspabi_srli_12             
0000edb6  __mspabi_srli_11             
0000edba  __mspabi_srli_10             
0000edbe  __mspabi_srli_9              
0000edc2  __mspabi_srli_8              
0000edc6  __mspabi_srli_7              
0000edca  __mspabi_srli_6              
0000edce  __mspabi_srli_5              
0000edd2  __mspabi_srli_4              
0000edd6  __mspabi_srli_3              
0000edda  __mspabi_srli_2              
0000edde  __mspabi_srli_1              
0000ede4  Timer_A0_ISR                 
0000ee2e  InitLaunchPadCore            
0000eebe  SendData                     
0000ef00  main                         
0000ef3e  MeasureCapBaseLine           
0000ef76  TimerA_UART_init             
0000efae  sprintf                      
0000f014  TimerA_UART_tx               
0000f040  __mspabi_divi                
0000f040  __mspabi_remi                
0000f06c  __mspabi_slli                
0000f078  __mspabi_slli_15             
0000f07a  __mspabi_slli_14             
0000f07c  __mspabi_slli_13             
0000f07e  __mspabi_slli_12             
0000f080  __mspabi_slli_11             
0000f082  __mspabi_slli_10             
0000f084  __mspabi_slli_9              
0000f086  __mspabi_slli_8              
0000f088  __mspabi_slli_7              
0000f08a  __mspabi_slli_6              
0000f08c  __mspabi_slli_5              
0000f08e  __mspabi_slli_4              
0000f090  __mspabi_slli_3              
0000f092  __mspabi_slli_2              
0000f094  __mspabi_slli_1              
0000f098  TimerA_UART_shutdown         
0000f0b4  TI_CAPT_Button               
0000f0ce  _c_int00_noargs_noexit       
0000f102  memccpy                      
0000f134  myprint                      
0000f14a  __mspabi_divu                
0000f14a  __mspabi_remu                
0000f160  __TI_zero_init               
0000f174  memset                       
0000f188  __mspabi_mpyi                
0000f188  __mspabi_mpyi_sw             
0000f19c  TimerA_UART_print            
0000f1c0  __TI_decompress_none         
0000f1d2  memcpy                       
0000f1e4  TI_CAPT_Init_Baseline        
0000f1f4  __mspabi_func_epilog_7       
0000f1f6  __mspabi_func_epilog_6       
0000f1f8  __mspabi_func_epilog_5       
0000f1fa  __mspabi_func_epilog_4       
0000f1fc  __mspabi_func_epilog_3       
0000f1fe  __mspabi_func_epilog_2       
0000f200  __mspabi_func_epilog_1       
0000f204  TI_CAPT_Raw                  
0000f212  strlen                       
0000f220  watchdog_timer               
0000f228  __TI_ISR_TRAP                
0000f22e  __TI_decompress_rle24        
0000f234  _system_pre_init             
0000f238  C$$EXIT                      
0000f238  abort                        
0000f326  volume_down                  
0000f330  right                        
0000f33a  volume_up                    
0000f344  left                         
0000f34e  middle_element               
0000f358  proximity_element            
0000f362  wheel                        
0000f376  middle_button                
0000f38a  proximity_sensor             
0000f3c0  __TI_Handler_Table_Base      
0000f3c6  __TI_Handler_Table_Limit     
0000f3ca  __TI_CINIT_Base              
0000f3d2  __TI_CINIT_Limit             
0000ffe4  __TI_int02                   
0000ffe6  __TI_int03                   
0000ffe8  __TI_int04                   
0000ffea  __TI_int05                   
0000fff0  __TI_int08                   
0000fff2  __TI_int09                   
0000fff4  __TI_int10                   
0000fff6  __TI_int11                   
0000fffc  __TI_int14                   
0000fffe  _reset_vector                
ffffffff  __binit__                    
ffffffff  __c_args__                   
ffffffff  binit                        
UNDEFED   __TI_INITARRAY_Base          
UNDEFED   __TI_INITARRAY_Limit         

[186 symbols]
